Archive member included because of file (symbol)

/Users/maticknap/ARM/gcc-arm-none-eabi-4_8-2014q2/bin/../lib/gcc/arm-none-eabi/4.8.4/armv7e-m/softfp/libgcc.a(_arm_addsubdf3.o)
                              obj/App/Common/Minimal/flop.o (__aeabi_dsub)
/Users/maticknap/ARM/gcc-arm-none-eabi-4_8-2014q2/bin/../lib/gcc/arm-none-eabi/4.8.4/armv7e-m/softfp/libgcc.a(_arm_muldivdf3.o)
                              obj/App/Common/Minimal/flop.o (__aeabi_dmul)
/Users/maticknap/ARM/gcc-arm-none-eabi-4_8-2014q2/bin/../lib/gcc/arm-none-eabi/4.8.4/armv7e-m/softfp/libgcc.a(_arm_cmpdf2.o)
                              obj/App/Common/Minimal/flop.o (__aeabi_dcmpgt)
/Users/maticknap/ARM/gcc-arm-none-eabi-4_8-2014q2/bin/../lib/gcc/arm-none-eabi/4.8.4/../../../../arm-none-eabi/lib/armv7e-m/softfp/libc.a(lib_a-atoi.o)
                              obj/App/STM32F4-Discovery/tcpCLI.o (atoi)
/Users/maticknap/ARM/gcc-arm-none-eabi-4_8-2014q2/bin/../lib/gcc/arm-none-eabi/4.8.4/../../../../arm-none-eabi/lib/armv7e-m/softfp/libc.a(lib_a-exit.o)
                              /Users/maticknap/ARM/gcc-arm-none-eabi-4_8-2014q2/bin/../lib/gcc/arm-none-eabi/4.8.4/../../../../arm-none-eabi/lib/armv7e-m/softfp/crt0.o (exit)
/Users/maticknap/ARM/gcc-arm-none-eabi-4_8-2014q2/bin/../lib/gcc/arm-none-eabi/4.8.4/../../../../arm-none-eabi/lib/armv7e-m/softfp/libc.a(lib_a-impure.o)
                              /Users/maticknap/ARM/gcc-arm-none-eabi-4_8-2014q2/bin/../lib/gcc/arm-none-eabi/4.8.4/../../../../arm-none-eabi/lib/armv7e-m/softfp/libc.a(lib_a-exit.o) (_global_impure_ptr)
/Users/maticknap/ARM/gcc-arm-none-eabi-4_8-2014q2/bin/../lib/gcc/arm-none-eabi/4.8.4/../../../../arm-none-eabi/lib/armv7e-m/softfp/libc.a(lib_a-init.o)
                              /Users/maticknap/ARM/gcc-arm-none-eabi-4_8-2014q2/bin/../lib/gcc/arm-none-eabi/4.8.4/../../../../arm-none-eabi/lib/armv7e-m/softfp/crt0.o (__libc_init_array)
/Users/maticknap/ARM/gcc-arm-none-eabi-4_8-2014q2/bin/../lib/gcc/arm-none-eabi/4.8.4/../../../../arm-none-eabi/lib/armv7e-m/softfp/libc.a(lib_a-memcmp.o)
                              obj/Source/tasks.o (memcmp)
/Users/maticknap/ARM/gcc-arm-none-eabi-4_8-2014q2/bin/../lib/gcc/arm-none-eabi/4.8.4/../../../../arm-none-eabi/lib/armv7e-m/softfp/libc.a(lib_a-memcpy.o)
                              obj/App/STM32F4-Discovery/W5200.o (memcpy)
/Users/maticknap/ARM/gcc-arm-none-eabi-4_8-2014q2/bin/../lib/gcc/arm-none-eabi/4.8.4/../../../../arm-none-eabi/lib/armv7e-m/softfp/libc.a(lib_a-memset.o)
                              /Users/maticknap/ARM/gcc-arm-none-eabi-4_8-2014q2/bin/../lib/gcc/arm-none-eabi/4.8.4/../../../../arm-none-eabi/lib/armv7e-m/softfp/crt0.o (memset)
/Users/maticknap/ARM/gcc-arm-none-eabi-4_8-2014q2/bin/../lib/gcc/arm-none-eabi/4.8.4/../../../../arm-none-eabi/lib/armv7e-m/softfp/libc.a(lib_a-strcpy.o)
                              obj/App/STM32F4-Discovery/W5200.o (strcpy)
/Users/maticknap/ARM/gcc-arm-none-eabi-4_8-2014q2/bin/../lib/gcc/arm-none-eabi/4.8.4/../../../../arm-none-eabi/lib/armv7e-m/softfp/libc.a(lib_a-strlen.o)
                              obj/App/STM32F4-Discovery/W5200.o (strlen)
/Users/maticknap/ARM/gcc-arm-none-eabi-4_8-2014q2/bin/../lib/gcc/arm-none-eabi/4.8.4/../../../../arm-none-eabi/lib/armv7e-m/softfp/libc.a(lib_a-strncmp.o)
                              obj/App/STM32F4-Discovery/tcpCLI.o (strncmp)
/Users/maticknap/ARM/gcc-arm-none-eabi-4_8-2014q2/bin/../lib/gcc/arm-none-eabi/4.8.4/../../../../arm-none-eabi/lib/armv7e-m/softfp/libc.a(lib_a-strncpy.o)
                              obj/Source/FreeRTOS-Plus-CLI/FreeRTOS_CLI.o (strncpy)
/Users/maticknap/ARM/gcc-arm-none-eabi-4_8-2014q2/bin/../lib/gcc/arm-none-eabi/4.8.4/../../../../arm-none-eabi/lib/armv7e-m/softfp/libc.a(lib_a-strtol.o)
                              /Users/maticknap/ARM/gcc-arm-none-eabi-4_8-2014q2/bin/../lib/gcc/arm-none-eabi/4.8.4/../../../../arm-none-eabi/lib/armv7e-m/softfp/libc.a(lib_a-atoi.o) (_strtol_r)
/Users/maticknap/ARM/gcc-arm-none-eabi-4_8-2014q2/bin/../lib/gcc/arm-none-eabi/4.8.4/../../../../arm-none-eabi/lib/armv7e-m/softfp/libc.a(lib_a-__call_atexit.o)
                              /Users/maticknap/ARM/gcc-arm-none-eabi-4_8-2014q2/bin/../lib/gcc/arm-none-eabi/4.8.4/../../../../arm-none-eabi/lib/armv7e-m/softfp/libc.a(lib_a-exit.o) (__call_exitprocs)
/Users/maticknap/ARM/gcc-arm-none-eabi-4_8-2014q2/bin/../lib/gcc/arm-none-eabi/4.8.4/../../../../arm-none-eabi/lib/armv7e-m/softfp/libc.a(lib_a-atexit.o)
                              /Users/maticknap/ARM/gcc-arm-none-eabi-4_8-2014q2/bin/../lib/gcc/arm-none-eabi/4.8.4/../../../../arm-none-eabi/lib/armv7e-m/softfp/libc.a(lib_a-__call_atexit.o) (atexit)
/Users/maticknap/ARM/gcc-arm-none-eabi-4_8-2014q2/bin/../lib/gcc/arm-none-eabi/4.8.4/../../../../arm-none-eabi/lib/armv7e-m/softfp/libc.a(lib_a-ctype_.o)
[...]
Memory Configuration

Name             Origin             Length             Attributes
FLASH            0x0000000008000000 0x0000000000100000 xr
RAM              0x0000000020000000 0x0000000000030000 xrw
MEMORY_B1        0x0000000060000000 0x0000000000000000 xr
*default*        0x0000000000000000 0xffffffffffffffff

Linker script and memory map

LOAD /Users/maticknap/ARM/gcc-arm-none-eabi-4_8-2014q2/bin/../lib/gcc/arm-none-eabi/4.8.4/armv7e-m/softfp/crti.o
LOAD /Users/maticknap/ARM/gcc-arm-none-eabi-4_8-2014q2/bin/../lib/gcc/arm-none-eabi/4.8.4/armv7e-m/softfp/crtbegin.o
LOAD /Users/maticknap/ARM/gcc-arm-none-eabi-4_8-2014q2/bin/../lib/gcc/arm-none-eabi/4.8.4/../../../../arm-none-eabi/lib/armv7e-m/softfp/crt0.o
LOAD obj/App/STM32F4-Discovery/spi.o
LOAD obj/App/STM32F4-Discovery/W5200.o
LOAD obj/App/STM32F4-Discovery/modbus_mk.o
LOAD obj/App/STM32F4-Discovery/tcpCLI.o
LOAD obj/App/STM32F4-Discovery/printf-stdarg.o
LOAD obj/App/STM32F4-Discovery/main.o
LOAD obj/App/STM32F4-Discovery/startup/startup_stm32f4xx.o
LOAD obj/App/STM32F4-Discovery/startup/system_stm32f4xx.o
LOAD obj/Source/tasks.o
LOAD obj/Source/queue.o
LOAD obj/Source/list.o
LOAD obj/Source/croutine.o
LOAD obj/Source/portable/GCC/ARM_CM4F/port.o
LOAD obj/Source/timers.o
LOAD obj/Source/printf.o
LOAD obj/Source/FreeRTOS-Plus-CLI/FreeRTOS_CLI.o
LOAD obj/Source/portable/MemMang/heap_4.o
LOAD obj/App/Common/Minimal/BlockQ.o
LOAD obj/App/Common/Minimal/blocktim.o
LOAD obj/App/Common/Minimal/countsem.o
LOAD obj/App/Common/Minimal/death.o
LOAD obj/App/Common/Minimal/dynamic.o
LOAD obj/App/Common/Minimal/flash.o
LOAD obj/App/Common/Minimal/flop.o
LOAD obj/App/Common/Minimal/GenQTest.o
LOAD obj/App/Common/Minimal/integer.o
LOAD obj/App/Common/Minimal/PollQ.o
LOAD obj/App/Common/Minimal/recmutex.o
LOAD obj/App/Common/Minimal/semtest.o
LOAD obj/App/STM32F4-Discovery/board/stm32f4_discovery.o
LOAD obj/App/STM32F4-Discovery/Libraries/STM32F4xx_StdPeriph_Driver/src/misc.o
LOAD obj/App/STM32F4-Discovery/Libraries/STM32F4xx_StdPeriph_Driver/src/stm32f4xx_adc.o
LOAD obj/App/STM32F4-Discovery/Libraries/STM32F4xx_StdPeriph_Driver/src/stm32f4xx_can.o
LOAD obj/App/STM32F4-Discovery/Libraries/STM32F4xx_StdPeriph_Driver/src/stm32f4xx_crc.o
LOAD obj/App/STM32F4-Discovery/Libraries/STM32F4xx_StdPeriph_Driver/src/stm32f4xx_cryp.o
LOAD obj/App/STM32F4-Discovery/Libraries/STM32F4xx_StdPeriph_Driver/src/stm32f4xx_cryp_aes.o
LOAD obj/App/STM32F4-Discovery/Libraries/STM32F4xx_StdPeriph_Driver/src/stm32f4xx_cryp_des.o
LOAD obj/App/STM32F4-Discovery/Libraries/STM32F4xx_StdPeriph_Driver/src/stm32f4xx_cryp_tdes.o
LOAD obj/App/STM32F4-Discovery/Libraries/STM32F4xx_StdPeriph_Driver/src/stm32f4xx_dac.o
LOAD obj/App/STM32F4-Discovery/Libraries/STM32F4xx_StdPeriph_Driver/src/stm32f4xx_dbgmcu.o
LOAD obj/App/STM32F4-Discovery/Libraries/STM32F4xx_StdPeriph_Driver/src/stm32f4xx_dcmi.o
LOAD obj/App/STM32F4-Discovery/Libraries/STM32F4xx_StdPeriph_Driver/src/stm32f4xx_dma.o
LOAD obj/App/STM32F4-Discovery/Libraries/STM32F4xx_StdPeriph_Driver/src/stm32f4xx_exti.o
LOAD obj/App/STM32F4-Discovery/Libraries/STM32F4xx_StdPeriph_Driver/src/stm32f4xx_flash.o
LOAD obj/App/STM32F4-Discovery/Libraries/STM32F4xx_StdPeriph_Driver/src/stm32f4xx_fsmc.o
LOAD obj/App/STM32F4-Discovery/Libraries/STM32F4xx_StdPeriph_Driver/src/stm32f4xx_gpio.o
LOAD obj/App/STM32F4-Discovery/Libraries/STM32F4xx_StdPeriph_Driver/src/stm32f4xx_hash.o
LOAD obj/App/STM32F4-Discovery/Libraries/STM32F4xx_StdPeriph_Driver/src/stm32f4xx_hash_md5.o
LOAD obj/App/STM32F4-Discovery/Libraries/STM32F4xx_StdPeriph_Driver/src/stm32f4xx_hash_sha1.o
LOAD obj/App/STM32F4-Discovery/Libraries/STM32F4xx_StdPeriph_Driver/src/stm32f4xx_i2c.o
LOAD obj/App/STM32F4-Discovery/Libraries/STM32F4xx_StdPeriph_Driver/src/stm32f4xx_iwdg.o
LOAD obj/App/STM32F4-Discovery/Libraries/STM32F4xx_StdPeriph_Driver/src/stm32f4xx_pwr.o
LOAD obj/App/STM32F4-Discovery/Libraries/STM32F4xx_StdPeriph_Driver/src/stm32f4xx_rcc.o
LOAD obj/App/STM32F4-Discovery/Libraries/STM32F4xx_StdPeriph_Driver/src/stm32f4xx_rng.o
LOAD obj/App/STM32F4-Discovery/Libraries/STM32F4xx_StdPeriph_Driver/src/stm32f4xx_rtc.o
LOAD obj/App/STM32F4-Discovery/Libraries/STM32F4xx_StdPeriph_Driver/src/stm32f4xx_sdio.o
LOAD obj/App/STM32F4-Discovery/Libraries/STM32F4xx_StdPeriph_Driver/src/stm32f4xx_spi.o
LOAD obj/App/STM32F4-Discovery/Libraries/STM32F4xx_StdPeriph_Driver/src/stm32f4xx_syscfg.o
LOAD obj/App/STM32F4-Discovery/Libraries/STM32F4xx_StdPeriph_Driver/src/stm32f4xx_tim.o
LOAD obj/App/STM32F4-Discovery/Libraries/STM32F4xx_StdPeriph_Driver/src/stm32f4xx_usart.o
LOAD obj/App/STM32F4-Discovery/Libraries/STM32F4xx_StdPeriph_Driver/src/stm32f4xx_wwdg.o
LOAD /Users/maticknap/ARM/gcc-arm-none-eabi-4_8-2014q2/bin/../lib/gcc/arm-none-eabi/4.8.4/../../../../arm-none-eabi/lib/armv7e-m/softfp/libm.a
START GROUP
LOAD /Users/maticknap/ARM/gcc-arm-none-eabi-4_8-2014q2/bin/../lib/gcc/arm-none-eabi/4.8.4/armv7e-m/softfp/libgcc.a
LOAD /Users/maticknap/ARM/gcc-arm-none-eabi-4_8-2014q2/bin/../lib/gcc/arm-none-eabi/4.8.4/../../../../arm-none-eabi/lib/armv7e-m/softfp/libc.a
END GROUP
LOAD /Users/maticknap/ARM/gcc-arm-none-eabi-4_8-2014q2/bin/../lib/gcc/arm-none-eabi/4.8.4/armv7e-m/softfp/crtend.o
LOAD /Users/maticknap/ARM/gcc-arm-none-eabi-4_8-2014q2/bin/../lib/gcc/arm-none-eabi/4.8.4/armv7e-m/softfp/crtn.o
                0x0000000020020000                _estack = 0x20020000
                0x0000000000000000                _Min_Heap_Size = 0x0
                0x0000000000000400                _Min_Stack_Size = 0x400

.isr_vector     0x0000000008000000      0x188
                0x0000000008000000                . = ALIGN (0x4)
 *(.isr_vector)
 .isr_vector    0x0000000008000000      0x188 obj/App/STM32F4-Discovery/startup/startup_stm32f4xx.o
                0x0000000008000000                g_pfnVectors
                0x0000000008000188                . = ALIGN (0x4)

.text           0x0000000008000188     0x9b88
                0x0000000008000188                . = ALIGN (0x4)
 *(.text)
 .text          0x0000000008000188       0x54 /Users/maticknap/ARM/gcc-arm-none-eabi-4_8-2014q2/bin/../lib/gcc/arm-none-eabi/4.8.4/armv7e-m/softfp/crtbegin.o
 .text          0x00000000080001dc      0x134 /Users/maticknap/ARM/gcc-arm-none-eabi-4_8-2014q2/bin/../lib/gcc/arm-none-eabi/4.8.4/../../../../arm-none-eabi/lib/armv7e-m/softfp/libc.a(lib_a-memcpy.o)
                0x00000000080001dc                memcpy
 *(.text*)
 .text.init_SPIx
                0x0000000008000310      0x324 obj/App/STM32F4-Discovery/spi.o
                0x0000000008000310                init_SPIx
 .text.DMA2_Stream2_IRQHandler
                0x0000000008000634       0x9c obj/App/STM32F4-Discovery/spi.o
                0x0000000008000634                DMA2_Stream2_IRQHandler
 .text.DMA2_Stream3_IRQHandler
                0x00000000080006d0       0x9c obj/App/STM32F4-Discovery/spi.o
                0x00000000080006d0                DMA2_Stream3_IRQHandler
 .text.spi_dma_send
                0x000000000800076c      0x110 obj/App/STM32F4-Discovery/spi.o
                0x000000000800076c                spi_dma_send
 .text.spi_dma_send2B
                0x000000000800087c       0xa4 obj/App/STM32F4-Discovery/spi.o
                0x000000000800087c                spi_dma_send2B
 .text.spi_dma_sendByte
                0x0000000008000920       0x98 obj/App/STM32F4-Discovery/spi.o
                0x0000000008000920                spi_dma_sendByte
 .text.spi_dma_read
                0x00000000080009b8      0x10c obj/App/STM32F4-Discovery/spi.o
                0x00000000080009b8                spi_dma_read
 .text.init_W5200
                0x0000000008000ac4      0x198 obj/App/STM32F4-Discovery/W5200.o
                0x0000000008000ac4                init_W5200
 .text.W5200_set_hardware_address
                0x0000000008000c5c       0x18 obj/App/STM32F4-Discovery/W5200.o
                0x0000000008000c5c                W5200_set_hardware_address
 .text.W5200_configure_network
                0x0000000008000c74       0x30 obj/App/STM32F4-Discovery/W5200.o
                0x0000000008000c74                W5200_configure_network
 .text.get_CRStatus
                0x0000000008000ca4       0x38 obj/App/STM32F4-Discovery/W5200.o
 .text.get_SRStatus
                0x0000000008000cdc       0x38 obj/App/STM32F4-Discovery/W5200.o
 .text.get_TXFSRStatus
                0x0000000008000d14       0x48 obj/App/STM32F4-Discovery/W5200.o
 .text.get_TXWRStatus
                0x0000000008000d5c       0x48 obj/App/STM32F4-Discovery/W5200.o
 .text.get_TXRD
                0x0000000008000da4       0x48 obj/App/STM32F4-Discovery/W5200.o
 .text.set_TXWR
                0x0000000008000dec       0x30 obj/App/STM32F4-Discovery/W5200.o
 .text.get_RXRSR
                0x0000000008000e1c       0x48 obj/App/STM32F4-Discovery/W5200.o
 .text.get_RXRD
                0x0000000008000e64       0x48 obj/App/STM32F4-Discovery/W5200.o
 .text.set_RXRD
                0x0000000008000eac       0x30 obj/App/STM32F4-Discovery/W5200.o
 .text.write_memory
                0x0000000008000edc       0xb0 obj/App/STM32F4-Discovery/W5200.o
                0x0000000008000edc                write_memory
 .text.read_memory
                0x0000000008000f8c       0xc0 obj/App/STM32F4-Discovery/W5200.o
                0x0000000008000f8c                read_memory
 .text.socket   0x000000000800104c      0x150 obj/App/STM32F4-Discovery/W5200.o
                0x000000000800104c                socket
 .text.closesocket
                0x000000000800119c       0x7c obj/App/STM32F4-Discovery/W5200.o
                0x000000000800119c                closesocket
 .text.send     0x0000000008001218      0x1ac obj/App/STM32F4-Discovery/W5200.o
                0x0000000008001218                send
 .text.recv     0x00000000080013c4       0xe4 obj/App/STM32F4-Discovery/W5200.o
                0x00000000080013c4                recv
 .text.listen   0x00000000080014a8       0xa8 obj/App/STM32F4-Discovery/W5200.o
                0x00000000080014a8                listen
 .text.locate_interrupt
                0x0000000008001550       0xf0 obj/App/STM32F4-Discovery/W5200.o
                0x0000000008001550                locate_interrupt
 .text.EXTI4_IRQHandler
                0x0000000008001640       0x1c obj/App/STM32F4-Discovery/W5200.o
                0x0000000008001640                EXTI4_IRQHandler
 .text.tcp_srv_Task
                0x000000000800165c      0x1d0 obj/App/STM32F4-Discovery/W5200.o
                0x000000000800165c                tcp_srv_Task
 .text.init_USARTx
                0x000000000800182c       0xf0 obj/App/STM32F4-Discovery/modbus_mk.o
                0x000000000800182c                init_USARTx
 .text.USART_puts
                0x000000000800191c       0x50 obj/App/STM32F4-Discovery/modbus_mk.o
                0x000000000800191c                USART_puts
 .text.USART6_IRQHandler
                0x000000000800196c       0xa8 obj/App/STM32F4-Discovery/modbus_mk.o
                0x000000000800196c                USART6_IRQHandler
 .text.crc16    0x0000000008001a14       0x6c obj/App/STM32F4-Discovery/modbus_mk.o
                0x0000000008001a14                crc16
 .text.modbus_confirmation
                0x0000000008001a80       0x64 obj/App/STM32F4-Discovery/modbus_mk.o
                0x0000000008001a80                modbus_confirmation
 .text.write_read_modbus
                0x0000000008001ae4       0xd8 obj/App/STM32F4-Discovery/modbus_mk.o
                0x0000000008001ae4                write_read_modbus
 .text.modbus_WIB
                0x0000000008001bbc      0x210 obj/App/STM32F4-Discovery/modbus_mk.o
                0x0000000008001bbc                modbus_WIB
 .text.modbus_WR
                0x0000000008001dcc      0x178 obj/App/STM32F4-Discovery/modbus_mk.o
                0x0000000008001dcc                modbus_WR
 .text.modbus_RR
                0x0000000008001f44      0x188 obj/App/STM32F4-Discovery/modbus_mk.o
                0x0000000008001f44                modbus_RR
 .text.motorHeartBeat_task
                0x00000000080020cc       0x38 obj/App/STM32F4-Discovery/modbus_mk.o
                0x00000000080020cc                motorHeartBeat_task
 .text.motorControl_task
                0x0000000008002104      0x294 obj/App/STM32F4-Discovery/modbus_mk.o
                0x0000000008002104                motorControl_task
 .text.telegram_init
                0x0000000008002398       0x40 obj/App/STM32F4-Discovery/tcpCLI.o
                0x0000000008002398                telegram_init
 .text.handleVariable_set
                0x00000000080023d8      0x394 obj/App/STM32F4-Discovery/tcpCLI.o
                0x00000000080023d8                handleVariable_set
 .text.handleVariable_get
                0x000000000800276c      0x128 obj/App/STM32F4-Discovery/tcpCLI.o
                0x000000000800276c                handleVariable_get
 .text.prvMotorCommand
                0x0000000008002894      0x4f0 obj/App/STM32F4-Discovery/tcpCLI.o
                0x0000000008002894                prvMotorCommand
 .text.prvTaskStatsCommand
                0x0000000008002d84      0x100 obj/App/STM32F4-Discovery/tcpCLI.o
                0x0000000008002d84                prvTaskStatsCommand
 .text.printchar
                0x0000000008002e84       0x30 obj/App/STM32F4-Discovery/printf-stdarg.o
 .text.prints   0x0000000008002eb4       0xb4 obj/App/STM32F4-Discovery/printf-stdarg.o
 .text.printi   0x0000000008002f68       0xdc obj/App/STM32F4-Discovery/printf-stdarg.o
 .text.print    0x0000000008003044      0x1d4 obj/App/STM32F4-Discovery/printf-stdarg.o
 .text.sprintf  0x0000000008003218       0x2c obj/App/STM32F4-Discovery/printf-stdarg.o
                0x0000000008003218                sprintf
 .text.NVIC_SetPendingIRQ
                0x0000000008003244       0x34 obj/App/STM32F4-Discovery/main.o
 .text.CoreSight_configure
                0x0000000008003278       0x94 obj/App/STM32F4-Discovery/main.o
                0x0000000008003278                CoreSight_configure
 .text.main     0x000000000800330c      0x16c obj/App/STM32F4-Discovery/main.o
                0x000000000800330c                main
 .text.prvSetupHardware
                0x0000000008003478       0x44 obj/App/STM32F4-Discovery/main.o
 .text.vApplicationTickHook
                0x00000000080034bc       0x24 obj/App/STM32F4-Discovery/main.o
                0x00000000080034bc                vApplicationTickHook
 .text.TIM3_IRQHandler
                0x00000000080034e0       0x3c obj/App/STM32F4-Discovery/main.o
                0x00000000080034e0                TIM3_IRQHandler
 .text.TIM2_IRQHandler
                0x000000000800351c       0x24 obj/App/STM32F4-Discovery/main.o
                0x000000000800351c                TIM2_IRQHandler
 .text.vApplicationMallocFailedHook
                0x0000000008003540        0xc obj/App/STM32F4-Discovery/main.o
                0x0000000008003540                vApplicationMallocFailedHook
 .text.vApplicationIdleHook
                0x000000000800354c        0xc obj/App/STM32F4-Discovery/main.o
                0x000000000800354c                vApplicationIdleHook
 .text.vApplicationStackOverflowHook
                0x0000000008003558       0x10 obj/App/STM32F4-Discovery/main.o
                0x0000000008003558                vApplicationStackOverflowHook
 .text.assert_failed
                0x0000000008003568       0x14 obj/App/STM32F4-Discovery/main.o
                0x0000000008003568                assert_failed
 .text.Reset_Handler
                0x000000000800357c       0x60 obj/App/STM32F4-Discovery/startup/startup_stm32f4xx.o
                0x000000000800357c                Reset_Handler
 .text.Default_Handler
                0x00000000080035dc        0x4 obj/App/STM32F4-Discovery/startup/startup_stm32f4xx.o
                0x00000000080035dc                DMA1_Stream3_IRQHandler
                0x00000000080035dc                HASH_RNG_IRQHandler
                0x00000000080035dc                EXTI2_IRQHandler
                0x00000000080035dc                TIM8_CC_IRQHandler
                0x00000000080035dc                DebugMon_Handler
                0x00000000080035dc                TIM1_CC_IRQHandler
                0x00000000080035dc                DMA2_Stream5_IRQHandler
                0x00000000080035dc                HardFault_Handler
                0x00000000080035dc                DMA1_Stream5_IRQHandler
                0x00000000080035dc                PVD_IRQHandler
                0x00000000080035dc                SDIO_IRQHandler
                0x00000000080035dc                TAMP_STAMP_IRQHandler
                0x00000000080035dc                NMI_Handler
                0x00000000080035dc                CAN2_RX1_IRQHandler
                0x00000000080035dc                EXTI3_IRQHandler
                0x00000000080035dc                TIM8_TRG_COM_TIM14_IRQHandler
                0x00000000080035dc                TIM1_UP_TIM10_IRQHandler
                0x00000000080035dc                TIM8_UP_TIM13_IRQHandler
                0x00000000080035dc                I2C3_ER_IRQHandler
                0x00000000080035dc                EXTI0_IRQHandler
                0x00000000080035dc                I2C2_EV_IRQHandler
                0x00000000080035dc                DMA1_Stream2_IRQHandler
                0x00000000080035dc                CAN1_RX0_IRQHandler
                0x00000000080035dc                FPU_IRQHandler
                0x00000000080035dc                OTG_HS_WKUP_IRQHandler
                0x00000000080035dc                UsageFault_Handler
                0x00000000080035dc                CAN2_SCE_IRQHandler
                0x00000000080035dc                SPI1_IRQHandler
                0x00000000080035dc                TIM6_DAC_IRQHandler
                0x00000000080035dc                TIM1_BRK_TIM9_IRQHandler
                0x00000000080035dc                DCMI_IRQHandler
                0x00000000080035dc                CAN2_RX0_IRQHandler
                0x00000000080035dc                USART3_IRQHandler
                0x00000000080035dc                CRYP_IRQHandler
                0x00000000080035dc                CAN1_RX1_IRQHandler
                0x00000000080035dc                UART5_IRQHandler
                0x00000000080035dc                DMA2_Stream0_IRQHandler
                0x00000000080035dc                TIM4_IRQHandler
                0x00000000080035dc                I2C1_EV_IRQHandler
                0x00000000080035dc                DMA1_Stream6_IRQHandler
                0x00000000080035dc                DMA1_Stream1_IRQHandler
                0x00000000080035dc                UART4_IRQHandler
                0x00000000080035dc                RCC_IRQHandler
                0x00000000080035dc                TIM8_BRK_TIM12_IRQHandler
                0x00000000080035dc                Default_Handler
                0x00000000080035dc                EXTI15_10_IRQHandler
                0x00000000080035dc                ADC_IRQHandler
                0x00000000080035dc                DMA1_Stream7_IRQHandler
                0x00000000080035dc                TIM7_IRQHandler
                0x00000000080035dc                CAN2_TX_IRQHandler
                0x00000000080035dc                TIM5_IRQHandler
                0x00000000080035dc                DMA2_Stream7_IRQHandler
                0x00000000080035dc                I2C3_EV_IRQHandler
                0x00000000080035dc                EXTI9_5_IRQHandler
                0x00000000080035dc                RTC_WKUP_IRQHandler
                0x00000000080035dc                ETH_WKUP_IRQHandler
                0x00000000080035dc                SPI2_IRQHandler
                0x00000000080035dc                OTG_HS_EP1_IN_IRQHandler
                0x00000000080035dc                MemManage_Handler
                0x00000000080035dc                DMA1_Stream0_IRQHandler
                0x00000000080035dc                CAN1_TX_IRQHandler
                0x00000000080035dc                FSMC_IRQHandler
                0x00000000080035dc                ETH_IRQHandler
                0x00000000080035dc                OTG_HS_EP1_OUT_IRQHandler
                0x00000000080035dc                WWDG_IRQHandler
                0x00000000080035dc                OTG_FS_WKUP_IRQHandler
                0x00000000080035dc                TIM1_TRG_COM_TIM11_IRQHandler
                0x00000000080035dc                OTG_HS_IRQHandler
                0x00000000080035dc                EXTI1_IRQHandler
                0x00000000080035dc                USART2_IRQHandler
                0x00000000080035dc                I2C2_ER_IRQHandler
                0x00000000080035dc                DMA2_Stream1_IRQHandler
                0x00000000080035dc                CAN1_SCE_IRQHandler
                0x00000000080035dc                FLASH_IRQHandler
                0x00000000080035dc                DMA2_Stream4_IRQHandler
                0x00000000080035dc                BusFault_Handler
                0x00000000080035dc                USART1_IRQHandler
                0x00000000080035dc                OTG_FS_IRQHandler
                0x00000000080035dc                SPI3_IRQHandler
                0x00000000080035dc                DMA1_Stream4_IRQHandler
                0x00000000080035dc                I2C1_ER_IRQHandler
                0x00000000080035dc                DMA2_Stream6_IRQHandler
                0x00000000080035dc                RTC_Alarm_IRQHandler
 .text.SystemInit
                0x00000000080035e0       0x68 obj/App/STM32F4-Discovery/startup/system_stm32f4xx.o
                0x00000000080035e0                SystemInit
 .text.SystemCoreClockUpdate
                0x0000000008003648       0xf8 obj/App/STM32F4-Discovery/startup/system_stm32f4xx.o
                0x0000000008003648                SystemCoreClockUpdate
 .text.SetSysClock
                0x0000000008003740       0xf4 obj/App/STM32F4-Discovery/startup/system_stm32f4xx.o
 .text.xTaskGenericCreate
                0x0000000008003834      0x168 obj/Source/tasks.o
                0x0000000008003834                xTaskGenericCreate
 .text.vTaskDelete
                0x000000000800399c       0x8c obj/Source/tasks.o
                0x000000000800399c                vTaskDelete
 .text.vTaskDelayUntil
                0x0000000008003a28       0xb0 obj/Source/tasks.o
                0x0000000008003a28                vTaskDelayUntil
 .text.vTaskDelay
                0x0000000008003ad8       0x50 obj/Source/tasks.o
                0x0000000008003ad8                vTaskDelay
 .text.vTaskStartScheduler
                0x0000000008003b28       0x70 obj/Source/tasks.o
                0x0000000008003b28                vTaskStartScheduler
 .text.vTaskSuspendAll
                0x0000000008003b98       0x1c obj/Source/tasks.o
                0x0000000008003b98                vTaskSuspendAll
 .text.xTaskResumeAll
                0x0000000008003bb4      0x10c obj/Source/tasks.o
                0x0000000008003bb4                xTaskResumeAll
 .text.xTaskGetTickCount
                0x0000000008003cc0       0x24 obj/Source/tasks.o
                0x0000000008003cc0                xTaskGetTickCount
 .text.uxTaskGetSystemState
                0x0000000008003ce4       0xf8 obj/Source/tasks.o
                0x0000000008003ce4                uxTaskGetSystemState
 .text.xTaskIncrementTick
                0x0000000008003ddc      0x1ac obj/Source/tasks.o
                0x0000000008003ddc                xTaskIncrementTick
 .text.vTaskSwitchContext
                0x0000000008003f88       0xf4 obj/Source/tasks.o
                0x0000000008003f88                vTaskSwitchContext
 .text.vTaskPlaceOnEventList
                0x000000000800407c       0x6c obj/Source/tasks.o
                0x000000000800407c                vTaskPlaceOnEventList
 .text.vTaskPlaceOnEventListRestricted
                0x00000000080040e8       0x50 obj/Source/tasks.o
                0x00000000080040e8                vTaskPlaceOnEventListRestricted
 .text.xTaskRemoveFromEventList
                0x0000000008004138       0xb8 obj/Source/tasks.o
                0x0000000008004138                xTaskRemoveFromEventList
 .text.vTaskSetTimeOutState
                0x00000000080041f0       0x34 obj/Source/tasks.o
                0x00000000080041f0                vTaskSetTimeOutState
 .text.xTaskCheckForTimeOut
                0x0000000008004224       0xa0 obj/Source/tasks.o
                0x0000000008004224                xTaskCheckForTimeOut
 .text.vTaskMissedYield
                0x00000000080042c4       0x18 obj/Source/tasks.o
                0x00000000080042c4                vTaskMissedYield
 .text.prvIdleTask
                0x00000000080042dc       0x24 obj/Source/tasks.o
 .text.prvInitialiseTCBVariables
                0x0000000008004300       0x90 obj/Source/tasks.o
 .text.prvInitialiseTaskLists
                0x0000000008004390       0x7c obj/Source/tasks.o
 .text.prvCheckTasksWaitingTermination
                0x000000000800440c       0x74 obj/Source/tasks.o
 .text.prvAddCurrentTaskToDelayedList
                0x0000000008004480       0x6c obj/Source/tasks.o
 .text.prvAllocateTCBAndStack
                0x00000000080044ec       0x64 obj/Source/tasks.o
 .text.prvListTaskWithinSingleList
                0x0000000008004550       0xfc obj/Source/tasks.o
 .text.prvTaskCheckFreeStackSpace
                0x000000000800464c       0x38 obj/Source/tasks.o
 .text.prvDeleteTCB
                0x0000000008004684       0x20 obj/Source/tasks.o
 .text.xTaskGetCurrentTaskHandle
                0x00000000080046a4       0x20 obj/Source/tasks.o
                0x00000000080046a4                xTaskGetCurrentTaskHandle
 .text.xTaskGetSchedulerState
                0x00000000080046c4       0x3c obj/Source/tasks.o
                0x00000000080046c4                xTaskGetSchedulerState
 .text.vTaskPriorityInherit
                0x0000000008004700       0xb4 obj/Source/tasks.o
                0x0000000008004700                vTaskPriorityInherit
 .text.vTaskPriorityDisinherit
                0x00000000080047b4       0x7c obj/Source/tasks.o
                0x00000000080047b4                vTaskPriorityDisinherit
 .text.vTaskList
                0x0000000008004830       0xec obj/Source/tasks.o
                0x0000000008004830                vTaskList
 .text.xQueueGenericReset
                0x000000000800491c       0xb0 obj/Source/queue.o
                0x000000000800491c                xQueueGenericReset
 .text.xQueueGenericCreate
                0x00000000080049cc       0x84 obj/Source/queue.o
                0x00000000080049cc                xQueueGenericCreate
 .text.xQueueGenericSend
                0x0000000008004a50      0x160 obj/Source/queue.o
                0x0000000008004a50                xQueueGenericSend
 .text.xQueueGenericSendFromISR
                0x0000000008004bb0       0xd4 obj/Source/queue.o
                0x0000000008004bb0                xQueueGenericSendFromISR
 .text.xQueueGenericReceive
                0x0000000008004c84      0x19c obj/Source/queue.o
                0x0000000008004c84                xQueueGenericReceive
 .text.prvCopyDataToQueue
                0x0000000008004e20       0xd0 obj/Source/queue.o
 .text.prvCopyDataFromQueue
                0x0000000008004ef0       0x4c obj/Source/queue.o
 .text.prvUnlockQueue
                0x0000000008004f3c       0x98 obj/Source/queue.o
 .text.prvIsQueueEmpty
                0x0000000008004fd4       0x2c obj/Source/queue.o
 .text.prvIsQueueFull
                0x0000000008005000       0x30 obj/Source/queue.o
 .text.vQueueWaitForMessageRestricted
                0x0000000008005030       0x58 obj/Source/queue.o
                0x0000000008005030                vQueueWaitForMessageRestricted
 .text.vListInitialise
                0x0000000008005088       0x40 obj/Source/list.o
                0x0000000008005088                vListInitialise
 .text.vListInitialiseItem
                0x00000000080050c8       0x18 obj/Source/list.o
                0x00000000080050c8                vListInitialiseItem
 .text.vListInsertEnd
                0x00000000080050e0       0x48 obj/Source/list.o
                0x00000000080050e0                vListInsertEnd
 .text.vListInsert
                0x0000000008005128       0x70 obj/Source/list.o
                0x0000000008005128                vListInsert
 .text.uxListRemove
                0x0000000008005198       0x54 obj/Source/list.o
                0x0000000008005198                uxListRemove
 .text.pxPortInitialiseStack
                0x00000000080051ec       0x64 obj/Source/portable/GCC/ARM_CM4F/port.o
                0x00000000080051ec                pxPortInitialiseStack
 .text.prvTaskExitError
                0x0000000008005250       0x20 obj/Source/portable/GCC/ARM_CM4F/port.o
 .text.SVC_Handler
                0x0000000008005270       0x1c obj/Source/portable/GCC/ARM_CM4F/port.o
                0x0000000008005270                SVC_Handler
 .text.prvPortStartFirstTask
                0x000000000800528c       0x14 obj/Source/portable/GCC/ARM_CM4F/port.o
 .text.xPortStartScheduler
                0x00000000080052a0       0xcc obj/Source/portable/GCC/ARM_CM4F/port.o
                0x00000000080052a0                xPortStartScheduler
 .text.vPortYield
                0x000000000800536c       0x20 obj/Source/portable/GCC/ARM_CM4F/port.o
                0x000000000800536c                vPortYield
 .text.vPortEnterCritical
                0x000000000800538c       0x20 obj/Source/portable/GCC/ARM_CM4F/port.o
                0x000000000800538c                vPortEnterCritical
 .text.vPortExitCritical
                0x00000000080053ac       0x24 obj/Source/portable/GCC/ARM_CM4F/port.o
                0x00000000080053ac                vPortExitCritical
 .text.ulPortSetInterruptMask
                0x00000000080053d0       0x14 obj/Source/portable/GCC/ARM_CM4F/port.o
                0x00000000080053d0                ulPortSetInterruptMask
 .text.vPortClearInterruptMask
                0x00000000080053e4        0x8 obj/Source/portable/GCC/ARM_CM4F/port.o
                0x00000000080053e4                vPortClearInterruptMask
 .text.PendSV_Handler
                0x00000000080053ec       0x50 obj/Source/portable/GCC/ARM_CM4F/port.o
                0x00000000080053ec                PendSV_Handler
 .text.SysTick_Handler
                0x000000000800543c       0x28 obj/Source/portable/GCC/ARM_CM4F/port.o
                0x000000000800543c                SysTick_Handler
 .text.vPortSetupTimerInterrupt
                0x0000000008005464       0x34 obj/Source/portable/GCC/ARM_CM4F/port.o
                0x0000000008005464                vPortSetupTimerInterrupt
 .text.vPortEnableVFP
                0x0000000008005498       0x14 obj/Source/portable/GCC/ARM_CM4F/port.o
 .text.vPortValidateInterruptPriority
                0x00000000080054ac       0x58 obj/Source/portable/GCC/ARM_CM4F/port.o
                0x00000000080054ac                vPortValidateInterruptPriority
 .text.xTimerCreateTimerTask
                0x0000000008005504       0x58 obj/Source/timers.o
                0x0000000008005504                xTimerCreateTimerTask
 .text.xTimerGenericCommand
                0x000000000800555c       0x8c obj/Source/timers.o
                0x000000000800555c                xTimerGenericCommand
 .text.prvProcessExpiredTimer
                0x00000000080055e8       0x70 obj/Source/timers.o
 .text.prvTimerTask
                0x0000000008005658       0x24 obj/Source/timers.o
 .text.prvProcessTimerOrBlockTask
                0x000000000800567c       0x6c obj/Source/timers.o
 .text.prvGetNextExpireTime
                0x00000000080056e8       0x48 obj/Source/timers.o
 .text.prvSampleTimeNow
                0x0000000008005730       0x44 obj/Source/timers.o
 .text.prvInsertTimerInActiveList
                0x0000000008005774       0x84 obj/Source/timers.o
 .text.prvProcessReceivedCommands
                0x00000000080057f8       0xf0 obj/Source/timers.o
 .text.prvSwitchTimerLists
                0x00000000080058e8       0xb4 obj/Source/timers.o
 .text.prvCheckForValidListAndQueue
                0x000000000800599c       0x54 obj/Source/timers.o
 .text.ITM_SendChar
                0x00000000080059f0       0x5c obj/Source/printf.o
 .text.out      0x0000000008005a4c       0x28 obj/Source/printf.o
 .text.outDgt   0x0000000008005a74       0x44 obj/Source/printf.o
 .text.divOut   0x0000000008005ab8       0x58 obj/Source/printf.o
 .text.t_printf
                0x0000000008005b10      0x27c obj/Source/printf.o
                0x0000000008005b10                t_printf
 .text.FreeRTOS_CLIRegisterCommand
                0x0000000008005d8c       0x68 obj/Source/FreeRTOS-Plus-CLI/FreeRTOS_CLI.o
                0x0000000008005d8c                FreeRTOS_CLIRegisterCommand
 .text.FreeRTOS_CLIProcessCommand
                0x0000000008005df4      0x10c obj/Source/FreeRTOS-Plus-CLI/FreeRTOS_CLI.o
                0x0000000008005df4                FreeRTOS_CLIProcessCommand
 .text.FreeRTOS_CLIGetParameter
                0x0000000008005f00       0xb8 obj/Source/FreeRTOS-Plus-CLI/FreeRTOS_CLI.o
                0x0000000008005f00                FreeRTOS_CLIGetParameter
 .text.prvHelpCommand
                0x0000000008005fb8       0x5c obj/Source/FreeRTOS-Plus-CLI/FreeRTOS_CLI.o
                0x0000000008005fb8                prvHelpCommand
 .text.prvGetNumberOfParameters
                0x0000000008006014       0x5c obj/Source/FreeRTOS-Plus-CLI/FreeRTOS_CLI.o
 .text.pvPortMalloc
                0x0000000008006070      0x118 obj/Source/portable/MemMang/heap_4.o
                0x0000000008006070                pvPortMalloc
 .text.vPortFree
                0x0000000008006188       0x94 obj/Source/portable/MemMang/heap_4.o
                0x0000000008006188                vPortFree
 .text.prvHeapInit
                0x000000000800621c       0x9c obj/Source/portable/MemMang/heap_4.o
 .text.prvInsertBlockIntoFreeList
                0x00000000080062b8       0xb0 obj/Source/portable/MemMang/heap_4.o
 .text.NVIC_PriorityGroupConfig
                0x0000000008006368       0x54 obj/App/STM32F4-Discovery/Libraries/STM32F4xx_StdPeriph_Driver/src/misc.o
                0x0000000008006368                NVIC_PriorityGroupConfig
 .text.NVIC_Init
                0x00000000080063bc       0xf4 obj/App/STM32F4-Discovery/Libraries/STM32F4xx_StdPeriph_Driver/src/misc.o
                0x00000000080063bc                NVIC_Init
 .text.DMA_DeInit
                0x00000000080064b0      0x22c obj/App/STM32F4-Discovery/Libraries/STM32F4xx_StdPeriph_Driver/src/stm32f4xx_dma.o
                0x00000000080064b0                DMA_DeInit
 .text.DMA_Init
                0x00000000080066dc      0x388 obj/App/STM32F4-Discovery/Libraries/STM32F4xx_StdPeriph_Driver/src/stm32f4xx_dma.o
                0x00000000080066dc                DMA_Init
 .text.DMA_StructInit
                0x0000000008006a64       0x6c obj/App/STM32F4-Discovery/Libraries/STM32F4xx_StdPeriph_Driver/src/stm32f4xx_dma.o
                0x0000000008006a64                DMA_StructInit
 .text.DMA_Cmd  0x0000000008006ad0      0x118 obj/App/STM32F4-Discovery/Libraries/STM32F4xx_StdPeriph_Driver/src/stm32f4xx_dma.o
                0x0000000008006ad0                DMA_Cmd
 .text.DMA_SetCurrDataCounter
                0x0000000008006be8       0xe8 obj/App/STM32F4-Discovery/Libraries/STM32F4xx_StdPeriph_Driver/src/stm32f4xx_dma.o
                0x0000000008006be8                DMA_SetCurrDataCounter
 .text.DMA_GetCmdStatus
                0x0000000008006cd0       0xfc obj/App/STM32F4-Discovery/Libraries/STM32F4xx_StdPeriph_Driver/src/stm32f4xx_dma.o
                0x0000000008006cd0                DMA_GetCmdStatus
 .text.DMA_ITConfig
                0x0000000008006dcc      0x16c obj/App/STM32F4-Discovery/Libraries/STM32F4xx_StdPeriph_Driver/src/stm32f4xx_dma.o
                0x0000000008006dcc                DMA_ITConfig
 .text.DMA_GetITStatus
                0x0000000008006f38      0x378 obj/App/STM32F4-Discovery/Libraries/STM32F4xx_StdPeriph_Driver/src/stm32f4xx_dma.o
                0x0000000008006f38                DMA_GetITStatus
 .text.DMA_ClearITPendingBit
                0x00000000080072b0      0x158 obj/App/STM32F4-Discovery/Libraries/STM32F4xx_StdPeriph_Driver/src/stm32f4xx_dma.o
                0x00000000080072b0                DMA_ClearITPendingBit
 .text.EXTI_Init
                0x0000000008007408      0x148 obj/App/STM32F4-Discovery/Libraries/STM32F4xx_StdPeriph_Driver/src/stm32f4xx_exti.o
                0x0000000008007408                EXTI_Init
 .text.EXTI_ClearFlag
                0x0000000008007550       0x34 obj/App/STM32F4-Discovery/Libraries/STM32F4xx_StdPeriph_Driver/src/stm32f4xx_exti.o
                0x0000000008007550                EXTI_ClearFlag
 .text.EXTI_GetITStatus
                0x0000000008007584       0xfc obj/App/STM32F4-Discovery/Libraries/STM32F4xx_StdPeriph_Driver/src/stm32f4xx_exti.o
                0x0000000008007584                EXTI_GetITStatus
 .text.GPIO_Init
                0x0000000008007680      0x22c obj/App/STM32F4-Discovery/Libraries/STM32F4xx_StdPeriph_Driver/src/stm32f4xx_gpio.o
                0x0000000008007680                GPIO_Init
 .text.GPIO_PinAFConfig
                0x00000000080078ac      0x250 obj/App/STM32F4-Discovery/Libraries/STM32F4xx_StdPeriph_Driver/src/stm32f4xx_gpio.o
                0x00000000080078ac                GPIO_PinAFConfig
 .text.RCC_GetClocksFreq
                0x0000000008007afc      0x154 obj/App/STM32F4-Discovery/Libraries/STM32F4xx_StdPeriph_Driver/src/stm32f4xx_rcc.o
                0x0000000008007afc                RCC_GetClocksFreq
 .text.RCC_AHB1PeriphClockCmd
                0x0000000008007c50       0x70 obj/App/STM32F4-Discovery/Libraries/STM32F4xx_StdPeriph_Driver/src/stm32f4xx_rcc.o
                0x0000000008007c50                RCC_AHB1PeriphClockCmd
 .text.RCC_APB2PeriphClockCmd
                0x0000000008007cc0       0x70 obj/App/STM32F4-Discovery/Libraries/STM32F4xx_StdPeriph_Driver/src/stm32f4xx_rcc.o
                0x0000000008007cc0                RCC_APB2PeriphClockCmd
 .text.SPI_Init
                0x0000000008007d30      0x1e4 obj/App/STM32F4-Discovery/Libraries/STM32F4xx_StdPeriph_Driver/src/stm32f4xx_spi.o
                0x0000000008007d30                SPI_Init
 .text.SPI_Cmd  0x0000000008007f14       0x84 obj/App/STM32F4-Discovery/Libraries/STM32F4xx_StdPeriph_Driver/src/stm32f4xx_spi.o
                0x0000000008007f14                SPI_Cmd
 .text.SPI_I2S_DMACmd
                0x0000000008007f98       0xbc obj/App/STM32F4-Discovery/Libraries/STM32F4xx_StdPeriph_Driver/src/stm32f4xx_spi.o
                0x0000000008007f98                SPI_I2S_DMACmd
 .text.SPI_I2S_GetFlagStatus
                0x0000000008008054       0xbc obj/App/STM32F4-Discovery/Libraries/STM32F4xx_StdPeriph_Driver/src/stm32f4xx_spi.o
                0x0000000008008054                SPI_I2S_GetFlagStatus
 .text.SPI_I2S_ClearFlag
                0x0000000008008110       0x74 obj/App/STM32F4-Discovery/Libraries/STM32F4xx_StdPeriph_Driver/src/stm32f4xx_spi.o
                0x0000000008008110                SPI_I2S_ClearFlag
 .text.SYSCFG_EXTILineConfig
                0x0000000008008184      0x124 obj/App/STM32F4-Discovery/Libraries/STM32F4xx_StdPeriph_Driver/src/stm32f4xx_syscfg.o
                0x0000000008008184                SYSCFG_EXTILineConfig
 .text.USART_Init
                0x00000000080082a8      0x2cc obj/App/STM32F4-Discovery/Libraries/STM32F4xx_StdPeriph_Driver/src/stm32f4xx_usart.o
                0x00000000080082a8                USART_Init
 .text.USART_Cmd
                0x0000000008008574       0xa8 obj/App/STM32F4-Discovery/Libraries/STM32F4xx_StdPeriph_Driver/src/stm32f4xx_usart.o
                0x0000000008008574                USART_Cmd
 .text.USART_ITConfig
                0x000000000800861c      0x17c obj/App/STM32F4-Discovery/Libraries/STM32F4xx_StdPeriph_Driver/src/stm32f4xx_usart.o
                0x000000000800861c                USART_ITConfig
 .text.USART_GetITStatus
                0x0000000008008798      0x1ac obj/App/STM32F4-Discovery/Libraries/STM32F4xx_StdPeriph_Driver/src/stm32f4xx_usart.o
                0x0000000008008798                USART_GetITStatus
 .text.USART_ClearITPendingBit
                0x0000000008008944       0xf0 obj/App/STM32F4-Discovery/Libraries/STM32F4xx_StdPeriph_Driver/src/stm32f4xx_usart.o
                0x0000000008008944                USART_ClearITPendingBit
 .text.atoi     0x0000000008008a34        0x8 /Users/maticknap/ARM/gcc-arm-none-eabi-4_8-2014q2/bin/../lib/gcc/arm-none-eabi/4.8.4/../../../../arm-none-eabi/lib/armv7e-m/softfp/libc.a(lib_a-atoi.o)
                0x0000000008008a34                atoi
 .text.__libc_init_array
                0x0000000008008a3c       0x50 /Users/maticknap/ARM/gcc-arm-none-eabi-4_8-2014q2/bin/../lib/gcc/arm-none-eabi/4.8.4/../../../../arm-none-eabi/lib/armv7e-m/softfp/libc.a(lib_a-init.o)
                0x0000000008008a3c                __libc_init_array
 .text.memcmp   0x0000000008008a8c       0x68 /Users/maticknap/ARM/gcc-arm-none-eabi-4_8-2014q2/bin/../lib/gcc/arm-none-eabi/4.8.4/../../../../arm-none-eabi/lib/armv7e-m/softfp/libc.a(lib_a-memcmp.o)
                0x0000000008008a8c                memcmp
 .text.memset   0x0000000008008af4       0x94 /Users/maticknap/ARM/gcc-arm-none-eabi-4_8-2014q2/bin/../lib/gcc/arm-none-eabi/4.8.4/../../../../arm-none-eabi/lib/armv7e-m/softfp/libc.a(lib_a-memset.o)
                0x0000000008008af4                memset
 .text.strcpy   0x0000000008008b88       0xbc /Users/maticknap/ARM/gcc-arm-none-eabi-4_8-2014q2/bin/../lib/gcc/arm-none-eabi/4.8.4/../../../../arm-none-eabi/lib/armv7e-m/softfp/libc.a(lib_a-strcpy.o)
                0x0000000008008b88                strcpy
 .text.strlen   0x0000000008008c44       0x60 /Users/maticknap/ARM/gcc-arm-none-eabi-4_8-2014q2/bin/../lib/gcc/arm-none-eabi/4.8.4/../../../../arm-none-eabi/lib/armv7e-m/softfp/libc.a(lib_a-strlen.o)
                0x0000000008008c44                strlen
 .text.strncmp  0x0000000008008ca4       0xb4 /Users/maticknap/ARM/gcc-arm-none-eabi-4_8-2014q2/bin/../lib/gcc/arm-none-eabi/4.8.4/../../../../arm-none-eabi/lib/armv7e-m/softfp/libc.a(lib_a-strncmp.o)
                0x0000000008008ca4                strncmp
 .text.strncpy  0x0000000008008d58       0x64 /Users/maticknap/ARM/gcc-arm-none-eabi-4_8-2014q2/bin/../lib/gcc/arm-none-eabi/4.8.4/../../../../arm-none-eabi/lib/armv7e-m/softfp/libc.a(lib_a-strncpy.o)
                0x0000000008008d58                strncpy
 .text._strtol_r
                0x0000000008008dbc      0x114 /Users/maticknap/ARM/gcc-arm-none-eabi-4_8-2014q2/bin/../lib/gcc/arm-none-eabi/4.8.4/../../../../arm-none-eabi/lib/armv7e-m/softfp/libc.a(lib_a-strtol.o)
                0x0000000008008dbc                _strtol_r
 .text.strtol   0x0000000008008ed0       0x18 /Users/maticknap/ARM/gcc-arm-none-eabi-4_8-2014q2/bin/../lib/gcc/arm-none-eabi/4.8.4/../../../../arm-none-eabi/lib/armv7e-m/softfp/libc.a(lib_a-strtol.o)
                0x0000000008008ed0                strtol
 .text.startup.register_fini
                0x0000000008008ee8       0x14 /Users/maticknap/ARM/gcc-arm-none-eabi-4_8-2014q2/bin/../lib/gcc/arm-none-eabi/4.8.4/../../../../arm-none-eabi/lib/armv7e-m/softfp/libc.a(lib_a-__call_atexit.o)
 .text.atexit   0x0000000008008efc        0xc /Users/maticknap/ARM/gcc-arm-none-eabi-4_8-2014q2/bin/../lib/gcc/arm-none-eabi/4.8.4/../../../../arm-none-eabi/lib/armv7e-m/softfp/libc.a(lib_a-atexit.o)
                0x0000000008008efc                atexit
 .text.__libc_fini_array
                0x0000000008008f08       0x30 /Users/maticknap/ARM/gcc-arm-none-eabi-4_8-2014q2/bin/../lib/gcc/arm-none-eabi/4.8.4/../../../../arm-none-eabi/lib/armv7e-m/softfp/libc.a(lib_a-fini.o)
                0x0000000008008f08                __libc_fini_array
 .text.__register_exitproc
                0x0000000008008f38       0xa8 /Users/maticknap/ARM/gcc-arm-none-eabi-4_8-2014q2/bin/../lib/gcc/arm-none-eabi/4.8.4/../../../../arm-none-eabi/lib/armv7e-m/softfp/libc.a(lib_a-__atexit.o)
                0x0000000008008f38                __register_exitproc
 *(.rodata)
 .rodata        0x0000000008008fe0       0x90 obj/App/STM32F4-Discovery/W5200.o
 .rodata        0x0000000008009070       0x98 obj/App/STM32F4-Discovery/modbus_mk.o
 .rodata        0x0000000008009108      0x390 obj/App/STM32F4-Discovery/tcpCLI.o
 .rodata        0x0000000008009498        0x8 obj/App/STM32F4-Discovery/printf-stdarg.o
 .rodata        0x00000000080094a0      0x184 obj/App/STM32F4-Discovery/main.o
 .rodata        0x0000000008009624       0x1c obj/Source/tasks.o
 .rodata        0x0000000008009640        0x8 obj/Source/timers.o
 .rodata        0x0000000008009648       0xe0 obj/Source/FreeRTOS-Plus-CLI/FreeRTOS_CLI.o
 .rodata        0x0000000008009728       0x48 obj/App/STM32F4-Discovery/Libraries/STM32F4xx_StdPeriph_Driver/src/misc.o
 .rodata        0x0000000008009770       0x50 obj/App/STM32F4-Discovery/Libraries/STM32F4xx_StdPeriph_Driver/src/stm32f4xx_dma.o
 .rodata        0x00000000080097c0       0x50 obj/App/STM32F4-Discovery/Libraries/STM32F4xx_StdPeriph_Driver/src/stm32f4xx_exti.o
 .rodata        0x0000000008009810       0x50 obj/App/STM32F4-Discovery/Libraries/STM32F4xx_StdPeriph_Driver/src/stm32f4xx_gpio.o
 .rodata        0x0000000008009860       0x50 obj/App/STM32F4-Discovery/Libraries/STM32F4xx_StdPeriph_Driver/src/stm32f4xx_rcc.o
 .rodata        0x00000000080098b0       0x50 obj/App/STM32F4-Discovery/Libraries/STM32F4xx_StdPeriph_Driver/src/stm32f4xx_spi.o
 .rodata        0x0000000008009900       0x54 obj/App/STM32F4-Discovery/Libraries/STM32F4xx_StdPeriph_Driver/src/stm32f4xx_syscfg.o
 .rodata        0x0000000008009954       0x54 obj/App/STM32F4-Discovery/Libraries/STM32F4xx_StdPeriph_Driver/src/stm32f4xx_usart.o
 *(.rodata*)
 .rodata.table_crc_hi
                0x00000000080099a8      0x100 obj/App/STM32F4-Discovery/modbus_mk.o
 .rodata.table_crc_lo
                0x0000000008009aa8      0x100 obj/App/STM32F4-Discovery/modbus_mk.o
 .rodata.xMotorCommand
                0x0000000008009ba8       0x10 obj/App/STM32F4-Discovery/main.o
 .rodata.xTaskStatsCommand
                0x0000000008009bb8       0x10 obj/App/STM32F4-Discovery/main.o
 .rodata.ucExpectedStackBytes.9202
                0x0000000008009bc8       0x14 obj/Source/tasks.o
 .rodata.xHelpCommand
                0x0000000008009bdc       0x10 obj/Source/FreeRTOS-Plus-CLI/FreeRTOS_CLI.o
 .rodata.str1.4
                0x0000000008009bec        0x4 /Users/maticknap/ARM/gcc-arm-none-eabi-4_8-2014q2/bin/../lib/gcc/arm-none-eabi/4.8.4/../../../../arm-none-eabi/lib/armv7e-m/softfp/libc.a(lib_a-impure.o)
 .rodata._global_impure_ptr
                0x0000000008009bf0        0x4 /Users/maticknap/ARM/gcc-arm-none-eabi-4_8-2014q2/bin/../lib/gcc/arm-none-eabi/4.8.4/../../../../arm-none-eabi/lib/armv7e-m/softfp/libc.a(lib_a-impure.o)
                0x0000000008009bf0                _global_impure_ptr
 .rodata._ctype_
                0x0000000008009bf4      0x104 /Users/maticknap/ARM/gcc-arm-none-eabi-4_8-2014q2/bin/../lib/gcc/arm-none-eabi/4.8.4/../../../../arm-none-eabi/lib/armv7e-m/softfp/libc.a(lib_a-ctype_.o)
                0x0000000008009bf4                _ctype_
 *(.glue_7)
 .glue_7        0x0000000000000000        0x0 linker stubs
 *(.glue_7t)
 .glue_7t       0x0000000000000000        0x0 linker stubs
 *(.eh_frame)
 .eh_frame      0x0000000008009cf8        0x0 /Users/maticknap/ARM/gcc-arm-none-eabi-4_8-2014q2/bin/../lib/gcc/arm-none-eabi/4.8.4/armv7e-m/softfp/crtbegin.o
 *(.init)
 .init          0x0000000008009cf8        0x4 /Users/maticknap/ARM/gcc-arm-none-eabi-4_8-2014q2/bin/../lib/gcc/arm-none-eabi/4.8.4/armv7e-m/softfp/crti.o
                0x0000000008009cf8                _init
 .init          0x0000000008009cfc        0x8 /Users/maticknap/ARM/gcc-arm-none-eabi-4_8-2014q2/bin/../lib/gcc/arm-none-eabi/4.8.4/armv7e-m/softfp/crtn.o
 *(.fini)
 .fini          0x0000000008009d04        0x4 /Users/maticknap/ARM/gcc-arm-none-eabi-4_8-2014q2/bin/../lib/gcc/arm-none-eabi/4.8.4/armv7e-m/softfp/crti.o
                0x0000000008009d04                _fini
 .fini          0x0000000008009d08        0x8 /Users/maticknap/ARM/gcc-arm-none-eabi-4_8-2014q2/bin/../lib/gcc/arm-none-eabi/4.8.4/armv7e-m/softfp/crtn.o
                0x0000000008009d10                . = ALIGN (0x4)
                0x0000000008009d10                _etext = .

.vfp11_veneer   0x0000000008009d10        0x0
 .vfp11_veneer  0x0000000000000000        0x0 linker stubs

.v4_bx          0x0000000008009d10        0x0
 .v4_bx         0x0000000000000000        0x0 linker stubs

.iplt           0x0000000008009d10        0x0
 .iplt          0x0000000000000000        0x0 /Users/maticknap/ARM/gcc-arm-none-eabi-4_8-2014q2/bin/../lib/gcc/arm-none-eabi/4.8.4/armv7e-m/softfp/crtbegin.o

.rel.dyn        0x0000000008009d10        0x0
 .rel.iplt      0x0000000000000000        0x0 /Users/maticknap/ARM/gcc-arm-none-eabi-4_8-2014q2/bin/../lib/gcc/arm-none-eabi/4.8.4/armv7e-m/softfp/crtbegin.o

.ARM.extab
 *(.ARM.extab* .gnu.linkonce.armextab.*)

.ARM            0x0000000008009d10        0x0
                0x0000000008009d10                __exidx_start = .
 *(.ARM.exidx*)
                0x0000000008009d10                __exidx_end = .

.preinit_array  0x0000000008009d10        0x0
                0x0000000008009d10                PROVIDE (__preinit_array_start, .)
 *(.preinit_array*)
                0x0000000008009d10                PROVIDE (__preinit_array_end, .)

.init_array     0x0000000008009d10        0x8
                0x0000000008009d10                PROVIDE (__init_array_start, .)
 *(SORT(.init_array.*))
 .init_array.00000
                0x0000000008009d10        0x4 /Users/maticknap/ARM/gcc-arm-none-eabi-4_8-2014q2/bin/../lib/gcc/arm-none-eabi/4.8.4/../../../../arm-none-eabi/lib/armv7e-m/softfp/libc.a(lib_a-__call_atexit.o)
 *(.init_array*)
 .init_array    0x0000000008009d14        0x4 /Users/maticknap/ARM/gcc-arm-none-eabi-4_8-2014q2/bin/../lib/gcc/arm-none-eabi/4.8.4/armv7e-m/softfp/crtbegin.o
                0x0000000008009d18                PROVIDE (__init_array_end, .)

.fini_array     0x0000000008009d18        0x4
                0x0000000008009d18                PROVIDE (__fini_array_start, .)
 *(.fini_array*)
 .fini_array    0x0000000008009d18        0x4 /Users/maticknap/ARM/gcc-arm-none-eabi-4_8-2014q2/bin/../lib/gcc/arm-none-eabi/4.8.4/armv7e-m/softfp/crtbegin.o
 *(SORT(.fini_array.*))
                0x0000000008009d1c                PROVIDE (__fini_array_end, .)
                0x0000000008009d1c                _sidata = .

.data           0x0000000020000000      0x470 load address 0x0000000008009d1c
                0x0000000020000000                . = ALIGN (0x4)
                0x0000000020000000                _sdata = .
 *(.data)
 *(.data*)
 .data.xDelay   0x0000000020000000        0x4 obj/App/STM32F4-Discovery/tcpCLI.o
 .data.SystemCoreClock
                0x0000000020000004        0x4 obj/App/STM32F4-Discovery/startup/system_stm32f4xx.o
                0x0000000020000004                SystemCoreClock
 .data.AHBPrescTable
                0x0000000020000008       0x10 obj/App/STM32F4-Discovery/startup/system_stm32f4xx.o
                0x0000000020000008                AHBPrescTable
 .data.xNextTaskUnblockTime
                0x0000000020000018        0x4 obj/Source/tasks.o
 .data.uxCriticalNesting
                0x000000002000001c        0x4 obj/Source/portable/GCC/ARM_CM4F/port.o
 .data.xRegisteredCommands
                0x0000000020000020        0x8 obj/Source/FreeRTOS-Plus-CLI/FreeRTOS_CLI.o
 .data.pxLastCommandInList.7899
                0x0000000020000028        0x4 obj/Source/FreeRTOS-Plus-CLI/FreeRTOS_CLI.o
 .data.xFreeBytesRemaining
                0x000000002000002c        0x4 obj/Source/portable/MemMang/heap_4.o
 .data.APBAHBPrescTable
                0x0000000020000030       0x10 obj/App/STM32F4-Discovery/Libraries/STM32F4xx_StdPeriph_Driver/src/stm32f4xx_rcc.o
 .data.impure_data
                0x0000000020000040      0x428 /Users/maticknap/ARM/gcc-arm-none-eabi-4_8-2014q2/bin/../lib/gcc/arm-none-eabi/4.8.4/../../../../arm-none-eabi/lib/armv7e-m/softfp/libc.a(lib_a-impure.o)
 .data._impure_ptr
                0x0000000020000468        0x4 /Users/maticknap/ARM/gcc-arm-none-eabi-4_8-2014q2/bin/../lib/gcc/arm-none-eabi/4.8.4/../../../../arm-none-eabi/lib/armv7e-m/softfp/libc.a(lib_a-impure.o)
                0x0000000020000468                _impure_ptr
 .data.__ctype_ptr__
                0x000000002000046c        0x4 /Users/maticknap/ARM/gcc-arm-none-eabi-4_8-2014q2/bin/../lib/gcc/arm-none-eabi/4.8.4/../../../../arm-none-eabi/lib/armv7e-m/softfp/libc.a(lib_a-ctype_.o)
                0x000000002000046c                __ctype_ptr__
                0x0000000020000470                . = ALIGN (0x4)
                0x0000000020000470                _edata = .

.jcr            0x0000000020000470        0x0 load address 0x000000000800a18c
 .jcr           0x0000000020000470        0x0 /Users/maticknap/ARM/gcc-arm-none-eabi-4_8-2014q2/bin/../lib/gcc/arm-none-eabi/4.8.4/armv7e-m/softfp/crtbegin.o

.igot.plt       0x0000000020000470        0x0 load address 0x000000000800a18c
 .igot.plt      0x0000000000000000        0x0 /Users/maticknap/ARM/gcc-arm-none-eabi-4_8-2014q2/bin/../lib/gcc/arm-none-eabi/4.8.4/armv7e-m/softfp/crtbegin.o
                0x0000000020000470                . = ALIGN (0x4)

.bss            0x0000000020000470    0x14018 load address 0x000000000800a18c
                0x0000000020000470                _sbss = .
                0x0000000020000470                __bss_start__ = _sbss
 *(.bss)
 .bss           0x0000000020000470       0x1c /Users/maticknap/ARM/gcc-arm-none-eabi-4_8-2014q2/bin/../lib/gcc/arm-none-eabi/4.8.4/armv7e-m/softfp/crtbegin.o
 *(.bss*)
 .bss.socket_flg
                0x000000002000048c        0x8 obj/App/STM32F4-Discovery/W5200.o
 .bss.telegram  0x0000000020000494       0x1c obj/App/STM32F4-Discovery/W5200.o
 .bss.cnt.9326  0x00000000200004b0        0x1 obj/App/STM32F4-Discovery/modbus_mk.o
 *fill*         0x00000000200004b1        0x3 
 .bss.telegramR.9444
                0x00000000200004b4       0x1c obj/App/STM32F4-Discovery/modbus_mk.o
 .bss.telegramS.9445
                0x00000000200004d0       0x1c obj/App/STM32F4-Discovery/modbus_mk.o
 .bss.ulFPUInterruptNesting
                0x00000000200004ec        0x4 obj/App/STM32F4-Discovery/main.o
                0x00000000200004ec                ulFPUInterruptNesting
 .bss.ulMaxFPUInterruptNesting
                0x00000000200004f0        0x4 obj/App/STM32F4-Discovery/main.o
                0x00000000200004f0                ulMaxFPUInterruptNesting
 .bss.pxCurrentTCB
                0x00000000200004f4        0x4 obj/Source/tasks.o
                0x00000000200004f4                pxCurrentTCB
 .bss.pxReadyTasksLists
                0x00000000200004f8       0x64 obj/Source/tasks.o
 .bss.xDelayedTaskList1
                0x000000002000055c       0x14 obj/Source/tasks.o
 .bss.xDelayedTaskList2
                0x0000000020000570       0x14 obj/Source/tasks.o
 .bss.pxDelayedTaskList
                0x0000000020000584        0x4 obj/Source/tasks.o
 .bss.pxOverflowDelayedTaskList
                0x0000000020000588        0x4 obj/Source/tasks.o
 .bss.xPendingReadyList
                0x000000002000058c       0x14 obj/Source/tasks.o
 .bss.xTasksWaitingTermination
                0x00000000200005a0       0x14 obj/Source/tasks.o
 .bss.uxTasksDeleted
                0x00000000200005b4        0x4 obj/Source/tasks.o
 .bss.xSuspendedTaskList
                0x00000000200005b8       0x14 obj/Source/tasks.o
 .bss.uxCurrentNumberOfTasks
                0x00000000200005cc        0x4 obj/Source/tasks.o
 .bss.xTickCount
                0x00000000200005d0        0x4 obj/Source/tasks.o
 .bss.uxTopReadyPriority
                0x00000000200005d4        0x4 obj/Source/tasks.o
 .bss.xSchedulerRunning
                0x00000000200005d8        0x4 obj/Source/tasks.o
 .bss.uxSchedulerSuspended
                0x00000000200005dc        0x4 obj/Source/tasks.o
 .bss.uxPendedTicks
                0x00000000200005e0        0x4 obj/Source/tasks.o
 .bss.xYieldPending
                0x00000000200005e4        0x4 obj/Source/tasks.o
 .bss.xNumOfOverflows
                0x00000000200005e8        0x4 obj/Source/tasks.o
 .bss.uxTaskNumber
                0x00000000200005ec        0x4 obj/Source/tasks.o
 .bss.ucMaxSysCallPriority
                0x00000000200005f0        0x1 obj/Source/portable/GCC/ARM_CM4F/port.o
 *fill*         0x00000000200005f1        0x3 
 .bss.ulMaxPRIGROUPValue
                0x00000000200005f4        0x4 obj/Source/portable/GCC/ARM_CM4F/port.o
 .bss.xActiveTimerList1
                0x00000000200005f8       0x14 obj/Source/timers.o
 .bss.xActiveTimerList2
                0x000000002000060c       0x14 obj/Source/timers.o
 .bss.pxCurrentTimerList
                0x0000000020000620        0x4 obj/Source/timers.o
 .bss.pxOverflowTimerList
                0x0000000020000624        0x4 obj/Source/timers.o
 .bss.xTimerQueue
                0x0000000020000628        0x4 obj/Source/timers.o
 .bss.xLastTime.8311
                0x000000002000062c        0x4 obj/Source/timers.o
 .bss.bf        0x0000000020000630        0x4 obj/Source/printf.o
 .bss.buf       0x0000000020000634        0xc obj/Source/printf.o
 .bss.num       0x0000000020000640        0x4 obj/Source/printf.o
 .bss.uc        0x0000000020000644        0x1 obj/Source/printf.o
 .bss.zs        0x0000000020000645        0x1 obj/Source/printf.o
 *fill*         0x0000000020000646        0x2 
 .bss.pxCommand.7909
                0x0000000020000648        0x4 obj/Source/FreeRTOS-Plus-CLI/FreeRTOS_CLI.o
 .bss.pxCommand.7943
                0x000000002000064c        0x4 obj/Source/FreeRTOS-Plus-CLI/FreeRTOS_CLI.o
 .bss.ucHeap    0x0000000020000650    0x12c00 obj/Source/portable/MemMang/heap_4.o
 .bss.xStart    0x0000000020013250        0x8 obj/Source/portable/MemMang/heap_4.o
 .bss.pxEnd     0x0000000020013258        0x4 obj/Source/portable/MemMang/heap_4.o
 .bss.xBlockAllocatedBit
                0x000000002001325c        0x4 obj/Source/portable/MemMang/heap_4.o
 *(COMMON)
 COMMON         0x0000000020013260      0xfcc obj/App/STM32F4-Discovery/spi.o
                0x0000000020013260                xSemaphoreDMASPI
                0x0000000020013264                motorHBHandle
                0x0000000020013268                socket_0
                0x000000002001326c                QSpd_handle
                0x0000000020013270                bufferRXidx
                0x0000000020013274                bufferRX
                0x0000000020013a44                motorHeartBeatHandle
                0x0000000020013a48                dat_lengthRX
                0x0000000020013a4c                bufferTX
                0x000000002001421c                xSmphrUSART
                0x0000000020014220                bufferTXidx
                0x0000000020014224                QTCP_handle
                0x0000000020014228                dat_lengthTX
 COMMON         0x000000002001422c        0x4 obj/App/STM32F4-Discovery/W5200.o
                0x000000002001422c                set_macTaskHandle
 COMMON         0x0000000020014230      0x21d obj/App/STM32F4-Discovery/modbus_mk.o
                0x0000000020014230                fd
                0x0000000020014234                input_Register
                0x0000000020014248                rx_length
                0x000000002001424c                received_string
 *fill*         0x000000002001444d        0x3 
 COMMON         0x0000000020014450       0x38 obj/App/STM32F4-Discovery/tcpCLI.o
                0x0000000020014450                telegramR
                0x000000002001446c                telegramS
                0x0000000020014488                . = ALIGN (0x4)
                0x0000000020014488                _ebss = .
                0x0000000020014488                __bss_end__ = _ebss

._user_heap_stack
                0x0000000020014488      0x400 load address 0x000000000801e1a4
                0x0000000020014488                . = ALIGN (0x4)
                0x0000000020014488                PROVIDE (end, .)
                0x0000000020014488                PROVIDE (_end, .)
                0x0000000020014488                . = (. + _Min_Heap_Size)
                0x0000000020014888                . = (. + _Min_Stack_Size)
 *fill*         0x0000000020014488      0x400 
                0x0000000020014888                . = ALIGN (0x4)

.memory_b1_text
 *(.mb1text)
 *(.mb1text*)
 *(.mb1rodata)
 *(.mb1rodata*)

/DISCARD/
 libc.a(*)
 libm.a(*)
 libgcc.a(*)

.ARM.attributes
                0x0000000000000000       0x2e
 *(.ARM.attributes)
 .ARM.attributes
                0x0000000000000000       0x22 /Users/maticknap/ARM/gcc-arm-none-eabi-4_8-2014q2/bin/../lib/gcc/arm-none-eabi/4.8.4/armv7e-m/softfp/crti.o
 .ARM.attributes
                0x0000000000000022       0x32 /Users/maticknap/ARM/gcc-arm-none-eabi-4_8-2014q2/bin/../lib/gcc/arm-none-eabi/4.8.4/armv7e-m/softfp/crtbegin.o
 .ARM.attributes
                0x0000000000000054       0x37 obj/App/STM32F4-Discovery/spi.o
 .ARM.attributes
                0x000000000000008b       0x37 obj/App/STM32F4-Discovery/W5200.o
 .ARM.attributes
                0x00000000000000c2       0x37 obj/App/STM32F4-Discovery/modbus_mk.o
 .ARM.attributes
                0x00000000000000f9       0x37 obj/App/STM32F4-Discovery/tcpCLI.o
 .ARM.attributes
                0x0000000000000130       0x37 obj/App/STM32F4-Discovery/printf-stdarg.o
 .ARM.attributes
                0x0000000000000167       0x37 obj/App/STM32F4-Discovery/main.o
 .ARM.attributes
                0x000000000000019e       0x21 obj/App/STM32F4-Discovery/startup/startup_stm32f4xx.o
 .ARM.attributes
                0x00000000000001bf       0x37 obj/App/STM32F4-Discovery/startup/system_stm32f4xx.o
 .ARM.attributes
                0x00000000000001f6       0x37 obj/Source/tasks.o
 .ARM.attributes
                0x000000000000022d       0x37 obj/Source/queue.o
 .ARM.attributes
                0x0000000000000264       0x37 obj/Source/list.o
 .ARM.attributes
                0x000000000000029b       0x37 obj/Source/portable/GCC/ARM_CM4F/port.o
 .ARM.attributes
                0x00000000000002d2       0x37 obj/Source/timers.o
 .ARM.attributes
                0x0000000000000309       0x37 obj/Source/printf.o
 .ARM.attributes
                0x0000000000000340       0x37 obj/Source/FreeRTOS-Plus-CLI/FreeRTOS_CLI.o
 .ARM.attributes
                0x0000000000000377       0x37 obj/Source/portable/MemMang/heap_4.o
 .ARM.attributes
                0x00000000000003ae       0x37 obj/App/STM32F4-Discovery/Libraries/STM32F4xx_StdPeriph_Driver/src/misc.o
 .ARM.attributes
                0x00000000000003e5       0x37 obj/App/STM32F4-Discovery/Libraries/STM32F4xx_StdPeriph_Driver/src/stm32f4xx_dma.o
 .ARM.attributes
                0x000000000000041c       0x37 obj/App/STM32F4-Discovery/Libraries/STM32F4xx_StdPeriph_Driver/src/stm32f4xx_exti.o
 .ARM.attributes
                0x0000000000000453       0x37 obj/App/STM32F4-Discovery/Libraries/STM32F4xx_StdPeriph_Driver/src/stm32f4xx_gpio.o
 .ARM.attributes
                0x000000000000048a       0x37 obj/App/STM32F4-Discovery/Libraries/STM32F4xx_StdPeriph_Driver/src/stm32f4xx_rcc.o
 .ARM.attributes
                0x00000000000004c1       0x37 obj/App/STM32F4-Discovery/Libraries/STM32F4xx_StdPeriph_Driver/src/stm32f4xx_spi.o
 .ARM.attributes
                0x00000000000004f8       0x37 obj/App/STM32F4-Discovery/Libraries/STM32F4xx_StdPeriph_Driver/src/stm32f4xx_syscfg.o
 .ARM.attributes
                0x000000000000052f       0x37 obj/App/STM32F4-Discovery/Libraries/STM32F4xx_StdPeriph_Driver/src/stm32f4xx_usart.o
 .ARM.attributes
                0x0000000000000566       0x32 /Users/maticknap/ARM/gcc-arm-none-eabi-4_8-2014q2/bin/../lib/gcc/arm-none-eabi/4.8.4/../../../../arm-none-eabi/lib/armv7e-m/softfp/libc.a(lib_a-atoi.o)
 .ARM.attributes
                0x0000000000000598       0x32 /Users/maticknap/ARM/gcc-arm-none-eabi-4_8-2014q2/bin/../lib/gcc/arm-none-eabi/4.8.4/../../../../arm-none-eabi/lib/armv7e-m/softfp/libc.a(lib_a-impure.o)
 .ARM.attributes
                0x00000000000005ca       0x32 /Users/maticknap/ARM/gcc-arm-none-eabi-4_8-2014q2/bin/../lib/gcc/arm-none-eabi/4.8.4/../../../../arm-none-eabi/lib/armv7e-m/softfp/libc.a(lib_a-init.o)
 .ARM.attributes
                0x00000000000005fc       0x32 /Users/maticknap/ARM/gcc-arm-none-eabi-4_8-2014q2/bin/../lib/gcc/arm-none-eabi/4.8.4/../../../../arm-none-eabi/lib/armv7e-m/softfp/libc.a(lib_a-memcmp.o)
 .ARM.attributes
                0x000000000000062e       0x20 /Users/maticknap/ARM/gcc-arm-none-eabi-4_8-2014q2/bin/../lib/gcc/arm-none-eabi/4.8.4/../../../../arm-none-eabi/lib/armv7e-m/softfp/libc.a(lib_a-memcpy.o)
 .ARM.attributes
                0x000000000000064e       0x32 /Users/maticknap/ARM/gcc-arm-none-eabi-4_8-2014q2/bin/../lib/gcc/arm-none-eabi/4.8.4/../../../../arm-none-eabi/lib/armv7e-m/softfp/libc.a(lib_a-memset.o)
 .ARM.attributes
                0x0000000000000680       0x32 /Users/maticknap/ARM/gcc-arm-none-eabi-4_8-2014q2/bin/../lib/gcc/arm-none-eabi/4.8.4/../../../../arm-none-eabi/lib/armv7e-m/softfp/libc.a(lib_a-strcpy.o)
 .ARM.attributes
                0x00000000000006b2       0x32 /Users/maticknap/ARM/gcc-arm-none-eabi-4_8-2014q2/bin/../lib/gcc/arm-none-eabi/4.8.4/../../../../arm-none-eabi/lib/armv7e-m/softfp/libc.a(lib_a-strlen.o)
 .ARM.attributes
                0x00000000000006e4       0x32 /Users/maticknap/ARM/gcc-arm-none-eabi-4_8-2014q2/bin/../lib/gcc/arm-none-eabi/4.8.4/../../../../arm-none-eabi/lib/armv7e-m/softfp/libc.a(lib_a-strncmp.o)
 .ARM.attributes
                0x0000000000000716       0x32 /Users/maticknap/ARM/gcc-arm-none-eabi-4_8-2014q2/bin/../lib/gcc/arm-none-eabi/4.8.4/../../../../arm-none-eabi/lib/armv7e-m/softfp/libc.a(lib_a-strncpy.o)
 .ARM.attributes
                0x0000000000000748       0x32 /Users/maticknap/ARM/gcc-arm-none-eabi-4_8-2014q2/bin/../lib/gcc/arm-none-eabi/4.8.4/../../../../arm-none-eabi/lib/armv7e-m/softfp/libc.a(lib_a-strtol.o)
 .ARM.attributes
                0x000000000000077a       0x32 /Users/maticknap/ARM/gcc-arm-none-eabi-4_8-2014q2/bin/../lib/gcc/arm-none-eabi/4.8.4/../../../../arm-none-eabi/lib/armv7e-m/softfp/libc.a(lib_a-__call_atexit.o)
 .ARM.attributes
                0x00000000000007ac       0x32 /Users/maticknap/ARM/gcc-arm-none-eabi-4_8-2014q2/bin/../lib/gcc/arm-none-eabi/4.8.4/../../../../arm-none-eabi/lib/armv7e-m/softfp/libc.a(lib_a-atexit.o)
 .ARM.attributes
                0x00000000000007de       0x32 /Users/maticknap/ARM/gcc-arm-none-eabi-4_8-2014q2/bin/../lib/gcc/arm-none-eabi/4.8.4/../../../../arm-none-eabi/lib/armv7e-m/softfp/libc.a(lib_a-ctype_.o)
 .ARM.attributes
                0x0000000000000810       0x32 /Users/maticknap/ARM/gcc-arm-none-eabi-4_8-2014q2/bin/../lib/gcc/arm-none-eabi/4.8.4/../../../../arm-none-eabi/lib/armv7e-m/softfp/libc.a(lib_a-fini.o)
 .ARM.attributes
                0x0000000000000842       0x32 /Users/maticknap/ARM/gcc-arm-none-eabi-4_8-2014q2/bin/../lib/gcc/arm-none-eabi/4.8.4/../../../../arm-none-eabi/lib/armv7e-m/softfp/libc.a(lib_a-__atexit.o)
 .ARM.attributes
                0x0000000000000874       0x22 /Users/maticknap/ARM/gcc-arm-none-eabi-4_8-2014q2/bin/../lib/gcc/arm-none-eabi/4.8.4/armv7e-m/softfp/crtn.o
OUTPUT(obj/STM32F4_Test.elf elf32-littlearm)

.debug_info     0x0000000000000000     0xbcf7
 .debug_info    0x0000000000000000      0xd15 obj/App/STM32F4-Discovery/spi.o
 .debug_info    0x0000000000000d15      0xd82 obj/App/STM32F4-Discovery/W5200.o
 .debug_info    0x0000000000001a97     0x10a5 obj/App/STM32F4-Discovery/modbus_mk.o
 .debug_info    0x0000000000002b3c      0x711 obj/App/STM32F4-Discovery/tcpCLI.o
 .debug_info    0x000000000000324d      0x3f6 obj/App/STM32F4-Discovery/printf-stdarg.o
 .debug_info    0x0000000000003643      0xa17 obj/App/STM32F4-Discovery/main.o
 .debug_info    0x000000000000405a      0x625 obj/App/STM32F4-Discovery/startup/system_stm32f4xx.o
 .debug_info    0x000000000000467f     0x1201 obj/Source/tasks.o
 .debug_info    0x0000000000005880      0xc05 obj/Source/queue.o
 .debug_info    0x0000000000006485      0x2d7 obj/Source/list.o
 .debug_info    0x000000000000675c      0x379 obj/Source/portable/GCC/ARM_CM4F/port.o
 .debug_info    0x0000000000006ad5      0x78b obj/Source/timers.o
 .debug_info    0x0000000000007260      0x4ed obj/Source/printf.o
 .debug_info    0x000000000000774d      0x419 obj/Source/FreeRTOS-Plus-CLI/FreeRTOS_CLI.o
 .debug_info    0x0000000000007b66      0x30d obj/Source/portable/MemMang/heap_4.o
 .debug_info    0x0000000000007e73      0x5b7 obj/App/STM32F4-Discovery/Libraries/STM32F4xx_StdPeriph_Driver/src/misc.o
 .debug_info    0x000000000000842a      0x7ea obj/App/STM32F4-Discovery/Libraries/STM32F4xx_StdPeriph_Driver/src/stm32f4xx_dma.o
 .debug_info    0x0000000000008c14      0x3b9 obj/App/STM32F4-Discovery/Libraries/STM32F4xx_StdPeriph_Driver/src/stm32f4xx_exti.o
 .debug_info    0x0000000000008fcd      0x670 obj/App/STM32F4-Discovery/Libraries/STM32F4xx_StdPeriph_Driver/src/stm32f4xx_gpio.o
 .debug_info    0x000000000000963d      0xd79 obj/App/STM32F4-Discovery/Libraries/STM32F4xx_StdPeriph_Driver/src/stm32f4xx_rcc.o
 .debug_info    0x000000000000a3b6      0xc0e obj/App/STM32F4-Discovery/Libraries/STM32F4xx_StdPeriph_Driver/src/stm32f4xx_spi.o
 .debug_info    0x000000000000afc4      0x29e obj/App/STM32F4-Discovery/Libraries/STM32F4xx_StdPeriph_Driver/src/stm32f4xx_syscfg.o
 .debug_info    0x000000000000b262      0xa95 obj/App/STM32F4-Discovery/Libraries/STM32F4xx_StdPeriph_Driver/src/stm32f4xx_usart.o

.debug_abbrev   0x0000000000000000     0x26e5
 .debug_abbrev  0x0000000000000000      0x1c9 obj/App/STM32F4-Discovery/spi.o
 .debug_abbrev  0x00000000000001c9      0x27e obj/App/STM32F4-Discovery/W5200.o
 .debug_abbrev  0x0000000000000447      0x27c obj/App/STM32F4-Discovery/modbus_mk.o
 .debug_abbrev  0x00000000000006c3      0x1b2 obj/App/STM32F4-Discovery/tcpCLI.o
 .debug_abbrev  0x0000000000000875      0x14c obj/App/STM32F4-Discovery/printf-stdarg.o
 .debug_abbrev  0x00000000000009c1      0x277 obj/App/STM32F4-Discovery/main.o
 .debug_abbrev  0x0000000000000c38      0x13a obj/App/STM32F4-Discovery/startup/system_stm32f4xx.o
 .debug_abbrev  0x0000000000000d72      0x232 obj/Source/tasks.o
 .debug_abbrev  0x0000000000000fa4      0x1dc obj/Source/queue.o
 .debug_abbrev  0x0000000000001180       0xda obj/Source/list.o
 .debug_abbrev  0x000000000000125a      0x1e0 obj/Source/portable/GCC/ARM_CM4F/port.o
 .debug_abbrev  0x000000000000143a      0x188 obj/Source/timers.o
 .debug_abbrev  0x00000000000015c2      0x1ef obj/Source/printf.o
 .debug_abbrev  0x00000000000017b1      0x167 obj/Source/FreeRTOS-Plus-CLI/FreeRTOS_CLI.o
 .debug_abbrev  0x0000000000001918      0x1b3 obj/Source/portable/MemMang/heap_4.o
 .debug_abbrev  0x0000000000001acb      0x12b obj/App/STM32F4-Discovery/Libraries/STM32F4xx_StdPeriph_Driver/src/misc.o
 .debug_abbrev  0x0000000000001bf6      0x173 obj/App/STM32F4-Discovery/Libraries/STM32F4xx_StdPeriph_Driver/src/stm32f4xx_dma.o
 .debug_abbrev  0x0000000000001d69      0x1c3 obj/App/STM32F4-Discovery/Libraries/STM32F4xx_StdPeriph_Driver/src/stm32f4xx_exti.o
 .debug_abbrev  0x0000000000001f2c      0x1a7 obj/App/STM32F4-Discovery/Libraries/STM32F4xx_StdPeriph_Driver/src/stm32f4xx_gpio.o
 .debug_abbrev  0x00000000000020d3      0x1e5 obj/App/STM32F4-Discovery/Libraries/STM32F4xx_StdPeriph_Driver/src/stm32f4xx_rcc.o
 .debug_abbrev  0x00000000000022b8      0x185 obj/App/STM32F4-Discovery/Libraries/STM32F4xx_StdPeriph_Driver/src/stm32f4xx_spi.o
 .debug_abbrev  0x000000000000243d      0x135 obj/App/STM32F4-Discovery/Libraries/STM32F4xx_StdPeriph_Driver/src/stm32f4xx_syscfg.o
 .debug_abbrev  0x0000000000002572      0x173 obj/App/STM32F4-Discovery/Libraries/STM32F4xx_StdPeriph_Driver/src/stm32f4xx_usart.o

.debug_loc      0x0000000000000000     0x49d2
 .debug_loc     0x0000000000000000      0x1c2 obj/App/STM32F4-Discovery/spi.o
 .debug_loc     0x00000000000001c2      0x570 obj/App/STM32F4-Discovery/W5200.o
 .debug_loc     0x0000000000000732      0x2e2 obj/App/STM32F4-Discovery/modbus_mk.o
 .debug_loc     0x0000000000000a14      0x10f obj/App/STM32F4-Discovery/tcpCLI.o
 .debug_loc     0x0000000000000b23      0x1e7 obj/App/STM32F4-Discovery/printf-stdarg.o
 .debug_loc     0x0000000000000d0a      0x264 obj/App/STM32F4-Discovery/main.o
 .debug_loc     0x0000000000000f6e       0x9c obj/App/STM32F4-Discovery/startup/system_stm32f4xx.o
 .debug_loc     0x000000000000100a      0x900 obj/Source/tasks.o
 .debug_loc     0x000000000000190a      0x620 obj/Source/queue.o
 .debug_loc     0x0000000000001f2a      0x118 obj/Source/list.o
 .debug_loc     0x0000000000002042      0x1dc obj/Source/portable/GCC/ARM_CM4F/port.o
 .debug_loc     0x000000000000221e      0x304 obj/Source/timers.o
 .debug_loc     0x0000000000002522      0x1a0 obj/Source/printf.o
 .debug_loc     0x00000000000026c2      0x144 obj/Source/FreeRTOS-Plus-CLI/FreeRTOS_CLI.o
 .debug_loc     0x0000000000002806      0x138 obj/Source/portable/MemMang/heap_4.o
 .debug_loc     0x000000000000293e      0x118 obj/App/STM32F4-Discovery/Libraries/STM32F4xx_StdPeriph_Driver/src/misc.o
 .debug_loc     0x0000000000002a56      0x428 obj/App/STM32F4-Discovery/Libraries/STM32F4xx_StdPeriph_Driver/src/stm32f4xx_dma.o
 .debug_loc     0x0000000000002e7e      0x1b4 obj/App/STM32F4-Discovery/Libraries/STM32F4xx_StdPeriph_Driver/src/stm32f4xx_exti.o
 .debug_loc     0x0000000000003032      0x310 obj/App/STM32F4-Discovery/Libraries/STM32F4xx_StdPeriph_Driver/src/stm32f4xx_gpio.o
 .debug_loc     0x0000000000003342      0x97c obj/App/STM32F4-Discovery/Libraries/STM32F4xx_StdPeriph_Driver/src/stm32f4xx_rcc.o
 .debug_loc     0x0000000000003cbe      0x578 obj/App/STM32F4-Discovery/Libraries/STM32F4xx_StdPeriph_Driver/src/stm32f4xx_spi.o
 .debug_loc     0x0000000000004236      0x144 obj/App/STM32F4-Discovery/Libraries/STM32F4xx_StdPeriph_Driver/src/stm32f4xx_syscfg.o
 .debug_loc     0x000000000000437a      0x658 obj/App/STM32F4-Discovery/Libraries/STM32F4xx_StdPeriph_Driver/src/stm32f4xx_usart.o

.debug_aranges  0x0000000000000000      0xd08
 .debug_aranges
                0x0000000000000000       0x58 obj/App/STM32F4-Discovery/spi.o
 .debug_aranges
                0x0000000000000058       0xe0 obj/App/STM32F4-Discovery/W5200.o
 .debug_aranges
                0x0000000000000138       0x80 obj/App/STM32F4-Discovery/modbus_mk.o
 .debug_aranges
                0x00000000000001b8       0x40 obj/App/STM32F4-Discovery/tcpCLI.o
 .debug_aranges
                0x00000000000001f8       0x58 obj/App/STM32F4-Discovery/printf-stdarg.o
 .debug_aranges
                0x0000000000000250       0x78 obj/App/STM32F4-Discovery/main.o
 .debug_aranges
                0x00000000000002c8       0x30 obj/App/STM32F4-Discovery/startup/system_stm32f4xx.o
 .debug_aranges
                0x00000000000002f8      0x168 obj/Source/tasks.o
 .debug_aranges
                0x0000000000000460       0xf8 obj/Source/queue.o
 .debug_aranges
                0x0000000000000558       0x40 obj/Source/list.o
 .debug_aranges
                0x0000000000000598       0x98 obj/Source/portable/GCC/ARM_CM4F/port.o
 .debug_aranges
                0x0000000000000630       0x88 obj/Source/timers.o
 .debug_aranges
                0x00000000000006b8       0x50 obj/Source/printf.o
 .debug_aranges
                0x0000000000000708       0x48 obj/Source/FreeRTOS-Plus-CLI/FreeRTOS_CLI.o
 .debug_aranges
                0x0000000000000750       0x48 obj/Source/portable/MemMang/heap_4.o
 .debug_aranges
                0x0000000000000798       0x40 obj/App/STM32F4-Discovery/Libraries/STM32F4xx_StdPeriph_Driver/src/misc.o
 .debug_aranges
                0x00000000000007d8       0xb0 obj/App/STM32F4-Discovery/Libraries/STM32F4xx_StdPeriph_Driver/src/stm32f4xx_dma.o
 .debug_aranges
                0x0000000000000888       0x58 obj/App/STM32F4-Discovery/Libraries/STM32F4xx_StdPeriph_Driver/src/stm32f4xx_exti.o
 .debug_aranges
                0x00000000000008e0       0x88 obj/App/STM32F4-Discovery/Libraries/STM32F4xx_StdPeriph_Driver/src/stm32f4xx_gpio.o
 .debug_aranges
                0x0000000000000968      0x178 obj/App/STM32F4-Discovery/Libraries/STM32F4xx_StdPeriph_Driver/src/stm32f4xx_rcc.o
 .debug_aranges
                0x0000000000000ae0       0xe0 obj/App/STM32F4-Discovery/Libraries/STM32F4xx_StdPeriph_Driver/src/stm32f4xx_spi.o
 .debug_aranges
                0x0000000000000bc0       0x48 obj/App/STM32F4-Discovery/Libraries/STM32F4xx_StdPeriph_Driver/src/stm32f4xx_syscfg.o
 .debug_aranges
                0x0000000000000c08      0x100 obj/App/STM32F4-Discovery/Libraries/STM32F4xx_StdPeriph_Driver/src/stm32f4xx_usart.o

.debug_ranges   0x0000000000000000      0xbc8
 .debug_ranges  0x0000000000000000       0x48 obj/App/STM32F4-Discovery/spi.o
 .debug_ranges  0x0000000000000048       0xd0 obj/App/STM32F4-Discovery/W5200.o
 .debug_ranges  0x0000000000000118       0x70 obj/App/STM32F4-Discovery/modbus_mk.o
 .debug_ranges  0x0000000000000188       0x30 obj/App/STM32F4-Discovery/tcpCLI.o
 .debug_ranges  0x00000000000001b8       0x48 obj/App/STM32F4-Discovery/printf-stdarg.o
 .debug_ranges  0x0000000000000200       0x68 obj/App/STM32F4-Discovery/main.o
 .debug_ranges  0x0000000000000268       0x20 obj/App/STM32F4-Discovery/startup/system_stm32f4xx.o
 .debug_ranges  0x0000000000000288      0x158 obj/Source/tasks.o
 .debug_ranges  0x00000000000003e0       0xe8 obj/Source/queue.o
 .debug_ranges  0x00000000000004c8       0x30 obj/Source/list.o
 .debug_ranges  0x00000000000004f8       0x88 obj/Source/portable/GCC/ARM_CM4F/port.o
 .debug_ranges  0x0000000000000580       0x78 obj/Source/timers.o
 .debug_ranges  0x00000000000005f8       0x70 obj/Source/printf.o
 .debug_ranges  0x0000000000000668       0x38 obj/Source/FreeRTOS-Plus-CLI/FreeRTOS_CLI.o
 .debug_ranges  0x00000000000006a0       0x38 obj/Source/portable/MemMang/heap_4.o
 .debug_ranges  0x00000000000006d8       0x30 obj/App/STM32F4-Discovery/Libraries/STM32F4xx_StdPeriph_Driver/src/misc.o
 .debug_ranges  0x0000000000000708       0xa0 obj/App/STM32F4-Discovery/Libraries/STM32F4xx_StdPeriph_Driver/src/stm32f4xx_dma.o
 .debug_ranges  0x00000000000007a8       0x48 obj/App/STM32F4-Discovery/Libraries/STM32F4xx_StdPeriph_Driver/src/stm32f4xx_exti.o
 .debug_ranges  0x00000000000007f0       0x78 obj/App/STM32F4-Discovery/Libraries/STM32F4xx_StdPeriph_Driver/src/stm32f4xx_gpio.o
 .debug_ranges  0x0000000000000868      0x168 obj/App/STM32F4-Discovery/Libraries/STM32F4xx_StdPeriph_Driver/src/stm32f4xx_rcc.o
 .debug_ranges  0x00000000000009d0       0xd0 obj/App/STM32F4-Discovery/Libraries/STM32F4xx_StdPeriph_Driver/src/stm32f4xx_spi.o
 .debug_ranges  0x0000000000000aa0       0x38 obj/App/STM32F4-Discovery/Libraries/STM32F4xx_StdPeriph_Driver/src/stm32f4xx_syscfg.o
 .debug_ranges  0x0000000000000ad8       0xf0 obj/App/STM32F4-Discovery/Libraries/STM32F4xx_StdPeriph_Driver/src/stm32f4xx_usart.o

.debug_line     0x0000000000000000     0x64ea
 .debug_line    0x0000000000000000      0x422 obj/App/STM32F4-Discovery/spi.o
 .debug_line    0x0000000000000422      0x62b obj/App/STM32F4-Discovery/W5200.o
 .debug_line    0x0000000000000a4d      0x5a7 obj/App/STM32F4-Discovery/modbus_mk.o
 .debug_line    0x0000000000000ff4      0x3ca obj/App/STM32F4-Discovery/tcpCLI.o
 .debug_line    0x00000000000013be      0x258 obj/App/STM32F4-Discovery/printf-stdarg.o
 .debug_line    0x0000000000001616      0x40c obj/App/STM32F4-Discovery/main.o
 .debug_line    0x0000000000001a22      0x20f obj/App/STM32F4-Discovery/startup/system_stm32f4xx.o
 .debug_line    0x0000000000001c31      0x962 obj/Source/tasks.o
 .debug_line    0x0000000000002593      0x6c8 obj/Source/queue.o
 .debug_line    0x0000000000002c5b      0x1eb obj/Source/list.o
 .debug_line    0x0000000000002e46      0x32b obj/Source/portable/GCC/ARM_CM4F/port.o
 .debug_line    0x0000000000003171      0x353 obj/Source/timers.o
 .debug_line    0x00000000000034c4      0x3b0 obj/Source/printf.o
 .debug_line    0x0000000000003874      0x2bf obj/Source/FreeRTOS-Plus-CLI/FreeRTOS_CLI.o
 .debug_line    0x0000000000003b33      0x279 obj/Source/portable/MemMang/heap_4.o
 .debug_line    0x0000000000003dac      0x2a2 obj/App/STM32F4-Discovery/Libraries/STM32F4xx_StdPeriph_Driver/src/misc.o
 .debug_line    0x000000000000404e      0x58d obj/App/STM32F4-Discovery/Libraries/STM32F4xx_StdPeriph_Driver/src/stm32f4xx_dma.o
 .debug_line    0x00000000000045db      0x319 obj/App/STM32F4-Discovery/Libraries/STM32F4xx_StdPeriph_Driver/src/stm32f4xx_exti.o
 .debug_line    0x00000000000048f4      0x44d obj/App/STM32F4-Discovery/Libraries/STM32F4xx_StdPeriph_Driver/src/stm32f4xx_gpio.o
 .debug_line    0x0000000000004d41      0x814 obj/App/STM32F4-Discovery/Libraries/STM32F4xx_StdPeriph_Driver/src/stm32f4xx_rcc.o
 .debug_line    0x0000000000005555      0x655 obj/App/STM32F4-Discovery/Libraries/STM32F4xx_StdPeriph_Driver/src/stm32f4xx_spi.o
 .debug_line    0x0000000000005baa      0x251 obj/App/STM32F4-Discovery/Libraries/STM32F4xx_StdPeriph_Driver/src/stm32f4xx_syscfg.o
 .debug_line    0x0000000000005dfb      0x6ef obj/App/STM32F4-Discovery/Libraries/STM32F4xx_StdPeriph_Driver/src/stm32f4xx_usart.o

.debug_str      0x0000000000000000     0x4436
 .debug_str     0x0000000000000000      0xd8d obj/App/STM32F4-Discovery/spi.o
                                        0xe1c (size before relaxing)
 .debug_str     0x0000000000000d8d      0x347 obj/App/STM32F4-Discovery/W5200.o
                                        0x681 (size before relaxing)
 .debug_str     0x00000000000010d4      0x301 obj/App/STM32F4-Discovery/modbus_mk.o
                                        0xe2f (size before relaxing)
 .debug_str     0x00000000000013d5       0xe2 obj/App/STM32F4-Discovery/tcpCLI.o
                                        0x566 (size before relaxing)
 .debug_str     0x00000000000014b7       0x9c obj/App/STM32F4-Discovery/printf-stdarg.o
                                        0x1e1 (size before relaxing)
 .debug_str     0x0000000000001553      0x212 obj/App/STM32F4-Discovery/main.o
                                        0xbc1 (size before relaxing)
 .debug_str     0x0000000000001765      0x1bf obj/App/STM32F4-Discovery/startup/system_stm32f4xx.o
                                        0x41e (size before relaxing)
 .debug_str     0x0000000000001924      0x94f obj/Source/tasks.o
                                        0xb95 (size before relaxing)
 .debug_str     0x0000000000002273      0x452 obj/Source/queue.o
                                        0x74e (size before relaxing)
 .debug_str     0x00000000000026c5       0x9b obj/Source/list.o
                                        0x2f6 (size before relaxing)
 .debug_str     0x0000000000002760      0x22c obj/Source/portable/GCC/ARM_CM4F/port.o
                                        0x439 (size before relaxing)
 .debug_str     0x000000000000298c      0x335 obj/Source/timers.o
                                        0x604 (size before relaxing)
 .debug_str     0x0000000000002cc1       0x64 obj/Source/printf.o
                                        0x2c4 (size before relaxing)
 .debug_str     0x0000000000002d25      0x1ef obj/Source/FreeRTOS-Plus-CLI/FreeRTOS_CLI.o
                                        0x4af (size before relaxing)
 .debug_str     0x0000000000002f14      0x195 obj/Source/portable/MemMang/heap_4.o
                                        0x37a (size before relaxing)
 .debug_str     0x00000000000030a9      0x12f obj/App/STM32F4-Discovery/Libraries/STM32F4xx_StdPeriph_Driver/src/misc.o
                                        0x45d (size before relaxing)
 .debug_str     0x00000000000031d8      0x27c obj/App/STM32F4-Discovery/Libraries/STM32F4xx_StdPeriph_Driver/src/stm32f4xx_dma.o
                                        0x5e3 (size before relaxing)
 .debug_str     0x0000000000003454       0xf6 obj/App/STM32F4-Discovery/Libraries/STM32F4xx_StdPeriph_Driver/src/stm32f4xx_exti.o
                                        0x40e (size before relaxing)
 .debug_str     0x000000000000354a      0x193 obj/App/STM32F4-Discovery/Libraries/STM32F4xx_StdPeriph_Driver/src/stm32f4xx_gpio.o
                                        0x532 (size before relaxing)
 .debug_str     0x00000000000036dd      0x56f obj/App/STM32F4-Discovery/Libraries/STM32F4xx_StdPeriph_Driver/src/stm32f4xx_rcc.o
                                        0x8df (size before relaxing)
 .debug_str     0x0000000000003c4c      0x2e9 obj/App/STM32F4-Discovery/Libraries/STM32F4xx_StdPeriph_Driver/src/stm32f4xx_spi.o
                                        0x719 (size before relaxing)
 .debug_str     0x0000000000003f35      0x169 obj/App/STM32F4-Discovery/Libraries/STM32F4xx_StdPeriph_Driver/src/stm32f4xx_syscfg.o
                                        0x383 (size before relaxing)
 .debug_str     0x000000000000409e      0x398 obj/App/STM32F4-Discovery/Libraries/STM32F4xx_StdPeriph_Driver/src/stm32f4xx_usart.o
                                        0x71e (size before relaxing)

.comment        0x0000000000000000       0x70
 .comment       0x0000000000000000       0x70 obj/App/STM32F4-Discovery/spi.o
                                         0x71 (size before relaxing)
 .comment       0x0000000000000000       0x71 obj/App/STM32F4-Discovery/W5200.o
 .comment       0x0000000000000000       0x71 obj/App/STM32F4-Discovery/modbus_mk.o
 .comment       0x0000000000000000       0x71 obj/App/STM32F4-Discovery/tcpCLI.o
 .comment       0x0000000000000000       0x71 obj/App/STM32F4-Discovery/printf-stdarg.o
 .comment       0x0000000000000000       0x71 obj/App/STM32F4-Discovery/main.o
 .comment       0x0000000000000000       0x71 obj/App/STM32F4-Discovery/startup/system_stm32f4xx.o
 .comment       0x0000000000000000       0x71 obj/Source/tasks.o
 .comment       0x0000000000000000       0x71 obj/Source/queue.o
 .comment       0x0000000000000000       0x71 obj/Source/list.o
 .comment       0x0000000000000000       0x71 obj/Source/portable/GCC/ARM_CM4F/port.o
 .comment       0x0000000000000000       0x71 obj/Source/timers.o
 .comment       0x0000000000000000       0x71 obj/Source/printf.o
 .comment       0x0000000000000000       0x71 obj/Source/FreeRTOS-Plus-CLI/FreeRTOS_CLI.o
 .comment       0x0000000000000000       0x71 obj/Source/portable/MemMang/heap_4.o
 .comment       0x0000000000000000       0x71 obj/App/STM32F4-Discovery/Libraries/STM32F4xx_StdPeriph_Driver/src/misc.o
 .comment       0x0000000000000000       0x71 obj/App/STM32F4-Discovery/Libraries/STM32F4xx_StdPeriph_Driver/src/stm32f4xx_dma.o
 .comment       0x0000000000000000       0x71 obj/App/STM32F4-Discovery/Libraries/STM32F4xx_StdPeriph_Driver/src/stm32f4xx_exti.o
 .comment       0x0000000000000000       0x71 obj/App/STM32F4-Discovery/Libraries/STM32F4xx_StdPeriph_Driver/src/stm32f4xx_gpio.o
 .comment       0x0000000000000000       0x71 obj/App/STM32F4-Discovery/Libraries/STM32F4xx_StdPeriph_Driver/src/stm32f4xx_rcc.o
 .comment       0x0000000000000000       0x71 obj/App/STM32F4-Discovery/Libraries/STM32F4xx_StdPeriph_Driver/src/stm32f4xx_spi.o
 .comment       0x0000000000000000       0x71 obj/App/STM32F4-Discovery/Libraries/STM32F4xx_StdPeriph_Driver/src/stm32f4xx_syscfg.o
 .comment       0x0000000000000000       0x71 obj/App/STM32F4-Discovery/Libraries/STM32F4xx_StdPeriph_Driver/src/stm32f4xx_usart.o

.debug_frame    0x0000000000000000     0x2eac
 .debug_frame   0x0000000000000000      0x12c obj/App/STM32F4-Discovery/spi.o
 .debug_frame   0x000000000000012c      0x340 obj/App/STM32F4-Discovery/W5200.o
 .debug_frame   0x000000000000046c      0x1a8 obj/App/STM32F4-Discovery/modbus_mk.o
 .debug_frame   0x0000000000000614       0xd4 obj/App/STM32F4-Discovery/tcpCLI.o
 .debug_frame   0x00000000000006e8      0x154 obj/App/STM32F4-Discovery/printf-stdarg.o
 .debug_frame   0x000000000000083c      0x170 obj/App/STM32F4-Discovery/main.o
 .debug_frame   0x00000000000009ac       0x64 obj/App/STM32F4-Discovery/startup/system_stm32f4xx.o
 .debug_frame   0x0000000000000a10      0x538 obj/Source/tasks.o
 .debug_frame   0x0000000000000f48      0x384 obj/Source/queue.o
 .debug_frame   0x00000000000012cc       0x9c obj/Source/list.o
 .debug_frame   0x0000000000001368      0x190 obj/Source/portable/GCC/ARM_CM4F/port.o
 .debug_frame   0x00000000000014f8      0x1c4 obj/Source/timers.o
 .debug_frame   0x00000000000016bc      0x100 obj/Source/printf.o
 .debug_frame   0x00000000000017bc       0xc4 obj/Source/FreeRTOS-Plus-CLI/FreeRTOS_CLI.o
 .debug_frame   0x0000000000001880       0xc4 obj/Source/portable/MemMang/heap_4.o
 .debug_frame   0x0000000000001944       0xb0 obj/App/STM32F4-Discovery/Libraries/STM32F4xx_StdPeriph_Driver/src/misc.o
 .debug_frame   0x00000000000019f4      0x26c obj/App/STM32F4-Discovery/Libraries/STM32F4xx_StdPeriph_Driver/src/stm32f4xx_dma.o
 .debug_frame   0x0000000000001c60      0x108 obj/App/STM32F4-Discovery/Libraries/STM32F4xx_StdPeriph_Driver/src/stm32f4xx_exti.o
 .debug_frame   0x0000000000001d68      0x1cc obj/App/STM32F4-Discovery/Libraries/STM32F4xx_StdPeriph_Driver/src/stm32f4xx_gpio.o
 .debug_frame   0x0000000000001f34      0x580 obj/App/STM32F4-Discovery/Libraries/STM32F4xx_StdPeriph_Driver/src/stm32f4xx_rcc.o
 .debug_frame   0x00000000000024b4      0x328 obj/App/STM32F4-Discovery/Libraries/STM32F4xx_StdPeriph_Driver/src/stm32f4xx_spi.o
 .debug_frame   0x00000000000027dc       0xcc obj/App/STM32F4-Discovery/Libraries/STM32F4xx_StdPeriph_Driver/src/stm32f4xx_syscfg.o
 .debug_frame   0x00000000000028a8      0x3a8 obj/App/STM32F4-Discovery/Libraries/STM32F4xx_StdPeriph_Driver/src/stm32f4xx_usart.o
 .debug_frame   0x0000000000002c50       0x30 /Users/maticknap/ARM/gcc-arm-none-eabi-4_8-2014q2/bin/../lib/gcc/arm-none-eabi/4.8.4/../../../../arm-none-eabi/lib/armv7e-m/softfp/libc.a(lib_a-atoi.o)
 .debug_frame   0x0000000000002c80       0x2c /Users/maticknap/ARM/gcc-arm-none-eabi-4_8-2014q2/bin/../lib/gcc/arm-none-eabi/4.8.4/../../../../arm-none-eabi/lib/armv7e-m/softfp/libc.a(lib_a-init.o)
 .debug_frame   0x0000000000002cac       0x2c /Users/maticknap/ARM/gcc-arm-none-eabi-4_8-2014q2/bin/../lib/gcc/arm-none-eabi/4.8.4/../../../../arm-none-eabi/lib/armv7e-m/softfp/libc.a(lib_a-memcmp.o)
 .debug_frame   0x0000000000002cd8       0x2c /Users/maticknap/ARM/gcc-arm-none-eabi-4_8-2014q2/bin/../lib/gcc/arm-none-eabi/4.8.4/../../../../arm-none-eabi/lib/armv7e-m/softfp/libc.a(lib_a-memset.o)
 .debug_frame   0x0000000000002d04       0x20 /Users/maticknap/ARM/gcc-arm-none-eabi-4_8-2014q2/bin/../lib/gcc/arm-none-eabi/4.8.4/../../../../arm-none-eabi/lib/armv7e-m/softfp/libc.a(lib_a-strcpy.o)
 .debug_frame   0x0000000000002d24       0x20 /Users/maticknap/ARM/gcc-arm-none-eabi-4_8-2014q2/bin/../lib/gcc/arm-none-eabi/4.8.4/../../../../arm-none-eabi/lib/armv7e-m/softfp/libc.a(lib_a-strlen.o)
 .debug_frame   0x0000000000002d44       0x28 /Users/maticknap/ARM/gcc-arm-none-eabi-4_8-2014q2/bin/../lib/gcc/arm-none-eabi/4.8.4/../../../../arm-none-eabi/lib/armv7e-m/softfp/libc.a(lib_a-strncmp.o)
 .debug_frame   0x0000000000002d6c       0x2c /Users/maticknap/ARM/gcc-arm-none-eabi-4_8-2014q2/bin/../lib/gcc/arm-none-eabi/4.8.4/../../../../arm-none-eabi/lib/armv7e-m/softfp/libc.a(lib_a-strncpy.o)
 .debug_frame   0x0000000000002d98       0x50 /Users/maticknap/ARM/gcc-arm-none-eabi-4_8-2014q2/bin/../lib/gcc/arm-none-eabi/4.8.4/../../../../arm-none-eabi/lib/armv7e-m/softfp/libc.a(lib_a-strtol.o)
 .debug_frame   0x0000000000002de8       0x48 /Users/maticknap/ARM/gcc-arm-none-eabi-4_8-2014q2/bin/../lib/gcc/arm-none-eabi/4.8.4/../../../../arm-none-eabi/lib/armv7e-m/softfp/libc.a(lib_a-__call_atexit.o)
 .debug_frame   0x0000000000002e30       0x20 /Users/maticknap/ARM/gcc-arm-none-eabi-4_8-2014q2/bin/../lib/gcc/arm-none-eabi/4.8.4/../../../../arm-none-eabi/lib/armv7e-m/softfp/libc.a(lib_a-atexit.o)
 .debug_frame   0x0000000000002e50       0x2c /Users/maticknap/ARM/gcc-arm-none-eabi-4_8-2014q2/bin/../lib/gcc/arm-none-eabi/4.8.4/../../../../arm-none-eabi/lib/armv7e-m/softfp/libc.a(lib_a-fini.o)
 .debug_frame   0x0000000000002e7c       0x30 /Users/maticknap/ARM/gcc-arm-none-eabi-4_8-2014q2/bin/../lib/gcc/arm-none-eabi/4.8.4/../../../../arm-none-eabi/lib/armv7e-m/softfp/libc.a(lib_a-__atexit.o)

Cross Reference Table

Symbol                                            File
ADC_AnalogWatchdogCmd                             obj/App/STM32F4-Discovery/Libraries/STM32F4xx_StdPeriph_Driver/src/stm32f4xx_adc.o
ADC_AnalogWatchdogSingleChannelConfig             obj/App/STM32F4-Discovery/Libraries/STM32F4xx_StdPeriph_Driver/src/stm32f4xx_adc.o
ADC_AnalogWatchdogThresholdsConfig                obj/App/STM32F4-Discovery/Libraries/STM32F4xx_StdPeriph_Driver/src/stm32f4xx_adc.o
ADC_AutoInjectedConvCmd                           obj/App/STM32F4-Discovery/Libraries/STM32F4xx_StdPeriph_Driver/src/stm32f4xx_adc.o
ADC_ClearFlag                                     obj/App/STM32F4-Discovery/Libraries/STM32F4xx_StdPeriph_Driver/src/stm32f4xx_adc.o
ADC_ClearITPendingBit                             obj/App/STM32F4-Discovery/Libraries/STM32F4xx_StdPeriph_Driver/src/stm32f4xx_adc.o
ADC_Cmd                                           obj/App/STM32F4-Discovery/Libraries/STM32F4xx_StdPeriph_Driver/src/stm32f4xx_adc.o
ADC_CommonInit                                    obj/App/STM32F4-Discovery/Libraries/STM32F4xx_StdPeriph_Driver/src/stm32f4xx_adc.o
ADC_CommonStructInit                              obj/App/STM32F4-Discovery/Libraries/STM32F4xx_StdPeriph_Driver/src/stm32f4xx_adc.o
ADC_ContinuousModeCmd                             obj/App/STM32F4-Discovery/Libraries/STM32F4xx_StdPeriph_Driver/src/stm32f4xx_adc.o
ADC_DMACmd                                        obj/App/STM32F4-Discovery/Libraries/STM32F4xx_StdPeriph_Driver/src/stm32f4xx_adc.o
ADC_DMARequestAfterLastTransferCmd                obj/App/STM32F4-Discovery/Libraries/STM32F4xx_StdPeriph_Driver/src/stm32f4xx_adc.o
ADC_DeInit                                        obj/App/STM32F4-Discovery/Libraries/STM32F4xx_StdPeriph_Driver/src/stm32f4xx_adc.o
ADC_DiscModeChannelCountConfig                    obj/App/STM32F4-Discovery/Libraries/STM32F4xx_StdPeriph_Driver/src/stm32f4xx_adc.o
ADC_DiscModeCmd                                   obj/App/STM32F4-Discovery/Libraries/STM32F4xx_StdPeriph_Driver/src/stm32f4xx_adc.o