Archive member included because of file (symbol)

/Users/maticknap/ARM/gcc-arm-none-eabi-4_8-2014q2/bin/../lib/gcc/arm-none-eabi/4.8.4/armv7e-m/softfp/libgcc.a(_arm_addsubdf3.o)
                              obj/App/Common/Minimal/flop.o (__aeabi_dsub)
/Users/maticknap/ARM/gcc-arm-none-eabi-4_8-2014q2/bin/../lib/gcc/arm-none-eabi/4.8.4/armv7e-m/softfp/libgcc.a(_arm_muldivdf3.o)
                              obj/App/Common/Minimal/flop.o (__aeabi_dmul)
/Users/maticknap/ARM/gcc-arm-none-eabi-4_8-2014q2/bin/../lib/gcc/arm-none-eabi/4.8.4/armv7e-m/softfp/libgcc.a(_arm_cmpdf2.o)
                              obj/App/Common/Minimal/flop.o (__aeabi_dcmpgt)
/Users/maticknap/ARM/gcc-arm-none-eabi-4_8-2014q2/bin/../lib/gcc/arm-none-eabi/4.8.4/../../../../arm-none-eabi/lib/armv7e-m/softfp/libc.a(lib_a-exit.o)
                              /Users/maticknap/ARM/gcc-arm-none-eabi-4_8-2014q2/bin/../lib/gcc/arm-none-eabi/4.8.4/../../../../arm-none-eabi/lib/armv7e-m/softfp/crt0.o (exit)
/Users/maticknap/ARM/gcc-arm-none-eabi-4_8-2014q2/bin/../lib/gcc/arm-none-eabi/4.8.4/../../../../arm-none-eabi/lib/armv7e-m/softfp/libc.a(lib_a-impure.o)
                              /Users/maticknap/ARM/gcc-arm-none-eabi-4_8-2014q2/bin/../lib/gcc/arm-none-eabi/4.8.4/../../../../arm-none-eabi/lib/armv7e-m/softfp/libc.a(lib_a-exit.o) (_global_impure_ptr)
/Users/maticknap/ARM/gcc-arm-none-eabi-4_8-2014q2/bin/../lib/gcc/arm-none-eabi/4.8.4/../../../../arm-none-eabi/lib/armv7e-m/softfp/libc.a(lib_a-init.o)
                              /Users/maticknap/ARM/gcc-arm-none-eabi-4_8-2014q2/bin/../lib/gcc/arm-none-eabi/4.8.4/../../../../arm-none-eabi/lib/armv7e-m/softfp/crt0.o (__libc_init_array)
/Users/maticknap/ARM/gcc-arm-none-eabi-4_8-2014q2/bin/../lib/gcc/arm-none-eabi/4.8.4/../../../../arm-none-eabi/lib/armv7e-m/softfp/libc.a(lib_a-memcmp.o)
                              obj/Source/tasks.o (memcmp)
/Users/maticknap/ARM/gcc-arm-none-eabi-4_8-2014q2/bin/../lib/gcc/arm-none-eabi/4.8.4/../../../../arm-none-eabi/lib/armv7e-m/softfp/libc.a(lib_a-memcpy.o)
                              obj/Source/queue.o (memcpy)
/Users/maticknap/ARM/gcc-arm-none-eabi-4_8-2014q2/bin/../lib/gcc/arm-none-eabi/4.8.4/../../../../arm-none-eabi/lib/armv7e-m/softfp/libc.a(lib_a-memset.o)
                              /Users/maticknap/ARM/gcc-arm-none-eabi-4_8-2014q2/bin/../lib/gcc/arm-none-eabi/4.8.4/../../../../arm-none-eabi/lib/armv7e-m/softfp/crt0.o (memset)
/Users/maticknap/ARM/gcc-arm-none-eabi-4_8-2014q2/bin/../lib/gcc/arm-none-eabi/4.8.4/../../../../arm-none-eabi/lib/armv7e-m/softfp/libc.a(lib_a-strlen.o)
                              obj/Source/tasks.o (strlen)
/Users/maticknap/ARM/gcc-arm-none-eabi-4_8-2014q2/bin/../lib/gcc/arm-none-eabi/4.8.4/../../../../arm-none-eabi/lib/armv7e-m/softfp/libc.a(lib_a-strncmp.o)
                              obj/Source/FreeRTOS-Plus-CLI/FreeRTOS_CLI.o (strncmp)
/Users/maticknap/ARM/gcc-arm-none-eabi-4_8-2014q2/bin/../lib/gcc/arm-none-eabi/4.8.4/../../../../arm-none-eabi/lib/armv7e-m/softfp/libc.a(lib_a-strncpy.o)
                              obj/Source/FreeRTOS-Plus-CLI/FreeRTOS_CLI.o (strncpy)
/Users/maticknap/ARM/gcc-arm-none-eabi-4_8-2014q2/bin/../lib/gcc/arm-none-eabi/4.8.4/../../../../arm-none-eabi/lib/armv7e-m/softfp/libc.a(lib_a-__call_atexit.o)
                              /Users/maticknap/ARM/gcc-arm-none-eabi-4_8-2014q2/bin/../lib/gcc/arm-none-eabi/4.8.4/../../../../arm-none-eabi/lib/armv7e-m/softfp/libc.a(lib_a-exit.o) (__call_exitprocs)
/Users/maticknap/ARM/gcc-arm-none-eabi-4_8-2014q2/bin/../lib/gcc/arm-none-eabi/4.8.4/../../../../arm-none-eabi/lib/armv7e-m/softfp/libc.a(lib_a-atexit.o)
                              /Users/maticknap/ARM/gcc-arm-none-eabi-4_8-2014q2/bin/../lib/gcc/arm-none-eabi/4.8.4/../../../../arm-none-eabi/lib/armv7e-m/softfp/libc.a(lib_a-__call_atexit.o) (atexit)
/Users/maticknap/ARM/gcc-arm-none-eabi-4_8-2014q2/bin/../lib/gcc/arm-none-eabi/4.8.4/../../../../arm-none-eabi/lib/armv7e-m/softfp/libc.a(lib_a-fini.o)
                              /Users/maticknap/ARM/gcc-arm-none-eabi-4_8-2014q2/bin/../lib/gcc/arm-none-eabi/4.8.4/../../../../arm-none-eabi/lib/armv7e-m/softfp/libc.a(lib_a-__call_atexit.o) (__libc_fini_array)
/Users/maticknap/ARM/gcc-arm-none-eabi-4_8-2014q2/bin/../lib/gcc/arm-none-eabi/4.8.4/../../../../arm-none-eabi/lib/armv7e-m/softfp/libc.a(lib_a-__atexit.o)
                              /Users/maticknap/ARM/gcc-arm-none-eabi-4_8-2014q2/bin/../lib/gcc/arm-none-eabi/4.8.4/../../../../arm-none-eabi/lib/armv7e-m/softfp/libc.a(lib_a-atexit.o) (__register_exitproc)

Allocating common symbols
Common symbol       size              file

bufferTXusart       0xc8              obj/App/STM32F4-Discovery/usart.o
xQueueRegistry      0x40              obj/Source/queue.o
bufferTXspi         0xc8              obj/App/STM32F4-Discovery/spi.o
motorHBHandle       0x4               obj/App/STM32F4-Discovery/main.o
socket_0            0x4               obj/App/STM32F4-Discovery/main.o
[...]
Memory Configuration

Name             Origin             Length             Attributes
FLASH            0x0000000008000000 0x0000000000100000 xr
RAM              0x0000000020000000 0x0000000000030000 xrw
MEMORY_B1        0x0000000060000000 0x0000000000000000 xr
*default*        0x0000000000000000 0xffffffffffffffff

Linker script and memory map

LOAD /Users/maticknap/ARM/gcc-arm-none-eabi-4_8-2014q2/bin/../lib/gcc/arm-none-eabi/4.8.4/armv7e-m/softfp/crti.o
LOAD /Users/maticknap/ARM/gcc-arm-none-eabi-4_8-2014q2/bin/../lib/gcc/arm-none-eabi/4.8.4/armv7e-m/softfp/crtbegin.o
LOAD /Users/maticknap/ARM/gcc-arm-none-eabi-4_8-2014q2/bin/../lib/gcc/arm-none-eabi/4.8.4/../../../../arm-none-eabi/lib/armv7e-m/softfp/crt0.o
LOAD obj/App/STM32F4-Discovery/spi.o
LOAD obj/App/STM32F4-Discovery/usart.o
LOAD obj/App/STM32F4-Discovery/printf-stdarg.o
LOAD obj/App/STM32F4-Discovery/main.o
LOAD obj/App/STM32F4-Discovery/startup/startup_stm32f4xx.o
LOAD obj/App/STM32F4-Discovery/startup/system_stm32f4xx.o
LOAD obj/Source/tasks.o
LOAD obj/Source/queue.o
LOAD obj/Source/list.o
LOAD obj/Source/croutine.o
LOAD obj/Source/portable/GCC/ARM_CM4F/port.o
LOAD obj/Source/timers.o
LOAD obj/Source/printf.o
LOAD obj/Source/FreeRTOS-Plus-CLI/FreeRTOS_CLI.o
LOAD obj/Source/portable/MemMang/heap_4.o
LOAD obj/App/Common/Minimal/BlockQ.o
LOAD obj/App/Common/Minimal/blocktim.o
LOAD obj/App/Common/Minimal/countsem.o
LOAD obj/App/Common/Minimal/death.o
LOAD obj/App/Common/Minimal/dynamic.o
LOAD obj/App/Common/Minimal/flash.o
LOAD obj/App/Common/Minimal/flop.o
LOAD obj/App/Common/Minimal/GenQTest.o
LOAD obj/App/Common/Minimal/integer.o
LOAD obj/App/Common/Minimal/PollQ.o
LOAD obj/App/Common/Minimal/recmutex.o
LOAD obj/App/Common/Minimal/semtest.o
LOAD obj/App/STM32F4-Discovery/board/stm32f4_discovery.o
LOAD obj/App/STM32F4-Discovery/Libraries/STM32F4xx_StdPeriph_Driver/src/misc.o
LOAD obj/App/STM32F4-Discovery/Libraries/STM32F4xx_StdPeriph_Driver/src/stm32f4xx_adc.o
LOAD obj/App/STM32F4-Discovery/Libraries/STM32F4xx_StdPeriph_Driver/src/stm32f4xx_can.o
LOAD obj/App/STM32F4-Discovery/Libraries/STM32F4xx_StdPeriph_Driver/src/stm32f4xx_crc.o
LOAD obj/App/STM32F4-Discovery/Libraries/STM32F4xx_StdPeriph_Driver/src/stm32f4xx_cryp.o
LOAD obj/App/STM32F4-Discovery/Libraries/STM32F4xx_StdPeriph_Driver/src/stm32f4xx_cryp_aes.o
LOAD obj/App/STM32F4-Discovery/Libraries/STM32F4xx_StdPeriph_Driver/src/stm32f4xx_cryp_des.o
LOAD obj/App/STM32F4-Discovery/Libraries/STM32F4xx_StdPeriph_Driver/src/stm32f4xx_cryp_tdes.o
LOAD obj/App/STM32F4-Discovery/Libraries/STM32F4xx_StdPeriph_Driver/src/stm32f4xx_dac.o
LOAD obj/App/STM32F4-Discovery/Libraries/STM32F4xx_StdPeriph_Driver/src/stm32f4xx_dbgmcu.o
LOAD obj/App/STM32F4-Discovery/Libraries/STM32F4xx_StdPeriph_Driver/src/stm32f4xx_dcmi.o
LOAD obj/App/STM32F4-Discovery/Libraries/STM32F4xx_StdPeriph_Driver/src/stm32f4xx_dma.o
LOAD obj/App/STM32F4-Discovery/Libraries/STM32F4xx_StdPeriph_Driver/src/stm32f4xx_exti.o
LOAD obj/App/STM32F4-Discovery/Libraries/STM32F4xx_StdPeriph_Driver/src/stm32f4xx_flash.o
LOAD obj/App/STM32F4-Discovery/Libraries/STM32F4xx_StdPeriph_Driver/src/stm32f4xx_fsmc.o
LOAD obj/App/STM32F4-Discovery/Libraries/STM32F4xx_StdPeriph_Driver/src/stm32f4xx_gpio.o
LOAD obj/App/STM32F4-Discovery/Libraries/STM32F4xx_StdPeriph_Driver/src/stm32f4xx_hash.o
LOAD obj/App/STM32F4-Discovery/Libraries/STM32F4xx_StdPeriph_Driver/src/stm32f4xx_hash_md5.o
LOAD obj/App/STM32F4-Discovery/Libraries/STM32F4xx_StdPeriph_Driver/src/stm32f4xx_hash_sha1.o
LOAD obj/App/STM32F4-Discovery/Libraries/STM32F4xx_StdPeriph_Driver/src/stm32f4xx_i2c.o
LOAD obj/App/STM32F4-Discovery/Libraries/STM32F4xx_StdPeriph_Driver/src/stm32f4xx_iwdg.o
LOAD obj/App/STM32F4-Discovery/Libraries/STM32F4xx_StdPeriph_Driver/src/stm32f4xx_pwr.o
LOAD obj/App/STM32F4-Discovery/Libraries/STM32F4xx_StdPeriph_Driver/src/stm32f4xx_rcc.o
LOAD obj/App/STM32F4-Discovery/Libraries/STM32F4xx_StdPeriph_Driver/src/stm32f4xx_rng.o
LOAD obj/App/STM32F4-Discovery/Libraries/STM32F4xx_StdPeriph_Driver/src/stm32f4xx_rtc.o
LOAD obj/App/STM32F4-Discovery/Libraries/STM32F4xx_StdPeriph_Driver/src/stm32f4xx_sdio.o
LOAD obj/App/STM32F4-Discovery/Libraries/STM32F4xx_StdPeriph_Driver/src/stm32f4xx_spi.o
LOAD obj/App/STM32F4-Discovery/Libraries/STM32F4xx_StdPeriph_Driver/src/stm32f4xx_syscfg.o
LOAD obj/App/STM32F4-Discovery/Libraries/STM32F4xx_StdPeriph_Driver/src/stm32f4xx_tim.o
LOAD obj/App/STM32F4-Discovery/Libraries/STM32F4xx_StdPeriph_Driver/src/stm32f4xx_usart.o
LOAD obj/App/STM32F4-Discovery/Libraries/STM32F4xx_StdPeriph_Driver/src/stm32f4xx_wwdg.o
LOAD /Users/maticknap/ARM/gcc-arm-none-eabi-4_8-2014q2/bin/../lib/gcc/arm-none-eabi/4.8.4/../../../../arm-none-eabi/lib/armv7e-m/softfp/libm.a
START GROUP
LOAD /Users/maticknap/ARM/gcc-arm-none-eabi-4_8-2014q2/bin/../lib/gcc/arm-none-eabi/4.8.4/armv7e-m/softfp/libgcc.a
LOAD /Users/maticknap/ARM/gcc-arm-none-eabi-4_8-2014q2/bin/../lib/gcc/arm-none-eabi/4.8.4/../../../../arm-none-eabi/lib/armv7e-m/softfp/libc.a
END GROUP
LOAD /Users/maticknap/ARM/gcc-arm-none-eabi-4_8-2014q2/bin/../lib/gcc/arm-none-eabi/4.8.4/armv7e-m/softfp/crtend.o
LOAD /Users/maticknap/ARM/gcc-arm-none-eabi-4_8-2014q2/bin/../lib/gcc/arm-none-eabi/4.8.4/armv7e-m/softfp/crtn.o
                0x0000000020020000                _estack = 0x20020000
                0x0000000000000000                _Min_Heap_Size = 0x0
                0x0000000000000400                _Min_Stack_Size = 0x400

.isr_vector     0x0000000008000000      0x188
                0x0000000008000000                . = ALIGN (0x4)
 *(.isr_vector)
 .isr_vector    0x0000000008000000      0x188 obj/App/STM32F4-Discovery/startup/startup_stm32f4xx.o
                0x0000000008000000                g_pfnVectors
                0x0000000008000188                . = ALIGN (0x4)

.text           0x0000000008000188     0x571c
                0x0000000008000188                . = ALIGN (0x4)
 *(.text)
 .text          0x0000000008000188       0x54 /Users/maticknap/ARM/gcc-arm-none-eabi-4_8-2014q2/bin/../lib/gcc/arm-none-eabi/4.8.4/armv7e-m/softfp/crtbegin.o
 .text          0x00000000080001dc      0x134 /Users/maticknap/ARM/gcc-arm-none-eabi-4_8-2014q2/bin/../lib/gcc/arm-none-eabi/4.8.4/../../../../arm-none-eabi/lib/armv7e-m/softfp/libc.a(lib_a-memcpy.o)
                0x00000000080001dc                memcpy
 *(.text*)
 .text.init_SPIx
                0x0000000008000310      0x278 obj/App/STM32F4-Discovery/spi.o
                0x0000000008000310                init_SPIx
 .text.init_SPIy
                0x0000000008000588      0x27c obj/App/STM32F4-Discovery/spi.o
                0x0000000008000588                init_SPIy
 .text.DMA2_Stream2_IRQHandler
                0x0000000008000804       0x90 obj/App/STM32F4-Discovery/spi.o
                0x0000000008000804                DMA2_Stream2_IRQHandler
 .text.DMA2_Stream3_IRQHandler
                0x0000000008000894       0x94 obj/App/STM32F4-Discovery/spi.o
                0x0000000008000894                DMA2_Stream3_IRQHandler
 .text.DMA1_Stream3_IRQHandler
                0x0000000008000928       0x90 obj/App/STM32F4-Discovery/spi.o
                0x0000000008000928                DMA1_Stream3_IRQHandler
 .text.DMA1_Stream4_IRQHandler
                0x00000000080009b8       0x98 obj/App/STM32F4-Discovery/spi.o
                0x00000000080009b8                DMA1_Stream4_IRQHandler
 .text.init_CRC
                0x0000000008000a50       0x10 obj/App/STM32F4-Discovery/usart.o
                0x0000000008000a50                init_CRC
 .text.init_USARTx
                0x0000000008000a60      0x238 obj/App/STM32F4-Discovery/usart.o
                0x0000000008000a60                init_USARTx
 .text.DMA2_Stream5_IRQHandler
                0x0000000008000c98       0x68 obj/App/STM32F4-Discovery/usart.o
                0x0000000008000c98                DMA2_Stream5_IRQHandler
 .text.DMA2_Stream7_IRQHandler
                0x0000000008000d00       0x74 obj/App/STM32F4-Discovery/usart.o
                0x0000000008000d00                DMA2_Stream7_IRQHandler
 .text.usart_dma_write
                0x0000000008000d74       0x54 obj/App/STM32F4-Discovery/usart.o
                0x0000000008000d74                usart_dma_write
 .text.usart_dma_read
                0x0000000008000dc8       0x5c obj/App/STM32F4-Discovery/usart.o
                0x0000000008000dc8                usart_dma_read
 .text.usart_receive
                0x0000000008000e24       0xb8 obj/App/STM32F4-Discovery/usart.o
                0x0000000008000e24                usart_receive
 .text.NVIC_SetPendingIRQ
                0x0000000008000edc       0x34 obj/App/STM32F4-Discovery/main.o
 .text.main     0x0000000008000f10       0x48 obj/App/STM32F4-Discovery/main.o
                0x0000000008000f10                main
 .text.usart_task
                0x0000000008000f58       0x24 obj/App/STM32F4-Discovery/main.o
                0x0000000008000f58                usart_task
 .text.prvSetupHardware
                0x0000000008000f7c       0x24 obj/App/STM32F4-Discovery/main.o
 .text.vApplicationTickHook
                0x0000000008000fa0       0x24 obj/App/STM32F4-Discovery/main.o
                0x0000000008000fa0                vApplicationTickHook
 .text.TIM3_IRQHandler
                0x0000000008000fc4       0x3c obj/App/STM32F4-Discovery/main.o
                0x0000000008000fc4                TIM3_IRQHandler
 .text.TIM2_IRQHandler
                0x0000000008001000       0x24 obj/App/STM32F4-Discovery/main.o
                0x0000000008001000                TIM2_IRQHandler
 .text.vApplicationMallocFailedHook
                0x0000000008001024        0xc obj/App/STM32F4-Discovery/main.o
                0x0000000008001024                vApplicationMallocFailedHook
 .text.vApplicationIdleHook
                0x0000000008001030        0xc obj/App/STM32F4-Discovery/main.o
                0x0000000008001030                vApplicationIdleHook
 .text.vApplicationStackOverflowHook
                0x000000000800103c       0x10 obj/App/STM32F4-Discovery/main.o
                0x000000000800103c                vApplicationStackOverflowHook
 .text.assert_failed
                0x000000000800104c       0x14 obj/App/STM32F4-Discovery/main.o
                0x000000000800104c                assert_failed
 .text.Reset_Handler
                0x0000000008001060       0x60 obj/App/STM32F4-Discovery/startup/startup_stm32f4xx.o
                0x0000000008001060                Reset_Handler
 .text.Default_Handler
                0x00000000080010c0        0x4 obj/App/STM32F4-Discovery/startup/startup_stm32f4xx.o
                0x00000000080010c0                DMA2_Stream6_IRQHandler
                0x00000000080010c0                HASH_RNG_IRQHandler
                0x00000000080010c0                EXTI2_IRQHandler
                0x00000000080010c0                TIM8_CC_IRQHandler
                0x00000000080010c0                DebugMon_Handler
                0x00000000080010c0                TIM1_CC_IRQHandler
                0x00000000080010c0                HardFault_Handler
                0x00000000080010c0                DMA1_Stream5_IRQHandler
                0x00000000080010c0                PVD_IRQHandler
                0x00000000080010c0                SDIO_IRQHandler
                0x00000000080010c0                TAMP_STAMP_IRQHandler
                0x00000000080010c0                NMI_Handler
                0x00000000080010c0                CAN2_RX1_IRQHandler
                0x00000000080010c0                EXTI3_IRQHandler
                0x00000000080010c0                TIM8_TRG_COM_TIM14_IRQHandler
                0x00000000080010c0                TIM1_UP_TIM10_IRQHandler
                0x00000000080010c0                TIM8_UP_TIM13_IRQHandler
                0x00000000080010c0                I2C3_ER_IRQHandler
                0x00000000080010c0                EXTI0_IRQHandler
                0x00000000080010c0                I2C2_EV_IRQHandler
                0x00000000080010c0                DMA1_Stream2_IRQHandler
                0x00000000080010c0                CAN1_RX0_IRQHandler
                0x00000000080010c0                FPU_IRQHandler
                0x00000000080010c0                OTG_HS_WKUP_IRQHandler
                0x00000000080010c0                UsageFault_Handler
                0x00000000080010c0                CAN2_SCE_IRQHandler
                0x00000000080010c0                SPI1_IRQHandler
                0x00000000080010c0                TIM6_DAC_IRQHandler
                0x00000000080010c0                TIM1_BRK_TIM9_IRQHandler
                0x00000000080010c0                DCMI_IRQHandler
                0x00000000080010c0                CAN2_RX0_IRQHandler
                0x00000000080010c0                USART6_IRQHandler
                0x00000000080010c0                USART3_IRQHandler
                0x00000000080010c0                CRYP_IRQHandler
                0x00000000080010c0                CAN1_RX1_IRQHandler
                0x00000000080010c0                UART5_IRQHandler
                0x00000000080010c0                DMA2_Stream0_IRQHandler
                0x00000000080010c0                TIM4_IRQHandler
                0x00000000080010c0                I2C1_EV_IRQHandler
                0x00000000080010c0                DMA1_Stream6_IRQHandler
                0x00000000080010c0                DMA1_Stream1_IRQHandler
                0x00000000080010c0                UART4_IRQHandler
                0x00000000080010c0                RCC_IRQHandler
                0x00000000080010c0                TIM8_BRK_TIM12_IRQHandler
                0x00000000080010c0                Default_Handler
                0x00000000080010c0                EXTI15_10_IRQHandler
                0x00000000080010c0                ADC_IRQHandler
                0x00000000080010c0                DMA1_Stream7_IRQHandler
                0x00000000080010c0                TIM7_IRQHandler
                0x00000000080010c0                CAN2_TX_IRQHandler
                0x00000000080010c0                TIM5_IRQHandler
                0x00000000080010c0                I2C3_EV_IRQHandler
                0x00000000080010c0                EXTI9_5_IRQHandler
                0x00000000080010c0                RTC_WKUP_IRQHandler
                0x00000000080010c0                ETH_WKUP_IRQHandler
                0x00000000080010c0                SPI2_IRQHandler
                0x00000000080010c0                OTG_HS_EP1_IN_IRQHandler
                0x00000000080010c0                MemManage_Handler
                0x00000000080010c0                DMA1_Stream0_IRQHandler
                0x00000000080010c0                CAN1_TX_IRQHandler
                0x00000000080010c0                EXTI4_IRQHandler
                0x00000000080010c0                FSMC_IRQHandler
                0x00000000080010c0                ETH_IRQHandler
                0x00000000080010c0                OTG_HS_EP1_OUT_IRQHandler
                0x00000000080010c0                WWDG_IRQHandler
                0x00000000080010c0                OTG_FS_WKUP_IRQHandler
                0x00000000080010c0                TIM1_TRG_COM_TIM11_IRQHandler
                0x00000000080010c0                OTG_HS_IRQHandler
                0x00000000080010c0                EXTI1_IRQHandler
                0x00000000080010c0                USART2_IRQHandler
                0x00000000080010c0                I2C2_ER_IRQHandler
                0x00000000080010c0                DMA2_Stream1_IRQHandler
                0x00000000080010c0                CAN1_SCE_IRQHandler
                0x00000000080010c0                FLASH_IRQHandler
                0x00000000080010c0                DMA2_Stream4_IRQHandler
                0x00000000080010c0                BusFault_Handler
                0x00000000080010c0                USART1_IRQHandler
                0x00000000080010c0                OTG_FS_IRQHandler
                0x00000000080010c0                SPI3_IRQHandler
                0x00000000080010c0                I2C1_ER_IRQHandler
                0x00000000080010c0                RTC_Alarm_IRQHandler
 .text.SystemInit
                0x00000000080010c4       0x68 obj/App/STM32F4-Discovery/startup/system_stm32f4xx.o
                0x00000000080010c4                SystemInit
 .text.SetSysClock
                0x000000000800112c       0xf4 obj/App/STM32F4-Discovery/startup/system_stm32f4xx.o
 .text.xTaskGenericCreate
                0x0000000008001220      0x168 obj/Source/tasks.o
                0x0000000008001220                xTaskGenericCreate
 .text.vTaskStartScheduler
                0x0000000008001388       0x70 obj/Source/tasks.o
                0x0000000008001388                vTaskStartScheduler
 .text.vTaskSuspendAll
                0x00000000080013f8       0x1c obj/Source/tasks.o
                0x00000000080013f8                vTaskSuspendAll
 .text.xTaskResumeAll
                0x0000000008001414      0x10c obj/Source/tasks.o
                0x0000000008001414                xTaskResumeAll
 .text.xTaskGetTickCount
                0x0000000008001520       0x24 obj/Source/tasks.o
                0x0000000008001520                xTaskGetTickCount
 .text.xTaskIncrementTick
                0x0000000008001544      0x1ac obj/Source/tasks.o
                0x0000000008001544                xTaskIncrementTick
 .text.vTaskSwitchContext
                0x00000000080016f0       0xf4 obj/Source/tasks.o
                0x00000000080016f0                vTaskSwitchContext
 .text.vTaskPlaceOnEventList
                0x00000000080017e4       0x6c obj/Source/tasks.o
                0x00000000080017e4                vTaskPlaceOnEventList
 .text.vTaskPlaceOnEventListRestricted
                0x0000000008001850       0x50 obj/Source/tasks.o
                0x0000000008001850                vTaskPlaceOnEventListRestricted
 .text.xTaskRemoveFromEventList
                0x00000000080018a0       0xb8 obj/Source/tasks.o
                0x00000000080018a0                xTaskRemoveFromEventList
 .text.vTaskSetTimeOutState
                0x0000000008001958       0x34 obj/Source/tasks.o
                0x0000000008001958                vTaskSetTimeOutState
 .text.xTaskCheckForTimeOut
                0x000000000800198c       0xa0 obj/Source/tasks.o
                0x000000000800198c                xTaskCheckForTimeOut
 .text.vTaskMissedYield
                0x0000000008001a2c       0x18 obj/Source/tasks.o
                0x0000000008001a2c                vTaskMissedYield
 .text.prvIdleTask
                0x0000000008001a44       0x24 obj/Source/tasks.o
 .text.prvInitialiseTCBVariables
                0x0000000008001a68       0x90 obj/Source/tasks.o
 .text.prvInitialiseTaskLists
                0x0000000008001af8       0x7c obj/Source/tasks.o
 .text.prvCheckTasksWaitingTermination
                0x0000000008001b74       0x74 obj/Source/tasks.o
 .text.prvAddCurrentTaskToDelayedList
                0x0000000008001be8       0x6c obj/Source/tasks.o
 .text.prvAllocateTCBAndStack
                0x0000000008001c54       0x64 obj/Source/tasks.o
 .text.prvDeleteTCB
                0x0000000008001cb8       0x20 obj/Source/tasks.o
 .text.xTaskGetCurrentTaskHandle
                0x0000000008001cd8       0x20 obj/Source/tasks.o
                0x0000000008001cd8                xTaskGetCurrentTaskHandle
 .text.xTaskGetSchedulerState
                0x0000000008001cf8       0x3c obj/Source/tasks.o
                0x0000000008001cf8                xTaskGetSchedulerState
 .text.vTaskPriorityInherit
                0x0000000008001d34       0xb4 obj/Source/tasks.o
                0x0000000008001d34                vTaskPriorityInherit
 .text.vTaskPriorityDisinherit
                0x0000000008001de8       0x7c obj/Source/tasks.o
                0x0000000008001de8                vTaskPriorityDisinherit
 .text.xQueueGenericReset
                0x0000000008001e64       0xb0 obj/Source/queue.o
                0x0000000008001e64                xQueueGenericReset
 .text.xQueueGenericCreate
                0x0000000008001f14       0x84 obj/Source/queue.o
                0x0000000008001f14                xQueueGenericCreate
 .text.xQueueGenericSend
                0x0000000008001f98      0x160 obj/Source/queue.o
                0x0000000008001f98                xQueueGenericSend
 .text.xQueueGenericSendFromISR
                0x00000000080020f8       0xd4 obj/Source/queue.o
                0x00000000080020f8                xQueueGenericSendFromISR
 .text.xQueueGenericReceive
                0x00000000080021cc      0x19c obj/Source/queue.o
                0x00000000080021cc                xQueueGenericReceive
 .text.prvCopyDataToQueue
                0x0000000008002368       0xd0 obj/Source/queue.o
 .text.prvCopyDataFromQueue
                0x0000000008002438       0x4c obj/Source/queue.o
 .text.prvUnlockQueue
                0x0000000008002484       0x98 obj/Source/queue.o
 .text.prvIsQueueEmpty
                0x000000000800251c       0x2c obj/Source/queue.o
 .text.prvIsQueueFull
                0x0000000008002548       0x30 obj/Source/queue.o
 .text.vQueueWaitForMessageRestricted
                0x0000000008002578       0x58 obj/Source/queue.o
                0x0000000008002578                vQueueWaitForMessageRestricted
 .text.vListInitialise
                0x00000000080025d0       0x40 obj/Source/list.o
                0x00000000080025d0                vListInitialise
 .text.vListInitialiseItem
                0x0000000008002610       0x18 obj/Source/list.o
                0x0000000008002610                vListInitialiseItem
 .text.vListInsertEnd
                0x0000000008002628       0x48 obj/Source/list.o
                0x0000000008002628                vListInsertEnd
 .text.vListInsert
                0x0000000008002670       0x70 obj/Source/list.o
                0x0000000008002670                vListInsert
 .text.uxListRemove
                0x00000000080026e0       0x54 obj/Source/list.o
                0x00000000080026e0                uxListRemove
 .text.pxPortInitialiseStack
                0x0000000008002734       0x64 obj/Source/portable/GCC/ARM_CM4F/port.o
                0x0000000008002734                pxPortInitialiseStack
 .text.prvTaskExitError
                0x0000000008002798       0x20 obj/Source/portable/GCC/ARM_CM4F/port.o
 .text.SVC_Handler
                0x00000000080027b8       0x1c obj/Source/portable/GCC/ARM_CM4F/port.o
                0x00000000080027b8                SVC_Handler
 .text.prvPortStartFirstTask
                0x00000000080027d4       0x14 obj/Source/portable/GCC/ARM_CM4F/port.o
 .text.xPortStartScheduler
                0x00000000080027e8       0xcc obj/Source/portable/GCC/ARM_CM4F/port.o
                0x00000000080027e8                xPortStartScheduler
 .text.vPortYield
                0x00000000080028b4       0x20 obj/Source/portable/GCC/ARM_CM4F/port.o
                0x00000000080028b4                vPortYield
 .text.vPortEnterCritical
                0x00000000080028d4       0x20 obj/Source/portable/GCC/ARM_CM4F/port.o
                0x00000000080028d4                vPortEnterCritical
 .text.vPortExitCritical
                0x00000000080028f4       0x24 obj/Source/portable/GCC/ARM_CM4F/port.o
                0x00000000080028f4                vPortExitCritical
 .text.ulPortSetInterruptMask
                0x0000000008002918       0x14 obj/Source/portable/GCC/ARM_CM4F/port.o
                0x0000000008002918                ulPortSetInterruptMask
 .text.vPortClearInterruptMask
                0x000000000800292c        0x8 obj/Source/portable/GCC/ARM_CM4F/port.o
                0x000000000800292c                vPortClearInterruptMask
 .text.PendSV_Handler
                0x0000000008002934       0x50 obj/Source/portable/GCC/ARM_CM4F/port.o
                0x0000000008002934                PendSV_Handler
 .text.SysTick_Handler
                0x0000000008002984       0x28 obj/Source/portable/GCC/ARM_CM4F/port.o
                0x0000000008002984                SysTick_Handler
 .text.vPortSetupTimerInterrupt
                0x00000000080029ac       0x34 obj/Source/portable/GCC/ARM_CM4F/port.o
                0x00000000080029ac                vPortSetupTimerInterrupt
 .text.vPortEnableVFP
                0x00000000080029e0       0x14 obj/Source/portable/GCC/ARM_CM4F/port.o
 .text.vPortValidateInterruptPriority
                0x00000000080029f4       0x58 obj/Source/portable/GCC/ARM_CM4F/port.o
                0x00000000080029f4                vPortValidateInterruptPriority
 .text.xTimerCreateTimerTask
                0x0000000008002a4c       0x58 obj/Source/timers.o
                0x0000000008002a4c                xTimerCreateTimerTask
 .text.xTimerGenericCommand
                0x0000000008002aa4       0x8c obj/Source/timers.o
                0x0000000008002aa4                xTimerGenericCommand
 .text.prvProcessExpiredTimer
                0x0000000008002b30       0x70 obj/Source/timers.o
 .text.prvTimerTask
                0x0000000008002ba0       0x24 obj/Source/timers.o
 .text.prvProcessTimerOrBlockTask
                0x0000000008002bc4       0x6c obj/Source/timers.o
 .text.prvGetNextExpireTime
                0x0000000008002c30       0x48 obj/Source/timers.o
 .text.prvSampleTimeNow
                0x0000000008002c78       0x44 obj/Source/timers.o
 .text.prvInsertTimerInActiveList
                0x0000000008002cbc       0x84 obj/Source/timers.o
 .text.prvProcessReceivedCommands
                0x0000000008002d40       0xf0 obj/Source/timers.o
 .text.prvSwitchTimerLists
                0x0000000008002e30       0xb4 obj/Source/timers.o
 .text.prvCheckForValidListAndQueue
                0x0000000008002ee4       0x54 obj/Source/timers.o
 .text.pvPortMalloc
                0x0000000008002f38      0x118 obj/Source/portable/MemMang/heap_4.o
                0x0000000008002f38                pvPortMalloc
 .text.vPortFree
                0x0000000008003050       0x94 obj/Source/portable/MemMang/heap_4.o
                0x0000000008003050                vPortFree
 .text.prvHeapInit
                0x00000000080030e4       0x9c obj/Source/portable/MemMang/heap_4.o
 .text.prvInsertBlockIntoFreeList
                0x0000000008003180       0xb0 obj/Source/portable/MemMang/heap_4.o
 .text.NVIC_PriorityGroupConfig
                0x0000000008003230       0x54 obj/App/STM32F4-Discovery/Libraries/STM32F4xx_StdPeriph_Driver/src/misc.o
                0x0000000008003230                NVIC_PriorityGroupConfig
 .text.NVIC_Init
                0x0000000008003284       0xf4 obj/App/STM32F4-Discovery/Libraries/STM32F4xx_StdPeriph_Driver/src/misc.o
                0x0000000008003284                NVIC_Init
 .text.CRC_ResetDR
                0x0000000008003378       0x18 obj/App/STM32F4-Discovery/Libraries/STM32F4xx_StdPeriph_Driver/src/stm32f4xx_crc.o
                0x0000000008003378                CRC_ResetDR
 .text.CRC_CalcBlockCRC
                0x0000000008003390       0x44 obj/App/STM32F4-Discovery/Libraries/STM32F4xx_StdPeriph_Driver/src/stm32f4xx_crc.o
                0x0000000008003390                CRC_CalcBlockCRC
 .text.DMA_DeInit
                0x00000000080033d4      0x22c obj/App/STM32F4-Discovery/Libraries/STM32F4xx_StdPeriph_Driver/src/stm32f4xx_dma.o
                0x00000000080033d4                DMA_DeInit
 .text.DMA_Init
                0x0000000008003600      0x388 obj/App/STM32F4-Discovery/Libraries/STM32F4xx_StdPeriph_Driver/src/stm32f4xx_dma.o
                0x0000000008003600                DMA_Init
 .text.DMA_StructInit
                0x0000000008003988       0x6c obj/App/STM32F4-Discovery/Libraries/STM32F4xx_StdPeriph_Driver/src/stm32f4xx_dma.o
                0x0000000008003988                DMA_StructInit
 .text.DMA_Cmd  0x00000000080039f4      0x118 obj/App/STM32F4-Discovery/Libraries/STM32F4xx_StdPeriph_Driver/src/stm32f4xx_dma.o
                0x00000000080039f4                DMA_Cmd
 .text.DMA_SetCurrDataCounter
                0x0000000008003b0c       0xe8 obj/App/STM32F4-Discovery/Libraries/STM32F4xx_StdPeriph_Driver/src/stm32f4xx_dma.o
                0x0000000008003b0c                DMA_SetCurrDataCounter
 .text.DMA_GetCmdStatus
                0x0000000008003bf4       0xfc obj/App/STM32F4-Discovery/Libraries/STM32F4xx_StdPeriph_Driver/src/stm32f4xx_dma.o
                0x0000000008003bf4                DMA_GetCmdStatus
 .text.DMA_ITConfig
                0x0000000008003cf0      0x16c obj/App/STM32F4-Discovery/Libraries/STM32F4xx_StdPeriph_Driver/src/stm32f4xx_dma.o
                0x0000000008003cf0                DMA_ITConfig
 .text.DMA_GetITStatus
                0x0000000008003e5c      0x378 obj/App/STM32F4-Discovery/Libraries/STM32F4xx_StdPeriph_Driver/src/stm32f4xx_dma.o
                0x0000000008003e5c                DMA_GetITStatus
 .text.DMA_ClearITPendingBit
                0x00000000080041d4      0x158 obj/App/STM32F4-Discovery/Libraries/STM32F4xx_StdPeriph_Driver/src/stm32f4xx_dma.o
                0x00000000080041d4                DMA_ClearITPendingBit
 .text.GPIO_Init
                0x000000000800432c      0x22c obj/App/STM32F4-Discovery/Libraries/STM32F4xx_StdPeriph_Driver/src/stm32f4xx_gpio.o
                0x000000000800432c                GPIO_Init
 .text.GPIO_PinAFConfig
                0x0000000008004558      0x250 obj/App/STM32F4-Discovery/Libraries/STM32F4xx_StdPeriph_Driver/src/stm32f4xx_gpio.o
                0x0000000008004558                GPIO_PinAFConfig
 .text.RCC_GetClocksFreq
                0x00000000080047a8      0x154 obj/App/STM32F4-Discovery/Libraries/STM32F4xx_StdPeriph_Driver/src/stm32f4xx_rcc.o
                0x00000000080047a8                RCC_GetClocksFreq
 .text.RCC_AHB1PeriphClockCmd
                0x00000000080048fc       0x70 obj/App/STM32F4-Discovery/Libraries/STM32F4xx_StdPeriph_Driver/src/stm32f4xx_rcc.o
                0x00000000080048fc                RCC_AHB1PeriphClockCmd
 .text.RCC_APB2PeriphClockCmd
                0x000000000800496c       0x70 obj/App/STM32F4-Discovery/Libraries/STM32F4xx_StdPeriph_Driver/src/stm32f4xx_rcc.o
                0x000000000800496c                RCC_APB2PeriphClockCmd
 .text.SPI_Init
                0x00000000080049dc      0x1e4 obj/App/STM32F4-Discovery/Libraries/STM32F4xx_StdPeriph_Driver/src/stm32f4xx_spi.o
                0x00000000080049dc                SPI_Init
 .text.SPI_Cmd  0x0000000008004bc0       0x84 obj/App/STM32F4-Discovery/Libraries/STM32F4xx_StdPeriph_Driver/src/stm32f4xx_spi.o
                0x0000000008004bc0                SPI_Cmd
 .text.SPI_I2S_DMACmd
                0x0000000008004c44       0xbc obj/App/STM32F4-Discovery/Libraries/STM32F4xx_StdPeriph_Driver/src/stm32f4xx_spi.o
                0x0000000008004c44                SPI_I2S_DMACmd
 .text.SPI_I2S_GetFlagStatus
                0x0000000008004d00       0xbc obj/App/STM32F4-Discovery/Libraries/STM32F4xx_StdPeriph_Driver/src/stm32f4xx_spi.o
                0x0000000008004d00                SPI_I2S_GetFlagStatus
 .text.SPI_I2S_ClearFlag
                0x0000000008004dbc       0x74 obj/App/STM32F4-Discovery/Libraries/STM32F4xx_StdPeriph_Driver/src/stm32f4xx_spi.o
                0x0000000008004dbc                SPI_I2S_ClearFlag
 .text.USART_Init
                0x0000000008004e30      0x2cc obj/App/STM32F4-Discovery/Libraries/STM32F4xx_StdPeriph_Driver/src/stm32f4xx_usart.o
                0x0000000008004e30                USART_Init
 .text.USART_Cmd
                0x00000000080050fc       0xa8 obj/App/STM32F4-Discovery/Libraries/STM32F4xx_StdPeriph_Driver/src/stm32f4xx_usart.o
                0x00000000080050fc                USART_Cmd
 .text.USART_DMACmd
                0x00000000080051a4       0xcc obj/App/STM32F4-Discovery/Libraries/STM32F4xx_StdPeriph_Driver/src/stm32f4xx_usart.o
                0x00000000080051a4                USART_DMACmd
 .text.USART_ClearFlag
                0x0000000008005270       0xc4 obj/App/STM32F4-Discovery/Libraries/STM32F4xx_StdPeriph_Driver/src/stm32f4xx_usart.o
                0x0000000008005270                USART_ClearFlag
 .text.USART_ClearITPendingBit
                0x0000000008005334       0xf0 obj/App/STM32F4-Discovery/Libraries/STM32F4xx_StdPeriph_Driver/src/stm32f4xx_usart.o
                0x0000000008005334                USART_ClearITPendingBit
 .text.__libc_init_array
                0x0000000008005424       0x50 /Users/maticknap/ARM/gcc-arm-none-eabi-4_8-2014q2/bin/../lib/gcc/arm-none-eabi/4.8.4/../../../../arm-none-eabi/lib/armv7e-m/softfp/libc.a(lib_a-init.o)
                0x0000000008005424                __libc_init_array
 .text.memcmp   0x0000000008005474       0x68 /Users/maticknap/ARM/gcc-arm-none-eabi-4_8-2014q2/bin/../lib/gcc/arm-none-eabi/4.8.4/../../../../arm-none-eabi/lib/armv7e-m/softfp/libc.a(lib_a-memcmp.o)
                0x0000000008005474                memcmp
 .text.memset   0x00000000080054dc       0x94 /Users/maticknap/ARM/gcc-arm-none-eabi-4_8-2014q2/bin/../lib/gcc/arm-none-eabi/4.8.4/../../../../arm-none-eabi/lib/armv7e-m/softfp/libc.a(lib_a-memset.o)
                0x00000000080054dc                memset
 .text.startup.register_fini
                0x0000000008005570       0x14 /Users/maticknap/ARM/gcc-arm-none-eabi-4_8-2014q2/bin/../lib/gcc/arm-none-eabi/4.8.4/../../../../arm-none-eabi/lib/armv7e-m/softfp/libc.a(lib_a-__call_atexit.o)
 .text.atexit   0x0000000008005584        0xc /Users/maticknap/ARM/gcc-arm-none-eabi-4_8-2014q2/bin/../lib/gcc/arm-none-eabi/4.8.4/../../../../arm-none-eabi/lib/armv7e-m/softfp/libc.a(lib_a-atexit.o)
                0x0000000008005584                atexit
 .text.__libc_fini_array
                0x0000000008005590       0x30 /Users/maticknap/ARM/gcc-arm-none-eabi-4_8-2014q2/bin/../lib/gcc/arm-none-eabi/4.8.4/../../../../arm-none-eabi/lib/armv7e-m/softfp/libc.a(lib_a-fini.o)
                0x0000000008005590                __libc_fini_array
 .text.__register_exitproc
                0x00000000080055c0       0xa8 /Users/maticknap/ARM/gcc-arm-none-eabi-4_8-2014q2/bin/../lib/gcc/arm-none-eabi/4.8.4/../../../../arm-none-eabi/lib/armv7e-m/softfp/libc.a(lib_a-__atexit.o)
                0x00000000080055c0                __register_exitproc
 *(.rodata)
 .rodata        0x0000000008005668        0x8 obj/App/STM32F4-Discovery/main.o
 .rodata        0x0000000008005670       0x1c obj/Source/tasks.o
 .rodata        0x000000000800568c        0x8 obj/Source/timers.o
 .rodata        0x0000000008005694       0x48 obj/App/STM32F4-Discovery/Libraries/STM32F4xx_StdPeriph_Driver/src/misc.o
 .rodata        0x00000000080056dc       0x50 obj/App/STM32F4-Discovery/Libraries/STM32F4xx_StdPeriph_Driver/src/stm32f4xx_dma.o
 .rodata        0x000000000800572c       0x50 obj/App/STM32F4-Discovery/Libraries/STM32F4xx_StdPeriph_Driver/src/stm32f4xx_gpio.o
 .rodata        0x000000000800577c       0x50 obj/App/STM32F4-Discovery/Libraries/STM32F4xx_StdPeriph_Driver/src/stm32f4xx_rcc.o
 .rodata        0x00000000080057cc       0x50 obj/App/STM32F4-Discovery/Libraries/STM32F4xx_StdPeriph_Driver/src/stm32f4xx_spi.o
 .rodata        0x000000000800581c       0x54 obj/App/STM32F4-Discovery/Libraries/STM32F4xx_StdPeriph_Driver/src/stm32f4xx_usart.o
 *(.rodata*)
 .rodata.ucExpectedStackBytes.9202
                0x0000000008005870       0x14 obj/Source/tasks.o
 .rodata.str1.4
                0x0000000008005884        0x4 /Users/maticknap/ARM/gcc-arm-none-eabi-4_8-2014q2/bin/../lib/gcc/arm-none-eabi/4.8.4/../../../../arm-none-eabi/lib/armv7e-m/softfp/libc.a(lib_a-impure.o)
 .rodata._global_impure_ptr
                0x0000000008005888        0x4 /Users/maticknap/ARM/gcc-arm-none-eabi-4_8-2014q2/bin/../lib/gcc/arm-none-eabi/4.8.4/../../../../arm-none-eabi/lib/armv7e-m/softfp/libc.a(lib_a-impure.o)
                0x0000000008005888                _global_impure_ptr
 *(.glue_7)
 .glue_7        0x0000000000000000        0x0 linker stubs
 *(.glue_7t)
 .glue_7t       0x0000000000000000        0x0 linker stubs
 *(.eh_frame)
 .eh_frame      0x000000000800588c        0x0 /Users/maticknap/ARM/gcc-arm-none-eabi-4_8-2014q2/bin/../lib/gcc/arm-none-eabi/4.8.4/armv7e-m/softfp/crtbegin.o
 *(.init)
 .init          0x000000000800588c        0x4 /Users/maticknap/ARM/gcc-arm-none-eabi-4_8-2014q2/bin/../lib/gcc/arm-none-eabi/4.8.4/armv7e-m/softfp/crti.o
                0x000000000800588c                _init
 .init          0x0000000008005890        0x8 /Users/maticknap/ARM/gcc-arm-none-eabi-4_8-2014q2/bin/../lib/gcc/arm-none-eabi/4.8.4/armv7e-m/softfp/crtn.o
 *(.fini)
 .fini          0x0000000008005898        0x4 /Users/maticknap/ARM/gcc-arm-none-eabi-4_8-2014q2/bin/../lib/gcc/arm-none-eabi/4.8.4/armv7e-m/softfp/crti.o
                0x0000000008005898                _fini
 .fini          0x000000000800589c        0x8 /Users/maticknap/ARM/gcc-arm-none-eabi-4_8-2014q2/bin/../lib/gcc/arm-none-eabi/4.8.4/armv7e-m/softfp/crtn.o
                0x00000000080058a4                . = ALIGN (0x4)
                0x00000000080058a4                _etext = .

.vfp11_veneer   0x00000000080058a4        0x0
 .vfp11_veneer  0x0000000000000000        0x0 linker stubs

.v4_bx          0x00000000080058a4        0x0
 .v4_bx         0x0000000000000000        0x0 linker stubs

.iplt           0x00000000080058a4        0x0
 .iplt          0x0000000000000000        0x0 /Users/maticknap/ARM/gcc-arm-none-eabi-4_8-2014q2/bin/../lib/gcc/arm-none-eabi/4.8.4/armv7e-m/softfp/crtbegin.o

.rel.dyn        0x00000000080058a4        0x0
 .rel.iplt      0x0000000000000000        0x0 /Users/maticknap/ARM/gcc-arm-none-eabi-4_8-2014q2/bin/../lib/gcc/arm-none-eabi/4.8.4/armv7e-m/softfp/crtbegin.o

.ARM.extab
 *(.ARM.extab* .gnu.linkonce.armextab.*)

.ARM            0x00000000080058a4        0x0
                0x00000000080058a4                __exidx_start = .
 *(.ARM.exidx*)
                0x00000000080058a4                __exidx_end = .

.preinit_array  0x00000000080058a4        0x0
                0x00000000080058a4                PROVIDE (__preinit_array_start, .)
 *(.preinit_array*)
                0x00000000080058a4                PROVIDE (__preinit_array_end, .)

.init_array     0x00000000080058a4        0x8
                0x00000000080058a4                PROVIDE (__init_array_start, .)
 *(SORT(.init_array.*))
 .init_array.00000
                0x00000000080058a4        0x4 /Users/maticknap/ARM/gcc-arm-none-eabi-4_8-2014q2/bin/../lib/gcc/arm-none-eabi/4.8.4/../../../../arm-none-eabi/lib/armv7e-m/softfp/libc.a(lib_a-__call_atexit.o)
 *(.init_array*)
 .init_array    0x00000000080058a8        0x4 /Users/maticknap/ARM/gcc-arm-none-eabi-4_8-2014q2/bin/../lib/gcc/arm-none-eabi/4.8.4/armv7e-m/softfp/crtbegin.o
                0x00000000080058ac                PROVIDE (__init_array_end, .)

.fini_array     0x00000000080058ac        0x4
                0x00000000080058ac                PROVIDE (__fini_array_start, .)
 *(.fini_array*)
 .fini_array    0x00000000080058ac        0x4 /Users/maticknap/ARM/gcc-arm-none-eabi-4_8-2014q2/bin/../lib/gcc/arm-none-eabi/4.8.4/armv7e-m/softfp/crtbegin.o
 *(SORT(.fini_array.*))
                0x00000000080058b0                PROVIDE (__fini_array_end, .)
                0x00000000080058b0                _sidata = .

.data           0x0000000020000000      0x448 load address 0x00000000080058b0
                0x0000000020000000                . = ALIGN (0x4)
                0x0000000020000000                _sdata = .
 *(.data)
 *(.data*)
 .data.SystemCoreClock
                0x0000000020000000        0x4 obj/App/STM32F4-Discovery/startup/system_stm32f4xx.o
                0x0000000020000000                SystemCoreClock
 .data.xNextTaskUnblockTime
                0x0000000020000004        0x4 obj/Source/tasks.o
 .data.uxCriticalNesting
                0x0000000020000008        0x4 obj/Source/portable/GCC/ARM_CM4F/port.o
 .data.xFreeBytesRemaining
                0x000000002000000c        0x4 obj/Source/portable/MemMang/heap_4.o
 .data.APBAHBPrescTable
                0x0000000020000010       0x10 obj/App/STM32F4-Discovery/Libraries/STM32F4xx_StdPeriph_Driver/src/stm32f4xx_rcc.o
 .data.impure_data
                0x0000000020000020      0x428 /Users/maticknap/ARM/gcc-arm-none-eabi-4_8-2014q2/bin/../lib/gcc/arm-none-eabi/4.8.4/../../../../arm-none-eabi/lib/armv7e-m/softfp/libc.a(lib_a-impure.o)
                0x0000000020000448                . = ALIGN (0x4)
                0x0000000020000448                _edata = .

.jcr            0x0000000020000448        0x0 load address 0x0000000008005cf8
 .jcr           0x0000000020000448        0x0 /Users/maticknap/ARM/gcc-arm-none-eabi-4_8-2014q2/bin/../lib/gcc/arm-none-eabi/4.8.4/armv7e-m/softfp/crtbegin.o

.igot.plt       0x0000000020000448        0x0 load address 0x0000000008005cf8
 .igot.plt      0x0000000000000000        0x0 /Users/maticknap/ARM/gcc-arm-none-eabi-4_8-2014q2/bin/../lib/gcc/arm-none-eabi/4.8.4/armv7e-m/softfp/crtbegin.o
                0x0000000020000448                . = ALIGN (0x4)

.bss            0x0000000020000448    0x130b0 load address 0x0000000008005cf8
                0x0000000020000448                _sbss = .
                0x0000000020000448                __bss_start__ = _sbss
 *(.bss)
 .bss           0x0000000020000448       0x1c /Users/maticknap/ARM/gcc-arm-none-eabi-4_8-2014q2/bin/../lib/gcc/arm-none-eabi/4.8.4/armv7e-m/softfp/crtbegin.o
 *(.bss*)
 .bss.xSemaphoreDMASPIy
                0x0000000020000464        0x4 obj/App/STM32F4-Discovery/spi.o
 .bss.xSemaphoreDMASPIx
                0x0000000020000468        0x4 obj/App/STM32F4-Discovery/spi.o
 .bss.ulFPUInterruptNesting
                0x000000002000046c        0x4 obj/App/STM32F4-Discovery/main.o
                0x000000002000046c                ulFPUInterruptNesting
 .bss.ulMaxFPUInterruptNesting
                0x0000000020000470        0x4 obj/App/STM32F4-Discovery/main.o
                0x0000000020000470                ulMaxFPUInterruptNesting
 .bss.pxCurrentTCB
                0x0000000020000474        0x4 obj/Source/tasks.o
                0x0000000020000474                pxCurrentTCB
 .bss.pxReadyTasksLists
                0x0000000020000478       0x64 obj/Source/tasks.o
 .bss.xDelayedTaskList1
                0x00000000200004dc       0x14 obj/Source/tasks.o
 .bss.xDelayedTaskList2
                0x00000000200004f0       0x14 obj/Source/tasks.o
 .bss.pxDelayedTaskList
                0x0000000020000504        0x4 obj/Source/tasks.o
 .bss.pxOverflowDelayedTaskList
                0x0000000020000508        0x4 obj/Source/tasks.o
 .bss.xPendingReadyList
                0x000000002000050c       0x14 obj/Source/tasks.o
 .bss.xTasksWaitingTermination
                0x0000000020000520       0x14 obj/Source/tasks.o
 .bss.uxTasksDeleted
                0x0000000020000534        0x4 obj/Source/tasks.o
 .bss.xSuspendedTaskList
                0x0000000020000538       0x14 obj/Source/tasks.o
 .bss.uxCurrentNumberOfTasks
                0x000000002000054c        0x4 obj/Source/tasks.o
 .bss.xTickCount
                0x0000000020000550        0x4 obj/Source/tasks.o
 .bss.uxTopReadyPriority
                0x0000000020000554        0x4 obj/Source/tasks.o
 .bss.xSchedulerRunning
                0x0000000020000558        0x4 obj/Source/tasks.o
 .bss.uxSchedulerSuspended
                0x000000002000055c        0x4 obj/Source/tasks.o
 .bss.uxPendedTicks
                0x0000000020000560        0x4 obj/Source/tasks.o
 .bss.xYieldPending
                0x0000000020000564        0x4 obj/Source/tasks.o
 .bss.xNumOfOverflows
                0x0000000020000568        0x4 obj/Source/tasks.o
 .bss.uxTaskNumber
                0x000000002000056c        0x4 obj/Source/tasks.o
 .bss.ucMaxSysCallPriority
                0x0000000020000570        0x1 obj/Source/portable/GCC/ARM_CM4F/port.o
 *fill*         0x0000000020000571        0x3 
 .bss.ulMaxPRIGROUPValue
                0x0000000020000574        0x4 obj/Source/portable/GCC/ARM_CM4F/port.o
 .bss.xActiveTimerList1
                0x0000000020000578       0x14 obj/Source/timers.o
 .bss.xActiveTimerList2
                0x000000002000058c       0x14 obj/Source/timers.o
 .bss.pxCurrentTimerList
                0x00000000200005a0        0x4 obj/Source/timers.o
 .bss.pxOverflowTimerList
                0x00000000200005a4        0x4 obj/Source/timers.o
 .bss.xTimerQueue
                0x00000000200005a8        0x4 obj/Source/timers.o
 .bss.xLastTime.8311
                0x00000000200005ac        0x4 obj/Source/timers.o
 .bss.ucHeap    0x00000000200005b0    0x12c00 obj/Source/portable/MemMang/heap_4.o
 .bss.xStart    0x00000000200131b0        0x8 obj/Source/portable/MemMang/heap_4.o
 .bss.pxEnd     0x00000000200131b8        0x4 obj/Source/portable/MemMang/heap_4.o
 .bss.xBlockAllocatedBit
                0x00000000200131bc        0x4 obj/Source/portable/MemMang/heap_4.o
 *(COMMON)
 COMMON         0x00000000200131c0      0x1a0 obj/App/STM32F4-Discovery/spi.o
                0x00000000200131c0                bufferTXspi
                0x0000000020013288                bufferRXspi
                0x0000000020013350                bufferRXidx
                0x0000000020013354                dat_lengthRX
                0x0000000020013358                bufferTXidx
                0x000000002001335c                dat_lengthTX
 COMMON         0x0000000020013360      0x198 obj/App/STM32F4-Discovery/usart.o
                0x0000000020013360                bufferTXusart
                0x0000000020013428                xSemaphoreDMAUSARTrx
                0x000000002001342c                bufferRXusart
                0x00000000200134f4                xSemaphoreDMAUSARTtx
                0x00000000200134f8                . = ALIGN (0x4)
                0x00000000200134f8                _ebss = .
                0x00000000200134f8                __bss_end__ = _ebss

._user_heap_stack
                0x00000000200134f8      0x400 load address 0x0000000008018da8
                0x00000000200134f8                . = ALIGN (0x4)
                0x00000000200134f8                PROVIDE (end, .)
                0x00000000200134f8                PROVIDE (_end, .)
                0x00000000200134f8                . = (. + _Min_Heap_Size)
                0x00000000200138f8                . = (. + _Min_Stack_Size)
 *fill*         0x00000000200134f8      0x400 
                0x00000000200138f8                . = ALIGN (0x4)

.memory_b1_text
 *(.mb1text)
 *(.mb1text*)
 *(.mb1rodata)
 *(.mb1rodata*)

/DISCARD/
 libc.a(*)
 libm.a(*)
 libgcc.a(*)

.ARM.attributes
                0x0000000000000000       0x2e
 *(.ARM.attributes)
 .ARM.attributes
                0x0000000000000000       0x22 /Users/maticknap/ARM/gcc-arm-none-eabi-4_8-2014q2/bin/../lib/gcc/arm-none-eabi/4.8.4/armv7e-m/softfp/crti.o
 .ARM.attributes
                0x0000000000000022       0x32 /Users/maticknap/ARM/gcc-arm-none-eabi-4_8-2014q2/bin/../lib/gcc/arm-none-eabi/4.8.4/armv7e-m/softfp/crtbegin.o
 .ARM.attributes
                0x0000000000000054       0x37 obj/App/STM32F4-Discovery/spi.o
 .ARM.attributes
                0x000000000000008b       0x37 obj/App/STM32F4-Discovery/usart.o
 .ARM.attributes
                0x00000000000000c2       0x37 obj/App/STM32F4-Discovery/main.o
 .ARM.attributes
                0x00000000000000f9       0x21 obj/App/STM32F4-Discovery/startup/startup_stm32f4xx.o
 .ARM.attributes
                0x000000000000011a       0x37 obj/App/STM32F4-Discovery/startup/system_stm32f4xx.o
 .ARM.attributes
                0x0000000000000151       0x37 obj/Source/tasks.o
 .ARM.attributes
                0x0000000000000188       0x37 obj/Source/queue.o
 .ARM.attributes
                0x00000000000001bf       0x37 obj/Source/list.o
 .ARM.attributes
                0x00000000000001f6       0x37 obj/Source/portable/GCC/ARM_CM4F/port.o
 .ARM.attributes
                0x000000000000022d       0x37 obj/Source/timers.o
 .ARM.attributes
                0x0000000000000264       0x37 obj/Source/portable/MemMang/heap_4.o
 .ARM.attributes
                0x000000000000029b       0x37 obj/App/STM32F4-Discovery/Libraries/STM32F4xx_StdPeriph_Driver/src/misc.o
 .ARM.attributes
                0x00000000000002d2       0x37 obj/App/STM32F4-Discovery/Libraries/STM32F4xx_StdPeriph_Driver/src/stm32f4xx_crc.o
 .ARM.attributes
                0x0000000000000309       0x37 obj/App/STM32F4-Discovery/Libraries/STM32F4xx_StdPeriph_Driver/src/stm32f4xx_dma.o
 .ARM.attributes
                0x0000000000000340       0x37 obj/App/STM32F4-Discovery/Libraries/STM32F4xx_StdPeriph_Driver/src/stm32f4xx_gpio.o
 .ARM.attributes
                0x0000000000000377       0x37 obj/App/STM32F4-Discovery/Libraries/STM32F4xx_StdPeriph_Driver/src/stm32f4xx_rcc.o
 .ARM.attributes
                0x00000000000003ae       0x37 obj/App/STM32F4-Discovery/Libraries/STM32F4xx_StdPeriph_Driver/src/stm32f4xx_spi.o
 .ARM.attributes
                0x00000000000003e5       0x37 obj/App/STM32F4-Discovery/Libraries/STM32F4xx_StdPeriph_Driver/src/stm32f4xx_usart.o
 .ARM.attributes
                0x000000000000041c       0x32 /Users/maticknap/ARM/gcc-arm-none-eabi-4_8-2014q2/bin/../lib/gcc/arm-none-eabi/4.8.4/../../../../arm-none-eabi/lib/armv7e-m/softfp/libc.a(lib_a-impure.o)
 .ARM.attributes
                0x000000000000044e       0x32 /Users/maticknap/ARM/gcc-arm-none-eabi-4_8-2014q2/bin/../lib/gcc/arm-none-eabi/4.8.4/../../../../arm-none-eabi/lib/armv7e-m/softfp/libc.a(lib_a-init.o)
 .ARM.attributes
                0x0000000000000480       0x32 /Users/maticknap/ARM/gcc-arm-none-eabi-4_8-2014q2/bin/../lib/gcc/arm-none-eabi/4.8.4/../../../../arm-none-eabi/lib/armv7e-m/softfp/libc.a(lib_a-memcmp.o)
 .ARM.attributes
                0x00000000000004b2       0x20 /Users/maticknap/ARM/gcc-arm-none-eabi-4_8-2014q2/bin/../lib/gcc/arm-none-eabi/4.8.4/../../../../arm-none-eabi/lib/armv7e-m/softfp/libc.a(lib_a-memcpy.o)
 .ARM.attributes
                0x00000000000004d2       0x32 /Users/maticknap/ARM/gcc-arm-none-eabi-4_8-2014q2/bin/../lib/gcc/arm-none-eabi/4.8.4/../../../../arm-none-eabi/lib/armv7e-m/softfp/libc.a(lib_a-memset.o)
 .ARM.attributes
                0x0000000000000504       0x32 /Users/maticknap/ARM/gcc-arm-none-eabi-4_8-2014q2/bin/../lib/gcc/arm-none-eabi/4.8.4/../../../../arm-none-eabi/lib/armv7e-m/softfp/libc.a(lib_a-__call_atexit.o)
 .ARM.attributes
                0x0000000000000536       0x32 /Users/maticknap/ARM/gcc-arm-none-eabi-4_8-2014q2/bin/../lib/gcc/arm-none-eabi/4.8.4/../../../../arm-none-eabi/lib/armv7e-m/softfp/libc.a(lib_a-atexit.o)
 .ARM.attributes
                0x0000000000000568       0x32 /Users/maticknap/ARM/gcc-arm-none-eabi-4_8-2014q2/bin/../lib/gcc/arm-none-eabi/4.8.4/../../../../arm-none-eabi/lib/armv7e-m/softfp/libc.a(lib_a-fini.o)
 .ARM.attributes
                0x000000000000059a       0x32 /Users/maticknap/ARM/gcc-arm-none-eabi-4_8-2014q2/bin/../lib/gcc/arm-none-eabi/4.8.4/../../../../arm-none-eabi/lib/armv7e-m/softfp/libc.a(lib_a-__atexit.o)
 .ARM.attributes
                0x00000000000005cc       0x22 /Users/maticknap/ARM/gcc-arm-none-eabi-4_8-2014q2/bin/../lib/gcc/arm-none-eabi/4.8.4/armv7e-m/softfp/crtn.o
OUTPUT(obj/STM32F4_Test.elf elf32-littlearm)

.debug_info     0x0000000000000000     0x8dca
 .debug_info    0x0000000000000000      0xaed obj/App/STM32F4-Discovery/spi.o
 .debug_info    0x0000000000000aed      0xb30 obj/App/STM32F4-Discovery/usart.o
 .debug_info    0x000000000000161d      0x833 obj/App/STM32F4-Discovery/main.o
 .debug_info    0x0000000000001e50      0x625 obj/App/STM32F4-Discovery/startup/system_stm32f4xx.o
 .debug_info    0x0000000000002475     0x1201 obj/Source/tasks.o
 .debug_info    0x0000000000003676      0xc05 obj/Source/queue.o
 .debug_info    0x000000000000427b      0x2d7 obj/Source/list.o
 .debug_info    0x0000000000004552      0x379 obj/Source/portable/GCC/ARM_CM4F/port.o
 .debug_info    0x00000000000048cb      0x78b obj/Source/timers.o
 .debug_info    0x0000000000005056      0x30d obj/Source/portable/MemMang/heap_4.o
 .debug_info    0x0000000000005363      0x5b7 obj/App/STM32F4-Discovery/Libraries/STM32F4xx_StdPeriph_Driver/src/misc.o
 .debug_info    0x000000000000591a      0x23a obj/App/STM32F4-Discovery/Libraries/STM32F4xx_StdPeriph_Driver/src/stm32f4xx_crc.o
 .debug_info    0x0000000000005b54      0x7ea obj/App/STM32F4-Discovery/Libraries/STM32F4xx_StdPeriph_Driver/src/stm32f4xx_dma.o
 .debug_info    0x000000000000633e      0x670 obj/App/STM32F4-Discovery/Libraries/STM32F4xx_StdPeriph_Driver/src/stm32f4xx_gpio.o
 .debug_info    0x00000000000069ae      0xd79 obj/App/STM32F4-Discovery/Libraries/STM32F4xx_StdPeriph_Driver/src/stm32f4xx_rcc.o
 .debug_info    0x0000000000007727      0xc0e obj/App/STM32F4-Discovery/Libraries/STM32F4xx_StdPeriph_Driver/src/stm32f4xx_spi.o
 .debug_info    0x0000000000008335      0xa95 obj/App/STM32F4-Discovery/Libraries/STM32F4xx_StdPeriph_Driver/src/stm32f4xx_usart.o

.debug_abbrev   0x0000000000000000     0x1b27
 .debug_abbrev  0x0000000000000000      0x19b obj/App/STM32F4-Discovery/spi.o
 .debug_abbrev  0x000000000000019b      0x1e6 obj/App/STM32F4-Discovery/usart.o
 .debug_abbrev  0x0000000000000381      0x22f obj/App/STM32F4-Discovery/main.o
 .debug_abbrev  0x00000000000005b0      0x13a obj/App/STM32F4-Discovery/startup/system_stm32f4xx.o
 .debug_abbrev  0x00000000000006ea      0x232 obj/Source/tasks.o
 .debug_abbrev  0x000000000000091c      0x1dc obj/Source/queue.o
 .debug_abbrev  0x0000000000000af8       0xda obj/Source/list.o
 .debug_abbrev  0x0000000000000bd2      0x1e0 obj/Source/portable/GCC/ARM_CM4F/port.o
 .debug_abbrev  0x0000000000000db2      0x188 obj/Source/timers.o
 .debug_abbrev  0x0000000000000f3a      0x1b3 obj/Source/portable/MemMang/heap_4.o
 .debug_abbrev  0x00000000000010ed      0x12b obj/App/STM32F4-Discovery/Libraries/STM32F4xx_StdPeriph_Driver/src/misc.o
 .debug_abbrev  0x0000000000001218      0x118 obj/App/STM32F4-Discovery/Libraries/STM32F4xx_StdPeriph_Driver/src/stm32f4xx_crc.o
 .debug_abbrev  0x0000000000001330      0x173 obj/App/STM32F4-Discovery/Libraries/STM32F4xx_StdPeriph_Driver/src/stm32f4xx_dma.o
 .debug_abbrev  0x00000000000014a3      0x1a7 obj/App/STM32F4-Discovery/Libraries/STM32F4xx_StdPeriph_Driver/src/stm32f4xx_gpio.o
 .debug_abbrev  0x000000000000164a      0x1e5 obj/App/STM32F4-Discovery/Libraries/STM32F4xx_StdPeriph_Driver/src/stm32f4xx_rcc.o
 .debug_abbrev  0x000000000000182f      0x185 obj/App/STM32F4-Discovery/Libraries/STM32F4xx_StdPeriph_Driver/src/stm32f4xx_spi.o
 .debug_abbrev  0x00000000000019b4      0x173 obj/App/STM32F4-Discovery/Libraries/STM32F4xx_StdPeriph_Driver/src/stm32f4xx_usart.o

.debug_loc      0x0000000000000000     0x3b50
 .debug_loc     0x0000000000000000      0x18c obj/App/STM32F4-Discovery/spi.o
 .debug_loc     0x000000000000018c      0x1b6 obj/App/STM32F4-Discovery/usart.o
 .debug_loc     0x0000000000000342      0x25a obj/App/STM32F4-Discovery/main.o
 .debug_loc     0x000000000000059c       0x9c obj/App/STM32F4-Discovery/startup/system_stm32f4xx.o
 .debug_loc     0x0000000000000638      0x900 obj/Source/tasks.o
 .debug_loc     0x0000000000000f38      0x620 obj/Source/queue.o
 .debug_loc     0x0000000000001558      0x118 obj/Source/list.o
 .debug_loc     0x0000000000001670      0x1dc obj/Source/portable/GCC/ARM_CM4F/port.o
 .debug_loc     0x000000000000184c      0x304 obj/Source/timers.o
 .debug_loc     0x0000000000001b50      0x138 obj/Source/portable/MemMang/heap_4.o
 .debug_loc     0x0000000000001c88      0x118 obj/App/STM32F4-Discovery/Libraries/STM32F4xx_StdPeriph_Driver/src/misc.o
 .debug_loc     0x0000000000001da0      0x12c obj/App/STM32F4-Discovery/Libraries/STM32F4xx_StdPeriph_Driver/src/stm32f4xx_crc.o
 .debug_loc     0x0000000000001ecc      0x428 obj/App/STM32F4-Discovery/Libraries/STM32F4xx_StdPeriph_Driver/src/stm32f4xx_dma.o
 .debug_loc     0x00000000000022f4      0x310 obj/App/STM32F4-Discovery/Libraries/STM32F4xx_StdPeriph_Driver/src/stm32f4xx_gpio.o
 .debug_loc     0x0000000000002604      0x97c obj/App/STM32F4-Discovery/Libraries/STM32F4xx_StdPeriph_Driver/src/stm32f4xx_rcc.o
 .debug_loc     0x0000000000002f80      0x578 obj/App/STM32F4-Discovery/Libraries/STM32F4xx_StdPeriph_Driver/src/stm32f4xx_spi.o
 .debug_loc     0x00000000000034f8      0x658 obj/App/STM32F4-Discovery/Libraries/STM32F4xx_StdPeriph_Driver/src/stm32f4xx_usart.o

.debug_aranges  0x0000000000000000      0xa70
 .debug_aranges
                0x0000000000000000       0x50 obj/App/STM32F4-Discovery/spi.o
 .debug_aranges
                0x0000000000000050       0x58 obj/App/STM32F4-Discovery/usart.o
 .debug_aranges
                0x00000000000000a8       0x78 obj/App/STM32F4-Discovery/main.o
 .debug_aranges
                0x0000000000000120       0x30 obj/App/STM32F4-Discovery/startup/system_stm32f4xx.o
 .debug_aranges
                0x0000000000000150      0x168 obj/Source/tasks.o
 .debug_aranges
                0x00000000000002b8       0xf8 obj/Source/queue.o
 .debug_aranges
                0x00000000000003b0       0x40 obj/Source/list.o
 .debug_aranges
                0x00000000000003f0       0x98 obj/Source/portable/GCC/ARM_CM4F/port.o
 .debug_aranges
                0x0000000000000488       0x88 obj/Source/timers.o
 .debug_aranges
                0x0000000000000510       0x48 obj/Source/portable/MemMang/heap_4.o
 .debug_aranges
                0x0000000000000558       0x40 obj/App/STM32F4-Discovery/Libraries/STM32F4xx_StdPeriph_Driver/src/misc.o
 .debug_aranges
                0x0000000000000598       0x48 obj/App/STM32F4-Discovery/Libraries/STM32F4xx_StdPeriph_Driver/src/stm32f4xx_crc.o
 .debug_aranges
                0x00000000000005e0       0xb0 obj/App/STM32F4-Discovery/Libraries/STM32F4xx_StdPeriph_Driver/src/stm32f4xx_dma.o
 .debug_aranges
                0x0000000000000690       0x88 obj/App/STM32F4-Discovery/Libraries/STM32F4xx_StdPeriph_Driver/src/stm32f4xx_gpio.o
 .debug_aranges
                0x0000000000000718      0x178 obj/App/STM32F4-Discovery/Libraries/STM32F4xx_StdPeriph_Driver/src/stm32f4xx_rcc.o
 .debug_aranges
                0x0000000000000890       0xe0 obj/App/STM32F4-Discovery/Libraries/STM32F4xx_StdPeriph_Driver/src/stm32f4xx_spi.o
 .debug_aranges
                0x0000000000000970      0x100 obj/App/STM32F4-Discovery/Libraries/STM32F4xx_StdPeriph_Driver/src/stm32f4xx_usart.o

.debug_ranges   0x0000000000000000      0x960
 .debug_ranges  0x0000000000000000       0x40 obj/App/STM32F4-Discovery/spi.o
 .debug_ranges  0x0000000000000040       0x48 obj/App/STM32F4-Discovery/usart.o
 .debug_ranges  0x0000000000000088       0x68 obj/App/STM32F4-Discovery/main.o
 .debug_ranges  0x00000000000000f0       0x20 obj/App/STM32F4-Discovery/startup/system_stm32f4xx.o
 .debug_ranges  0x0000000000000110      0x158 obj/Source/tasks.o
 .debug_ranges  0x0000000000000268       0xe8 obj/Source/queue.o
 .debug_ranges  0x0000000000000350       0x30 obj/Source/list.o
 .debug_ranges  0x0000000000000380       0x88 obj/Source/portable/GCC/ARM_CM4F/port.o
 .debug_ranges  0x0000000000000408       0x78 obj/Source/timers.o
 .debug_ranges  0x0000000000000480       0x38 obj/Source/portable/MemMang/heap_4.o
 .debug_ranges  0x00000000000004b8       0x30 obj/App/STM32F4-Discovery/Libraries/STM32F4xx_StdPeriph_Driver/src/misc.o
 .debug_ranges  0x00000000000004e8       0x38 obj/App/STM32F4-Discovery/Libraries/STM32F4xx_StdPeriph_Driver/src/stm32f4xx_crc.o
 .debug_ranges  0x0000000000000520       0xa0 obj/App/STM32F4-Discovery/Libraries/STM32F4xx_StdPeriph_Driver/src/stm32f4xx_dma.o
 .debug_ranges  0x00000000000005c0       0x78 obj/App/STM32F4-Discovery/Libraries/STM32F4xx_StdPeriph_Driver/src/stm32f4xx_gpio.o
 .debug_ranges  0x0000000000000638      0x168 obj/App/STM32F4-Discovery/Libraries/STM32F4xx_StdPeriph_Driver/src/stm32f4xx_rcc.o
 .debug_ranges  0x00000000000007a0       0xd0 obj/App/STM32F4-Discovery/Libraries/STM32F4xx_StdPeriph_Driver/src/stm32f4xx_spi.o
 .debug_ranges  0x0000000000000870       0xf0 obj/App/STM32F4-Discovery/Libraries/STM32F4xx_StdPeriph_Driver/src/stm32f4xx_usart.o

.debug_line     0x0000000000000000     0x4c21
 .debug_line    0x0000000000000000      0x409 obj/App/STM32F4-Discovery/spi.o
 .debug_line    0x0000000000000409      0x3bc obj/App/STM32F4-Discovery/usart.o
 .debug_line    0x00000000000007c5      0x342 obj/App/STM32F4-Discovery/main.o
 .debug_line    0x0000000000000b07      0x20f obj/App/STM32F4-Discovery/startup/system_stm32f4xx.o
 .debug_line    0x0000000000000d16      0x962 obj/Source/tasks.o
 .debug_line    0x0000000000001678      0x6c8 obj/Source/queue.o
 .debug_line    0x0000000000001d40      0x1eb obj/Source/list.o
 .debug_line    0x0000000000001f2b      0x32b obj/Source/portable/GCC/ARM_CM4F/port.o
 .debug_line    0x0000000000002256      0x353 obj/Source/timers.o
 .debug_line    0x00000000000025a9      0x279 obj/Source/portable/MemMang/heap_4.o
 .debug_line    0x0000000000002822      0x2a2 obj/App/STM32F4-Discovery/Libraries/STM32F4xx_StdPeriph_Driver/src/misc.o
 .debug_line    0x0000000000002ac4      0x22b obj/App/STM32F4-Discovery/Libraries/STM32F4xx_StdPeriph_Driver/src/stm32f4xx_crc.o
 .debug_line    0x0000000000002cef      0x58d obj/App/STM32F4-Discovery/Libraries/STM32F4xx_StdPeriph_Driver/src/stm32f4xx_dma.o
 .debug_line    0x000000000000327c      0x44d obj/App/STM32F4-Discovery/Libraries/STM32F4xx_StdPeriph_Driver/src/stm32f4xx_gpio.o
 .debug_line    0x00000000000036c9      0x814 obj/App/STM32F4-Discovery/Libraries/STM32F4xx_StdPeriph_Driver/src/stm32f4xx_rcc.o
 .debug_line    0x0000000000003edd      0x655 obj/App/STM32F4-Discovery/Libraries/STM32F4xx_StdPeriph_Driver/src/stm32f4xx_spi.o
 .debug_line    0x0000000000004532      0x6ef obj/App/STM32F4-Discovery/Libraries/STM32F4xx_StdPeriph_Driver/src/stm32f4xx_usart.o

.debug_str      0x0000000000000000     0x39b7
 .debug_str     0x0000000000000000      0xc55 obj/App/STM32F4-Discovery/spi.o
                                        0xcd7 (size before relaxing)
 .debug_str     0x0000000000000c55      0x20d obj/App/STM32F4-Discovery/usart.o
                                        0xd2b (size before relaxing)
 .debug_str     0x0000000000000e62      0x235 obj/App/STM32F4-Discovery/main.o
                                        0xa4f (size before relaxing)
 .debug_str     0x0000000000001097      0x1cf obj/App/STM32F4-Discovery/startup/system_stm32f4xx.o
                                        0x414 (size before relaxing)
 .debug_str     0x0000000000001266      0x964 obj/Source/tasks.o
                                        0xb8b (size before relaxing)
 .debug_str     0x0000000000001bca      0x452 obj/Source/queue.o
                                        0x744 (size before relaxing)
 .debug_str     0x000000000000201c       0x9b obj/Source/list.o
                                        0x2ec (size before relaxing)
 .debug_str     0x00000000000020b7      0x22c obj/Source/portable/GCC/ARM_CM4F/port.o
                                        0x42f (size before relaxing)
 .debug_str     0x00000000000022e3      0x335 obj/Source/timers.o
                                        0x5fa (size before relaxing)
 .debug_str     0x0000000000002618      0x195 obj/Source/portable/MemMang/heap_4.o
                                        0x370 (size before relaxing)
 .debug_str     0x00000000000027ad      0x12f obj/App/STM32F4-Discovery/Libraries/STM32F4xx_StdPeriph_Driver/src/misc.o
                                        0x453 (size before relaxing)
 .debug_str     0x00000000000028dc       0xd6 obj/App/STM32F4-Discovery/Libraries/STM32F4xx_StdPeriph_Driver/src/stm32f4xx_crc.o
                                        0x2d0 (size before relaxing)
 .debug_str     0x00000000000029b2      0x27c obj/App/STM32F4-Discovery/Libraries/STM32F4xx_StdPeriph_Driver/src/stm32f4xx_dma.o
                                        0x5d9 (size before relaxing)
 .debug_str     0x0000000000002c2e      0x199 obj/App/STM32F4-Discovery/Libraries/STM32F4xx_StdPeriph_Driver/src/stm32f4xx_gpio.o
                                        0x528 (size before relaxing)
 .debug_str     0x0000000000002dc7      0x56f obj/App/STM32F4-Discovery/Libraries/STM32F4xx_StdPeriph_Driver/src/stm32f4xx_rcc.o
                                        0x8d5 (size before relaxing)
 .debug_str     0x0000000000003336      0x2e9 obj/App/STM32F4-Discovery/Libraries/STM32F4xx_StdPeriph_Driver/src/stm32f4xx_spi.o
                                        0x70f (size before relaxing)
 .debug_str     0x000000000000361f      0x398 obj/App/STM32F4-Discovery/Libraries/STM32F4xx_StdPeriph_Driver/src/stm32f4xx_usart.o
                                        0x714 (size before relaxing)

.comment        0x0000000000000000       0x70
 .comment       0x0000000000000000       0x70 obj/App/STM32F4-Discovery/spi.o
                                         0x71 (size before relaxing)
 .comment       0x0000000000000000       0x71 obj/App/STM32F4-Discovery/usart.o
 .comment       0x0000000000000000       0x71 obj/App/STM32F4-Discovery/main.o
 .comment       0x0000000000000000       0x71 obj/App/STM32F4-Discovery/startup/system_stm32f4xx.o
 .comment       0x0000000000000000       0x71 obj/Source/tasks.o
 .comment       0x0000000000000000       0x71 obj/Source/queue.o
 .comment       0x0000000000000000       0x71 obj/Source/list.o
 .comment       0x0000000000000000       0x71 obj/Source/portable/GCC/ARM_CM4F/port.o
 .comment       0x0000000000000000       0x71 obj/Source/timers.o
 .comment       0x0000000000000000       0x71 obj/Source/portable/MemMang/heap_4.o
 .comment       0x0000000000000000       0x71 obj/App/STM32F4-Discovery/Libraries/STM32F4xx_StdPeriph_Driver/src/misc.o
 .comment       0x0000000000000000       0x71 obj/App/STM32F4-Discovery/Libraries/STM32F4xx_StdPeriph_Driver/src/stm32f4xx_crc.o
 .comment       0x0000000000000000       0x71 obj/App/STM32F4-Discovery/Libraries/STM32F4xx_StdPeriph_Driver/src/stm32f4xx_dma.o
 .comment       0x0000000000000000       0x71 obj/App/STM32F4-Discovery/Libraries/STM32F4xx_StdPeriph_Driver/src/stm32f4xx_gpio.o
 .comment       0x0000000000000000       0x71 obj/App/STM32F4-Discovery/Libraries/STM32F4xx_StdPeriph_Driver/src/stm32f4xx_rcc.o
 .comment       0x0000000000000000       0x71 obj/App/STM32F4-Discovery/Libraries/STM32F4xx_StdPeriph_Driver/src/stm32f4xx_spi.o
 .comment       0x0000000000000000       0x71 obj/App/STM32F4-Discovery/Libraries/STM32F4xx_StdPeriph_Driver/src/stm32f4xx_usart.o

.debug_frame    0x0000000000000000     0x2478
 .debug_frame   0x0000000000000000       0xf0 obj/App/STM32F4-Discovery/spi.o
 .debug_frame   0x00000000000000f0      0x10c obj/App/STM32F4-Discovery/usart.o
 .debug_frame   0x00000000000001fc      0x170 obj/App/STM32F4-Discovery/main.o
 .debug_frame   0x000000000000036c       0x64 obj/App/STM32F4-Discovery/startup/system_stm32f4xx.o
 .debug_frame   0x00000000000003d0      0x538 obj/Source/tasks.o
 .debug_frame   0x0000000000000908      0x384 obj/Source/queue.o
 .debug_frame   0x0000000000000c8c       0x9c obj/Source/list.o
 .debug_frame   0x0000000000000d28      0x190 obj/Source/portable/GCC/ARM_CM4F/port.o
 .debug_frame   0x0000000000000eb8      0x1c4 obj/Source/timers.o
 .debug_frame   0x000000000000107c       0xc4 obj/Source/portable/MemMang/heap_4.o
 .debug_frame   0x0000000000001140       0xb0 obj/App/STM32F4-Discovery/Libraries/STM32F4xx_StdPeriph_Driver/src/misc.o
 .debug_frame   0x00000000000011f0       0xb8 obj/App/STM32F4-Discovery/Libraries/STM32F4xx_StdPeriph_Driver/src/stm32f4xx_crc.o
 .debug_frame   0x00000000000012a8      0x26c obj/App/STM32F4-Discovery/Libraries/STM32F4xx_StdPeriph_Driver/src/stm32f4xx_dma.o
 .debug_frame   0x0000000000001514      0x1cc obj/App/STM32F4-Discovery/Libraries/STM32F4xx_StdPeriph_Driver/src/stm32f4xx_gpio.o
 .debug_frame   0x00000000000016e0      0x580 obj/App/STM32F4-Discovery/Libraries/STM32F4xx_StdPeriph_Driver/src/stm32f4xx_rcc.o
 .debug_frame   0x0000000000001c60      0x328 obj/App/STM32F4-Discovery/Libraries/STM32F4xx_StdPeriph_Driver/src/stm32f4xx_spi.o
 .debug_frame   0x0000000000001f88      0x3a8 obj/App/STM32F4-Discovery/Libraries/STM32F4xx_StdPeriph_Driver/src/stm32f4xx_usart.o
 .debug_frame   0x0000000000002330       0x2c /Users/maticknap/ARM/gcc-arm-none-eabi-4_8-2014q2/bin/../lib/gcc/arm-none-eabi/4.8.4/../../../../arm-none-eabi/lib/armv7e-m/softfp/libc.a(lib_a-init.o)
 .debug_frame   0x000000000000235c       0x2c /Users/maticknap/ARM/gcc-arm-none-eabi-4_8-2014q2/bin/../lib/gcc/arm-none-eabi/4.8.4/../../../../arm-none-eabi/lib/armv7e-m/softfp/libc.a(lib_a-memcmp.o)
 .debug_frame   0x0000000000002388       0x2c /Users/maticknap/ARM/gcc-arm-none-eabi-4_8-2014q2/bin/../lib/gcc/arm-none-eabi/4.8.4/../../../../arm-none-eabi/lib/armv7e-m/softfp/libc.a(lib_a-memset.o)
 .debug_frame   0x00000000000023b4       0x48 /Users/maticknap/ARM/gcc-arm-none-eabi-4_8-2014q2/bin/../lib/gcc/arm-none-eabi/4.8.4/../../../../arm-none-eabi/lib/armv7e-m/softfp/libc.a(lib_a-__call_atexit.o)
 .debug_frame   0x00000000000023fc       0x20 /Users/maticknap/ARM/gcc-arm-none-eabi-4_8-2014q2/bin/../lib/gcc/arm-none-eabi/4.8.4/../../../../arm-none-eabi/lib/armv7e-m/softfp/libc.a(lib_a-atexit.o)
 .debug_frame   0x000000000000241c       0x2c /Users/maticknap/ARM/gcc-arm-none-eabi-4_8-2014q2/bin/../lib/gcc/arm-none-eabi/4.8.4/../../../../arm-none-eabi/lib/armv7e-m/softfp/libc.a(lib_a-fini.o)
 .debug_frame   0x0000000000002448       0x30 /Users/maticknap/ARM/gcc-arm-none-eabi-4_8-2014q2/bin/../lib/gcc/arm-none-eabi/4.8.4/../../../../arm-none-eabi/lib/armv7e-m/softfp/libc.a(lib_a-__atexit.o)

Cross Reference Table

Symbol                                            File
ADC_AnalogWatchdogCmd                             obj/App/STM32F4-Discovery/Libraries/STM32F4xx_StdPeriph_Driver/src/stm32f4xx_adc.o
ADC_AnalogWatchdogSingleChannelConfig             obj/App/STM32F4-Discovery/Libraries/STM32F4xx_StdPeriph_Driver/src/stm32f4xx_adc.o
ADC_AnalogWatchdogThresholdsConfig                obj/App/STM32F4-Discovery/Libraries/STM32F4xx_StdPeriph_Driver/src/stm32f4xx_adc.o
ADC_AutoInjectedConvCmd                           obj/App/STM32F4-Discovery/Libraries/STM32F4xx_StdPeriph_Driver/src/stm32f4xx_adc.o
ADC_ClearFlag                                     obj/App/STM32F4-Discovery/Libraries/STM32F4xx_StdPeriph_Driver/src/stm32f4xx_adc.o
ADC_ClearITPendingBit                             obj/App/STM32F4-Discovery/Libraries/STM32F4xx_StdPeriph_Driver/src/stm32f4xx_adc.o
ADC_Cmd                                           obj/App/STM32F4-Discovery/Libraries/STM32F4xx_StdPeriph_Driver/src/stm32f4xx_adc.o
ADC_CommonInit                                    obj/App/STM32F4-Discovery/Libraries/STM32F4xx_StdPeriph_Driver/src/stm32f4xx_adc.o
ADC_CommonStructInit                              obj/App/STM32F4-Discovery/Libraries/STM32F4xx_StdPeriph_Driver/src/stm32f4xx_adc.o
ADC_ContinuousModeCmd                             obj/App/STM32F4-Discovery/Libraries/STM32F4xx_StdPeriph_Driver/src/stm32f4xx_adc.o
ADC_DMACmd                                        obj/App/STM32F4-Discovery/Libraries/STM32F4xx_StdPeriph_Driver/src/stm32f4xx_adc.o
ADC_DMARequestAfterLastTransferCmd                obj/App/STM32F4-Discovery/Libraries/STM32F4xx_StdPeriph_Driver/src/stm32f4xx_adc.o
ADC_DeInit                                        obj/App/STM32F4-Discovery/Libraries/STM32F4xx_StdPeriph_Driver/src/stm32f4xx_adc.o
ADC_DiscModeChannelCountConfig                    obj/App/STM32F4-Discovery/Libraries/STM32F4xx_StdPeriph_Driver/src/stm32f4xx_adc.o
ADC_DiscModeCmd                                   obj/App/STM32F4-Discovery/Libraries/STM32F4xx_StdPeriph_Driver/src/stm32f4xx_adc.o
ADC_EOCOnEachRegularChannelCmd                    obj/App/STM32F4-Discovery/Libraries/STM32F4xx_StdPeriph_Driver/src/stm32f4xx_adc.o
ADC_ExternalTrigInjectedConvConfig                obj/App/STM32F4-Discovery/Libraries/STM32F4xx_StdPeriph_Driver/src/stm32f4xx_adc.o
ADC_ExternalTrigInjectedConvEdgeConfig            obj/App/STM32F4-Discovery/Libraries/STM32F4xx_StdPeriph_Driver/src/stm32f4xx_adc.o
ADC_GetConversionValue                            obj/App/STM32F4-Discovery/Libraries/STM32F4xx_StdPeriph_Driver/src/stm32f4xx_adc.o
ADC_GetFlagStatus                                 obj/App/STM32F4-Discovery/Libraries/STM32F4xx_StdPeriph_Driver/src/stm32f4xx_adc.o
ADC_GetITStatus                                   obj/App/STM32F4-Discovery/Libraries/STM32F4xx_StdPeriph_Driver/src/stm32f4xx_adc.o
ADC_GetInjectedConversionValue                    obj/App/STM32F4-Discovery/Libraries/STM32F4xx_StdPeriph_Driver/src/stm32f4xx_adc.o
ADC_GetMultiModeConversionValue                   obj/App/STM32F4-Discovery/Libraries/STM32F4xx_StdPeriph_Driver/src/stm32f4xx_adc.o
ADC_GetSoftwareStartConvStatus                    obj/App/STM32F4-Discovery/Libraries/STM32F4xx_StdPeriph_Driver/src/stm32f4xx_adc.o
ADC_GetSoftwareStartInjectedConvCmdStatus         obj/App/STM32F4-Discovery/Libraries/STM32F4xx_StdPeriph_Driver/src/stm32f4xx_adc.o
ADC_IRQHandler                                    obj/App/STM32F4-Discovery/startup/startup_stm32f4xx.o
ADC_ITConfig                                      obj/App/STM32F4-Discovery/Libraries/STM32F4xx_StdPeriph_Driver/src/stm32f4xx_adc.o
ADC_Init                                          obj/App/STM32F4-Discovery/Libraries/STM32F4xx_StdPeriph_Driver/src/stm32f4xx_adc.o
ADC_InjectedChannelConfig                         obj/App/STM32F4-Discovery/Libraries/STM32F4xx_StdPeriph_Driver/src/stm32f4xx_adc.o
ADC_InjectedDiscModeCmd                           obj/App/STM32F4-Discovery/Libraries/STM32F4xx_StdPeriph_Driver/src/stm32f4xx_adc.o
ADC_InjectedSequencerLengthConfig                 obj/App/STM32F4-Discovery/Libraries/STM32F4xx_StdPeriph_Driver/src/stm32f4xx_adc.o
ADC_MultiModeDMARequestAfterLastTransferCmd       obj/App/STM32F4-Discovery/Libraries/STM32F4xx_StdPeriph_Driver/src/stm32f4xx_adc.o
ADC_RegularChannelConfig                          obj/App/STM32F4-Discovery/Libraries/STM32F4xx_StdPeriph_Driver/src/stm32f4xx_adc.o
ADC_SetInjectedOffset                             obj/App/STM32F4-Discovery/Libraries/STM32F4xx_StdPeriph_Driver/src/stm32f4xx_adc.o
ADC_SoftwareStartConv                             obj/App/STM32F4-Discovery/Libraries/STM32F4xx_StdPeriph_Driver/src/stm32f4xx_adc.o
ADC_SoftwareStartInjectedConv                     obj/App/STM32F4-Discovery/Libraries/STM32F4xx_StdPeriph_Driver/src/stm32f4xx_adc.o
ADC_StructInit                                    obj/App/STM32F4-Discovery/Libraries/STM32F4xx_StdPeriph_Driver/src/stm32f4xx_adc.o
ADC_TempSensorVrefintCmd                          obj/App/STM32F4-Discovery/Libraries/STM32F4xx_StdPeriph_Driver/src/stm32f4xx_adc.o
ADC_VBATCmd                                       obj/App/STM32F4-Discovery/Libraries/STM32F4xx_StdPeriph_Driver/src/stm32f4xx_adc.o
AHBPrescTable                                     obj/App/STM32F4-Discovery/startup/system_stm32f4xx.o
BUTTON_CLK                                        obj/App/STM32F4-Discovery/board/stm32f4_discovery.o
BUTTON_EXTI_LINE                                  obj/App/STM32F4-Discovery/board/stm32f4_discovery.o
BUTTON_IRQn                                       obj/App/STM32F4-Discovery/board/stm32f4_discovery.o
BUTTON_PIN                                        obj/App/STM32F4-Discovery/board/stm32f4_discovery.o
BUTTON_PIN_SOURCE                                 obj/App/STM32F4-Discovery/board/stm32f4_discovery.o
BUTTON_PORT                                       obj/App/STM32F4-Discovery/board/stm32f4_discovery.o
BUTTON_PORT_SOURCE                                obj/App/STM32F4-Discovery/board/stm32f4_discovery.o
BusFault_Handler                                  obj/App/STM32F4-Discovery/startup/startup_stm32f4xx.o
CAN1_RX0_IRQHandler                               obj/App/STM32F4-Discovery/startup/startup_stm32f4xx.o
CAN1_RX1_IRQHandler                               obj/App/STM32F4-Discovery/startup/startup_stm32f4xx.o
CAN1_SCE_IRQHandler                               obj/App/STM32F4-Discovery/startup/startup_stm32f4xx.o
CAN1_TX_IRQHandler                                obj/App/STM32F4-Discovery/startup/startup_stm32f4xx.o
CAN2_RX0_IRQHandler                               obj/App/STM32F4-Discovery/startup/startup_stm32f4xx.o
CAN2_RX1_IRQHandler                               obj/App/STM32F4-Discovery/startup/startup_stm32f4xx.o
CAN2_SCE_IRQHandler                               obj/App/STM32F4-Discovery/startup/startup_stm32f4xx.o
CAN2_TX_IRQHandler                                obj/App/STM32F4-Discovery/startup/startup_stm32f4xx.o
CAN_CancelTransmit                                obj/App/STM32F4-Discovery/Libraries/STM32F4xx_StdPeriph_Driver/src/stm32f4xx_can.o
CAN_ClearFlag                                     obj/App/STM32F4-Discovery/Libraries/STM32F4xx_StdPeriph_Driver/src/stm32f4xx_can.o
CAN_ClearITPendingBit                             obj/App/STM32F4-Discovery/Libraries/STM32F4xx_StdPeriph_Driver/src/stm32f4xx_can.o
CAN_DBGFreeze                                     obj/App/STM32F4-Discovery/Libraries/STM32F4xx_StdPeriph_Driver/src/stm32f4xx_can.o
CAN_DeInit                                        obj/App/STM32F4-Discovery/Libraries/STM32F4xx_StdPeriph_Driver/src/stm32f4xx_can.o
CAN_FIFORelease                                   obj/App/STM32F4-Discovery/Libraries/STM32F4xx_StdPeriph_Driver/src/stm32f4xx_can.o
CAN_FilterInit                                    obj/App/STM32F4-Discovery/Libraries/STM32F4xx_StdPeriph_Driver/src/stm32f4xx_can.o
CAN_GetFlagStatus                                 obj/App/STM32F4-Discovery/Libraries/STM32F4xx_StdPeriph_Driver/src/stm32f4xx_can.o
CAN_GetITStatus                                   obj/App/STM32F4-Discovery/Libraries/STM32F4xx_StdPeriph_Driver/src/stm32f4xx_can.o
CAN_GetLSBTransmitErrorCounter                    obj/App/STM32F4-Discovery/Libraries/STM32F4xx_StdPeriph_Driver/src/stm32f4xx_can.o
CAN_GetLastErrorCode                              obj/App/STM32F4-Discovery/Libraries/STM32F4xx_StdPeriph_Driver/src/stm32f4xx_can.o
CAN_GetReceiveErrorCounter                        obj/App/STM32F4-Discovery/Libraries/STM32F4xx_StdPeriph_Driver/src/stm32f4xx_can.o
CAN_ITConfig                                      obj/App/STM32F4-Discovery/Libraries/STM32F4xx_StdPeriph_Driver/src/stm32f4xx_can.o
CAN_Init                                          obj/App/STM32F4-Discovery/Libraries/STM32F4xx_StdPeriph_Driver/src/stm32f4xx_can.o
CAN_MessagePending                                obj/App/STM32F4-Discovery/Libraries/STM32F4xx_StdPeriph_Driver/src/stm32f4xx_can.o
CAN_OperatingModeRequest                          obj/App/STM32F4-Discovery/Libraries/STM32F4xx_StdPeriph_Driver/src/stm32f4xx_can.o
CAN_Receive                                       obj/App/STM32F4-Discovery/Libraries/STM32F4xx_StdPeriph_Driver/src/stm32f4xx_can.o
CAN_SlaveStartBank                                obj/App/STM32F4-Discovery/Libraries/STM32F4xx_StdPeriph_Driver/src/stm32f4xx_can.o
CAN_Sleep                                         obj/App/STM32F4-Discovery/Libraries/STM32F4xx_StdPeriph_Driver/src/stm32f4xx_can.o
CAN_StructInit                                    obj/App/STM32F4-Discovery/Libraries/STM32F4xx_StdPeriph_Driver/src/stm32f4xx_can.o
CAN_TTComModeCmd                                  obj/App/STM32F4-Discovery/Libraries/STM32F4xx_StdPeriph_Driver/src/stm32f4xx_can.o
CAN_Transmit                                      obj/App/STM32F4-Discovery/Libraries/STM32F4xx_StdPeriph_Driver/src/stm32f4xx_can.o
CAN_TransmitStatus                                obj/App/STM32F4-Discovery/Libraries/STM32F4xx_StdPeriph_Driver/src/stm32f4xx_can.o
CAN_WakeUp                                        obj/App/STM32F4-Discovery/Libraries/STM32F4xx_StdPeriph_Driver/src/stm32f4xx_can.o
CRC_CalcBlockCRC                                  obj/App/STM32F4-Discovery/Libraries/STM32F4xx_StdPeriph_Driver/src/stm32f4xx_crc.o
                                                  obj/App/STM32F4-Discovery/usart.o
CRC_CalcCRC                                       obj/App/STM32F4-Discovery/Libraries/STM32F4xx_StdPeriph_Driver/src/stm32f4xx_crc.o
CRC_GetCRC                                        obj/App/STM32F4-Discovery/Libraries/STM32F4xx_StdPeriph_Driver/src/stm32f4xx_crc.o
CRC_GetIDRegister                                 obj/App/STM32F4-Discovery/Libraries/STM32F4xx_StdPeriph_Driver/src/stm32f4xx_crc.o
CRC_ResetDR                                       obj/App/STM32F4-Discovery/Libraries/STM32F4xx_StdPeriph_Driver/src/stm32f4xx_crc.o
                                                  obj/App/STM32F4-Discovery/usart.o
CRC_SetIDRegister                                 obj/App/STM32F4-Discovery/Libraries/STM32F4xx_StdPeriph_Driver/src/stm32f4xx_crc.o
CRYP_AES_CBC                                      obj/App/STM32F4-Discovery/Libraries/STM32F4xx_StdPeriph_Driver/src/stm32f4xx_cryp_aes.o
CRYP_AES_CTR                                      obj/App/STM32F4-Discovery/Libraries/STM32F4xx_StdPeriph_Driver/src/stm32f4xx_cryp_aes.o
CRYP_AES_ECB                                      obj/App/STM32F4-Discovery/Libraries/STM32F4xx_StdPeriph_Driver/src/stm32f4xx_cryp_aes.o
CRYP_Cmd                                          obj/App/STM32F4-Discovery/Libraries/STM32F4xx_StdPeriph_Driver/src/stm32f4xx_cryp.o
                                                  obj/App/STM32F4-Discovery/Libraries/STM32F4xx_StdPeriph_Driver/src/stm32f4xx_cryp_tdes.o
                                                  obj/App/STM32F4-Discovery/Libraries/STM32F4xx_StdPeriph_Driver/src/stm32f4xx_cryp_des.o
                                                  obj/App/STM32F4-Discovery/Libraries/STM32F4xx_StdPeriph_Driver/src/stm32f4xx_cryp_aes.o
CRYP_DES_CBC                                      obj/App/STM32F4-Discovery/Libraries/STM32F4xx_StdPeriph_Driver/src/stm32f4xx_cryp_des.o
CRYP_DES_ECB                                      obj/App/STM32F4-Discovery/Libraries/STM32F4xx_StdPeriph_Driver/src/stm32f4xx_cryp_des.o
CRYP_DMACmd                                       obj/App/STM32F4-Discovery/Libraries/STM32F4xx_StdPeriph_Driver/src/stm32f4xx_cryp.o
CRYP_DataIn                                       obj/App/STM32F4-Discovery/Libraries/STM32F4xx_StdPeriph_Driver/src/stm32f4xx_cryp.o
                                                  obj/App/STM32F4-Discovery/Libraries/STM32F4xx_StdPeriph_Driver/src/stm32f4xx_cryp_tdes.o
                                                  obj/App/STM32F4-Discovery/Libraries/STM32F4xx_StdPeriph_Driver/src/stm32f4xx_cryp_des.o
                                                  obj/App/STM32F4-Discovery/Libraries/STM32F4xx_StdPeriph_Driver/src/stm32f4xx_cryp_aes.o
CRYP_DataOut                                      obj/App/STM32F4-Discovery/Libraries/STM32F4xx_StdPeriph_Driver/src/stm32f4xx_cryp.o
                                                  obj/App/STM32F4-Discovery/Libraries/STM32F4xx_StdPeriph_Driver/src/stm32f4xx_cryp_tdes.o
                                                  obj/App/STM32F4-Discovery/Libraries/STM32F4xx_StdPeriph_Driver/src/stm32f4xx_cryp_des.o
                                                  obj/App/STM32F4-Discovery/Libraries/STM32F4xx_StdPeriph_Driver/src/stm32f4xx_cryp_aes.o
CRYP_DeInit                                       obj/App/STM32F4-Discovery/Libraries/STM32F4xx_StdPeriph_Driver/src/stm32f4xx_cryp.o
CRYP_FIFOFlush                                    obj/App/STM32F4-Discovery/Libraries/STM32F4xx_StdPeriph_Driver/src/stm32f4xx_cryp.o
                                                  obj/App/STM32F4-Discovery/Libraries/STM32F4xx_StdPeriph_Driver/src/stm32f4xx_cryp_tdes.o
                                                  obj/App/STM32F4-Discovery/Libraries/STM32F4xx_StdPeriph_Driver/src/stm32f4xx_cryp_des.o
                                                  obj/App/STM32F4-Discovery/Libraries/STM32F4xx_StdPeriph_Driver/src/stm32f4xx_cryp_aes.o
CRYP_GetFlagStatus                                obj/App/STM32F4-Discovery/Libraries/STM32F4xx_StdPeriph_Driver/src/stm32f4xx_cryp.o
                                                  obj/App/STM32F4-Discovery/Libraries/STM32F4xx_StdPeriph_Driver/src/stm32f4xx_cryp_tdes.o
                                                  obj/App/STM32F4-Discovery/Libraries/STM32F4xx_StdPeriph_Driver/src/stm32f4xx_cryp_des.o
                                                  obj/App/STM32F4-Discovery/Libraries/STM32F4xx_StdPeriph_Driver/src/stm32f4xx_cryp_aes.o
CRYP_GetITStatus                                  obj/App/STM32F4-Discovery/Libraries/STM32F4xx_StdPeriph_Driver/src/stm32f4xx_cryp.o
CRYP_IRQHandler                                   obj/App/STM32F4-Discovery/startup/startup_stm32f4xx.o
CRYP_ITConfig                                     obj/App/STM32F4-Discovery/Libraries/STM32F4xx_StdPeriph_Driver/src/stm32f4xx_cryp.o
CRYP_IVInit                                       obj/App/STM32F4-Discovery/Libraries/STM32F4xx_StdPeriph_Driver/src/stm32f4xx_cryp.o
                                                  obj/App/STM32F4-Discovery/Libraries/STM32F4xx_StdPeriph_Driver/src/stm32f4xx_cryp_tdes.o
                                                  obj/App/STM32F4-Discovery/Libraries/STM32F4xx_StdPeriph_Driver/src/stm32f4xx_cryp_des.o
                                                  obj/App/STM32F4-Discovery/Libraries/STM32F4xx_StdPeriph_Driver/src/stm32f4xx_cryp_aes.o
CRYP_IVStructInit                                 obj/App/STM32F4-Discovery/Libraries/STM32F4xx_StdPeriph_Driver/src/stm32f4xx_cryp.o
CRYP_Init                                         obj/App/STM32F4-Discovery/Libraries/STM32F4xx_StdPeriph_Driver/src/stm32f4xx_cryp.o
                                                  obj/App/STM32F4-Discovery/Libraries/STM32F4xx_StdPeriph_Driver/src/stm32f4xx_cryp_tdes.o
                                                  obj/App/STM32F4-Discovery/Libraries/STM32F4xx_StdPeriph_Driver/src/stm32f4xx_cryp_des.o
                                                  obj/App/STM32F4-Discovery/Libraries/STM32F4xx_StdPeriph_Driver/src/stm32f4xx_cryp_aes.o
CRYP_KeyInit                                      obj/App/STM32F4-Discovery/Libraries/STM32F4xx_StdPeriph_Driver/src/stm32f4xx_cryp.o
                                                  obj/App/STM32F4-Discovery/Libraries/STM32F4xx_StdPeriph_Driver/src/stm32f4xx_cryp_tdes.o
                                                  obj/App/STM32F4-Discovery/Libraries/STM32F4xx_StdPeriph_Driver/src/stm32f4xx_cryp_des.o
                                                  obj/App/STM32F4-Discovery/Libraries/STM32F4xx_StdPeriph_Driver/src/stm32f4xx_cryp_aes.o
CRYP_KeyStructInit                                obj/App/STM32F4-Discovery/Libraries/STM32F4xx_StdPeriph_Driver/src/stm32f4xx_cryp.o
                                                  obj/App/STM32F4-Discovery/Libraries/STM32F4xx_StdPeriph_Driver/src/stm32f4xx_cryp_tdes.o
                                                  obj/App/STM32F4-Discovery/Libraries/STM32F4xx_StdPeriph_Driver/src/stm32f4xx_cryp_des.o
                                                  obj/App/STM32F4-Discovery/Libraries/STM32F4xx_StdPeriph_Driver/src/stm32f4xx_cryp_aes.o
CRYP_RestoreContext                               obj/App/STM32F4-Discovery/Libraries/STM32F4xx_StdPeriph_Driver/src/stm32f4xx_cryp.o
CRYP_SaveContext                                  obj/App/STM32F4-Discovery/Libraries/STM32F4xx_StdPeriph_Driver/src/stm32f4xx_cryp.o
CRYP_StructInit                                   obj/App/STM32F4-Discovery/Libraries/STM32F4xx_StdPeriph_Driver/src/stm32f4xx_cryp.o
CRYP_TDES_CBC                                     obj/App/STM32F4-Discovery/Libraries/STM32F4xx_StdPeriph_Driver/src/stm32f4xx_cryp_tdes.o
CRYP_TDES_ECB                                     obj/App/STM32F4-Discovery/Libraries/STM32F4xx_StdPeriph_Driver/src/stm32f4xx_cryp_tdes.o
DAC_ClearFlag                                     obj/App/STM32F4-Discovery/Libraries/STM32F4xx_StdPeriph_Driver/src/stm32f4xx_dac.o
DAC_ClearITPendingBit                             obj/App/STM32F4-Discovery/Libraries/STM32F4xx_StdPeriph_Driver/src/stm32f4xx_dac.o
DAC_Cmd                                           obj/App/STM32F4-Discovery/Libraries/STM32F4xx_StdPeriph_Driver/src/stm32f4xx_dac.o
DAC_DMACmd                                        obj/App/STM32F4-Discovery/Libraries/STM32F4xx_StdPeriph_Driver/src/stm32f4xx_dac.o
DAC_DeInit                                        obj/App/STM32F4-Discovery/Libraries/STM32F4xx_StdPeriph_Driver/src/stm32f4xx_dac.o
DAC_DualSoftwareTriggerCmd                        obj/App/STM32F4-Discovery/Libraries/STM32F4xx_StdPeriph_Driver/src/stm32f4xx_dac.o
DAC_GetDataOutputValue                            obj/App/STM32F4-Discovery/Libraries/STM32F4xx_StdPeriph_Driver/src/stm32f4xx_dac.o
DAC_GetFlagStatus                                 obj/App/STM32F4-Discovery/Libraries/STM32F4xx_StdPeriph_Driver/src/stm32f4xx_dac.o
DAC_GetITStatus                                   obj/App/STM32F4-Discovery/Libraries/STM32F4xx_StdPeriph_Driver/src/stm32f4xx_dac.o
DAC_ITConfig                                      obj/App/STM32F4-Discovery/Libraries/STM32F4xx_StdPeriph_Driver/src/stm32f4xx_dac.o
DAC_Init                                          obj/App/STM32F4-Discovery/Libraries/STM32F4xx_StdPeriph_Driver/src/stm32f4xx_dac.o
DAC_SetChannel1Data                               obj/App/STM32F4-Discovery/Libraries/STM32F4xx_StdPeriph_Driver/src/stm32f4xx_dac.o
DAC_SetChannel2Data                               obj/App/STM32F4-Discovery/Libraries/STM32F4xx_StdPeriph_Driver/src/stm32f4xx_dac.o
DAC_SetDualChannelData                            obj/App/STM32F4-Discovery/Libraries/STM32F4xx_StdPeriph_Driver/src/stm32f4xx_dac.o
DAC_SoftwareTriggerCmd                            obj/App/STM32F4-Discovery/Libraries/STM32F4xx_StdPeriph_Driver/src/stm32f4xx_dac.o
DAC_StructInit                                    obj/App/STM32F4-Discovery/Libraries/STM32F4xx_StdPeriph_Driver/src/stm32f4xx_dac.o
DAC_WaveGenerationCmd                             obj/App/STM32F4-Discovery/Libraries/STM32F4xx_StdPeriph_Driver/src/stm32f4xx_dac.o
DBGMCU_APB1PeriphConfig                           obj/App/STM32F4-Discovery/Libraries/STM32F4xx_StdPeriph_Driver/src/stm32f4xx_dbgmcu.o
DBGMCU_APB2PeriphConfig                           obj/App/STM32F4-Discovery/Libraries/STM32F4xx_StdPeriph_Driver/src/stm32f4xx_dbgmcu.o
DBGMCU_Config                                     obj/App/STM32F4-Discovery/Libraries/STM32F4xx_StdPeriph_Driver/src/stm32f4xx_dbgmcu.o
DBGMCU_GetDEVID                                   obj/App/STM32F4-Discovery/Libraries/STM32F4xx_StdPeriph_Driver/src/stm32f4xx_dbgmcu.o
DBGMCU_GetREVID                                   obj/App/STM32F4-Discovery/Libraries/STM32F4xx_StdPeriph_Driver/src/stm32f4xx_dbgmcu.o
DCMI_CROPCmd                                      obj/App/STM32F4-Discovery/Libraries/STM32F4xx_StdPeriph_Driver/src/stm32f4xx_dcmi.o
DCMI_CROPConfig                                   obj/App/STM32F4-Discovery/Libraries/STM32F4xx_StdPeriph_Driver/src/stm32f4xx_dcmi.o
DCMI_CaptureCmd                                   obj/App/STM32F4-Discovery/Libraries/STM32F4xx_StdPeriph_Driver/src/stm32f4xx_dcmi.o
DCMI_ClearFlag                                    obj/App/STM32F4-Discovery/Libraries/STM32F4xx_StdPeriph_Driver/src/stm32f4xx_dcmi.o
DCMI_ClearITPendingBit                            obj/App/STM32F4-Discovery/Libraries/STM32F4xx_StdPeriph_Driver/src/stm32f4xx_dcmi.o
DCMI_Cmd                                          obj/App/STM32F4-Discovery/Libraries/STM32F4xx_StdPeriph_Driver/src/stm32f4xx_dcmi.o
DCMI_DeInit                                       obj/App/STM32F4-Discovery/Libraries/STM32F4xx_StdPeriph_Driver/src/stm32f4xx_dcmi.o
DCMI_GetFlagStatus                                obj/App/STM32F4-Discovery/Libraries/STM32F4xx_StdPeriph_Driver/src/stm32f4xx_dcmi.o
DCMI_GetITStatus                                  obj/App/STM32F4-Discovery/Libraries/STM32F4xx_StdPeriph_Driver/src/stm32f4xx_dcmi.o
DCMI_IRQHandler                                   obj/App/STM32F4-Discovery/startup/startup_stm32f4xx.o
DCMI_ITConfig                                     obj/App/STM32F4-Discovery/Libraries/STM32F4xx_StdPeriph_Driver/src/stm32f4xx_dcmi.o
DCMI_Init                                         obj/App/STM32F4-Discovery/Libraries/STM32F4xx_StdPeriph_Driver/src/stm32f4xx_dcmi.o
DCMI_JPEGCmd                                      obj/App/STM32F4-Discovery/Libraries/STM32F4xx_StdPeriph_Driver/src/stm32f4xx_dcmi.o
DCMI_ReadData                                     obj/App/STM32F4-Discovery/Libraries/STM32F4xx_StdPeriph_Driver/src/stm32f4xx_dcmi.o
DCMI_SetEmbeddedSynchroCodes                      obj/App/STM32F4-Discovery/Libraries/STM32F4xx_StdPeriph_Driver/src/stm32f4xx_dcmi.o
DCMI_StructInit                                   obj/App/STM32F4-Discovery/Libraries/STM32F4xx_StdPeriph_Driver/src/stm32f4xx_dcmi.o
DMA1_Stream0_IRQHandler                           obj/App/STM32F4-Discovery/startup/startup_stm32f4xx.o
DMA1_Stream1_IRQHandler                           obj/App/STM32F4-Discovery/startup/startup_stm32f4xx.o
DMA1_Stream2_IRQHandler                           obj/App/STM32F4-Discovery/startup/startup_stm32f4xx.o
DMA1_Stream3_IRQHandler                           obj/App/STM32F4-Discovery/spi.o
DMA1_Stream4_IRQHandler                           obj/App/STM32F4-Discovery/spi.o
DMA1_Stream5_IRQHandler                           obj/App/STM32F4-Discovery/startup/startup_stm32f4xx.o
DMA1_Stream6_IRQHandler                           obj/App/STM32F4-Discovery/startup/startup_stm32f4xx.o
DMA1_Stream7_IRQHandler                           obj/App/STM32F4-Discovery/startup/startup_stm32f4xx.o
DMA2_Stream0_IRQHandler                           obj/App/STM32F4-Discovery/startup/startup_stm32f4xx.o
DMA2_Stream1_IRQHandler                           obj/App/STM32F4-Discovery/startup/startup_stm32f4xx.o
DMA2_Stream2_IRQHandler                           obj/App/STM32F4-Discovery/spi.o
DMA2_Stream3_IRQHandler                           obj/App/STM32F4-Discovery/spi.o
DMA2_Stream4_IRQHandler                           obj/App/STM32F4-Discovery/startup/startup_stm32f4xx.o
DMA2_Stream5_IRQHandler                           obj/App/STM32F4-Discovery/usart.o
DMA2_Stream6_IRQHandler                           obj/App/STM32F4-Discovery/startup/startup_stm32f4xx.o
DMA2_Stream7_IRQHandler                           obj/App/STM32F4-Discovery/usart.o
DMA_ClearFlag                                     obj/App/STM32F4-Discovery/Libraries/STM32F4xx_StdPeriph_Driver/src/stm32f4xx_dma.o
DMA_ClearITPendingBit                             obj/App/STM32F4-Discovery/Libraries/STM32F4xx_StdPeriph_Driver/src/stm32f4xx_dma.o
                                                  obj/App/STM32F4-Discovery/usart.o
                                                  obj/App/STM32F4-Discovery/spi.o